Archive member included because of file (symbol)

c:/program files (x86)/emblocks/2.30/share/em_armgcc/bin/../lib/gcc/arm-none-eabi/4.7.3/armv7e-m/fpu\libgcc.a(_arm_addsubdf3.o)
                              obj\release\board\interapt.o (__aeabi_dsub)
c:/program files (x86)/emblocks/2.30/share/em_armgcc/bin/../lib/gcc/arm-none-eabi/4.7.3/armv7e-m/fpu\libgcc.a(_arm_muldivdf3.o)
                              obj\release\board\board.o (__aeabi_dmul)
c:/program files (x86)/emblocks/2.30/share/em_armgcc/bin/../lib/gcc/arm-none-eabi/4.7.3/armv7e-m/fpu\libgcc.a(_arm_cmpdf2.o)
                              obj\release\board\interapt.o (__aeabi_dcmple)
c:/program files (x86)/emblocks/2.30/share/em_armgcc/bin/../lib/gcc/arm-none-eabi/4.7.3/armv7e-m/fpu\libgcc.a(_arm_fixdfsi.o)
                              obj\release\board\board.o (__aeabi_d2iz)
c:/program files (x86)/emblocks/2.30/share/em_armgcc/bin/../lib/gcc/arm-none-eabi/4.7.3/armv7e-m/fpu\libgcc.a(_arm_fixunsdfsi.o)
                              obj\release\robot\dynamixel_control.o (__aeabi_d2uiz)
c:/program files (x86)/emblocks/2.30/share/em_armgcc/bin/../lib/gcc/arm-none-eabi/4.7.3/armv7e-m/fpu\libgcc.a(_arm_truncdfsf2.o)
                              obj\release\board\interapt.o (__aeabi_d2f)
c:/program files (x86)/emblocks/2.30/share/em_armgcc/bin/../lib/gcc/arm-none-eabi/4.7.3/../../../../arm-none-eabi/lib/armv7e-m/fpu\libc_f.a(lib_a-exit.o)
                              c:/program files (x86)/emblocks/2.30/share/em_armgcc/bin/../lib/gcc/arm-none-eabi/4.7.3/../../../../arm-none-eabi/lib/armv7e-m/fpu/crt0.o (exit)
c:/program files (x86)/emblocks/2.30/share/em_armgcc/bin/../lib/gcc/arm-none-eabi/4.7.3/../../../../arm-none-eabi/lib/armv7e-m/fpu\libc_f.a(lib_a-impure.o)
                              c:/program files (x86)/emblocks/2.30/share/em_armgcc/bin/../lib/gcc/arm-none-eabi/4.7.3/../../../../arm-none-eabi/lib/armv7e-m/fpu\libc_f.a(lib_a-exit.o) (_global_impure_ptr)
c:/program files (x86)/emblocks/2.30/share/em_armgcc/bin/../lib/gcc/arm-none-eabi/4.7.3/../../../../arm-none-eabi/lib/armv7e-m/fpu\libc_f.a(lib_a-init.o)
                              c:/program files (x86)/emblocks/2.30/share/em_armgcc/bin/../lib/gcc/arm-none-eabi/4.7.3/../../../../arm-none-eabi/lib/armv7e-m/fpu/crt0.o (__libc_init_array)
c:/program files (x86)/emblocks/2.30/share/em_armgcc/bin/../lib/gcc/arm-none-eabi/4.7.3/../../../../arm-none-eabi/lib/armv7e-m/fpu\libc_f.a(lib_a-memcpy.o)
                              obj\release\robot\communication.o (memcpy)
c:/program files (x86)/emblocks/2.30/share/em_armgcc/bin/../lib/gcc/arm-none-eabi/4.7.3/../../../../arm-none-eabi/lib/armv7e-m/fpu\libc_f.a(lib_a-memset.o)
                              c:/program files (x86)/emblocks/2.30/share/em_armgcc/bin/../lib/gcc/arm-none-eabi/4.7.3/../../../../arm-none-eabi/lib/armv7e-m/fpu/crt0.o (memset)
c:/program files (x86)/emblocks/2.30/share/em_armgcc/bin/../lib/gcc/arm-none-eabi/4.7.3/../../../../arm-none-eabi/lib/armv7e-m/fpu\libc_f.a(lib_a-putchar.o)
                              obj\release\board\usart.o (putchar)
c:/program files (x86)/emblocks/2.30/share/em_armgcc/bin/../lib/gcc/arm-none-eabi/4.7.3/../../../../arm-none-eabi/lib/armv7e-m/fpu\libc_f.a(lib_a-snprintf.o)
                              obj\release\robot\robot.o (snprintf)
c:/program files (x86)/emblocks/2.30/share/em_armgcc/bin/../lib/gcc/arm-none-eabi/4.7.3/../../../../arm-none-eabi/lib/armv7e-m/fpu\libc_f.a(lib_a-strlen.o)
                              obj\release\robot\robot.o (strlen)
c:/program files (x86)/emblocks/2.30/share/em_armgcc/bin/../lib/gcc/arm-none-eabi/4.7.3/../../../../arm-none-eabi/lib/armv7e-m/fpu\libc_f.a(lib_a-svfprintf.o)
                              c:/program files (x86)/emblocks/2.30/share/em_armgcc/bin/../lib/gcc/arm-none-eabi/4.7.3/../../../../arm-none-eabi/lib/armv7e-m/fpu\libc_f.a(lib_a-snprintf.o) (_svfprintf_r)
c:/program files (x86)/emblocks/2.30/share/em_armgcc/bin/../lib/gcc/arm-none-eabi/4.7.3/../../../../arm-none-eabi/lib/armv7e-m/fpu\libc_f.a(lib_a-__call_atexit.o)
                              c:/program files (x86)/emblocks/2.30/share/em_armgcc/bin/../lib/gcc/arm-none-eabi/4.7.3/../../../../arm-none-eabi/lib/armv7e-m/fpu\libc_f.a(lib_a-exit.o) (__call_exitprocs)
c:/program files (x86)/emblocks/2.30/share/em_armgcc/bin/../lib/gcc/arm-none-eabi/4.7.3/../../../../arm-none-eabi/lib/armv7e-m/fpu\libc_f.a(lib_a-atexit.o)
                              c:/program files (x86)/emblocks/2.30/share/em_armgcc/bin/../lib/gcc/arm-none-eabi/4.7.3/../../../../arm-none-eabi/lib/armv7e-m/fpu\libc_f.a(lib_a-__call_atexit.o) (atexit)
c:/program files (x86)/emblocks/2.30/share/em_armgcc/bin/../lib/gcc/arm-none-eabi/4.7.3/../../../../arm-none-eabi/lib/armv7e-m/fpu\libc_f.a(lib_a-dtoa.o)
                              c:/program files (x86)/emblocks/2.30/share/em_armgcc/bin/../lib/gcc/arm-none-eabi/4.7.3/../../../../arm-none-eabi/lib/armv7e-m/fpu\libc_f.a(lib_a-svfprintf.o) (_dtoa_r)
[...]
Memory Configuration

Name             Origin             Length             Attributes
ROM              0x08000000         0x00100000         xr
RAM              0x20000000         0x00020000         xrw
CCRAM            0x10000000         0x00010000         xrw
*default*        0x00000000         0xffffffff

Linker script and memory map

LOAD c:/program files (x86)/emblocks/2.30/share/em_armgcc/bin/../lib/gcc/arm-none-eabi/4.7.3/armv7e-m/fpu/crti.o
LOAD c:/program files (x86)/emblocks/2.30/share/em_armgcc/bin/../lib/gcc/arm-none-eabi/4.7.3/armv7e-m/fpu/crtbegin.o
LOAD c:/program files (x86)/emblocks/2.30/share/em_armgcc/bin/../lib/gcc/arm-none-eabi/4.7.3/../../../../arm-none-eabi/lib/armv7e-m/fpu/crt0.o
                0x00000000                __HEAP_SIZE = 0x0
                0x00000100                __STACK_SIZE = 0x100

.text           0x08000000     0xef88
 *(.isr_vector)
 .isr_vector    0x08000000      0x188 obj\release\src\startup_stm32f4xx.o
                0x08000000                __isr_vector
 *(.text*)
 .text          0x08000188       0x54 c:/program files (x86)/emblocks/2.30/share/em_armgcc/bin/../lib/gcc/arm-none-eabi/4.7.3/armv7e-m/fpu/crtbegin.o
 .text          0x080001dc       0x74 c:/program files (x86)/emblocks/2.30/share/em_armgcc/bin/../lib/gcc/arm-none-eabi/4.7.3/../../../../arm-none-eabi/lib/armv7e-m/fpu/crt0.o
                0x080001dc                _start
                0x080001dc                _mainCRTStartup
 .text.ADC_Configuration_new
                0x08000250       0xd8 obj\release\board\adc.o
                0x08000250                ADC_Configuration_new
 .text.DMA_Configuration_new
                0x08000328       0xa0 obj\release\board\dma.o
                0x08000328                DMA_Configuration_new
 .text.pidCalc1
                0x080003c8      0x1f0 obj\release\board\pid.o
                0x080003c8                pidCalc1
 .text.pidLowLevel1
                0x080005b8       0xe4 obj\release\board\pid.o
                0x080005b8                pidLowLevel1
 .text.initRegulators1
                0x0800069c      0x130 obj\release\board\pid.o
                0x0800069c                initRegulators1
 .text.encodersInit
                0x080007cc      0x15c obj\release\board\encoders.o
                0x080007cc                encodersInit
 .text.encodersReset
                0x08000928       0x84 obj\release\board\encoders.o
                0x08000928                encodersReset
 .text.encodersRead
                0x080009ac      0x1e8 obj\release\board\encoders.o
                0x080009ac                encodersRead
 .text.Inithall
                0x08000b94      0x180 obj\release\board\hall.o
                0x08000b94                Inithall
 .text.USART2_IRQHandler
                0x08000d14      0x1f0 obj\release\board\interapt.o
                0x08000d14                USART2_IRQHandler
 .text.USART6_IRQHandler
                0x08000f04      0x1e8 obj\release\board\interapt.o
                0x08000f04                USART6_IRQHandler
 .text.DMA2_Stream0_IRQHandler
                0x080010ec       0x64 obj\release\board\interapt.o
                0x080010ec                DMA2_Stream0_IRQHandler
 .text.TIM6_DAC_IRQHandler
                0x08001150      0x148 obj\release\board\interapt.o
                0x08001150                TIM6_DAC_IRQHandler
 .text.TIM7_IRQHandler
                0x08001298       0x2c obj\release\board\interapt.o
                0x08001298                TIM7_IRQHandler
 .text.TIM2_IRQHandler
                0x080012c4       0x24 obj\release\board\interapt.o
                0x080012c4                TIM2_IRQHandler
 .text.rotateMe
                0x080012e8      0x100 obj\release\board\interapt.o
                0x080012e8                rotateMe
 .text.GoForward
                0x080013e8       0x98 obj\release\board\interapt.o
                0x080013e8                GoForward
 .text.checkposition
                0x08001480      0x6a0 obj\release\board\interapt.o
                0x08001480                checkposition
 .text.TIM6_Config
                0x08001b20       0x94 obj\release\board\tim.o
                0x08001b20                TIM6_Config
 .text.TIM7_Config
                0x08001bb4       0x94 obj\release\board\tim.o
                0x08001bb4                TIM7_Config
 .text.NVIC_EnableIRQ
                0x08001c48       0x38 obj\release\board\usart.o
 .text.init_USART2_1
                0x08001c80      0x118 obj\release\board\usart.o
                0x08001c80                init_USART2_1
 .text.init_USART6_1
                0x08001d98      0x118 obj\release\board\usart.o
                0x08001d98                init_USART6_1
 .text.packetCheck
                0x08001eb0       0x5c obj\release\board\usart.o
                0x08001eb0                packetCheck
 .text.DMA1_Stream5_IRQHandler
                0x08001f0c       0x18 obj\release\board\usart.o
                0x08001f0c                DMA1_Stream5_IRQHandler
 .text.configUsart1TXDMA
                0x08001f24      0x148 obj\release\board\usart.o
                0x08001f24                configUsart1TXDMA
 .text.configUsart1RXDMA
                0x0800206c      0x114 obj\release\board\usart.o
                0x0800206c                configUsart1RXDMA
 .text.DMA1_Stream3_IRQHandler
                0x08002180      0x324 obj\release\board\usart.o
                0x08002180                DMA1_Stream3_IRQHandler
 .text.DMA2_Stream2_IRQHandler
                0x080024a4      0x11c obj\release\board\usart.o
                0x080024a4                DMA2_Stream2_IRQHandler
 .text.USART1_IRQHandler
                0x080025c0      0x140 obj\release\board\usart.o
                0x080025c0                USART1_IRQHandler
 .text.usbd_cdc_Init
                0x08002700       0x94 obj\release\library\cdc\src\usbd_cdc_core.o
                0x08002700                usbd_cdc_Init
 .text.usbd_cdc_DeInit
                0x08002794       0x44 obj\release\library\cdc\src\usbd_cdc_core.o
                0x08002794                usbd_cdc_DeInit
 .text.usbd_cdc_Setup
                0x080027d8      0x130 obj\release\library\cdc\src\usbd_cdc_core.o
                0x080027d8                usbd_cdc_Setup
 .text.usbd_cdc_EP0_RxReady
                0x08002908       0x60 obj\release\library\cdc\src\usbd_cdc_core.o
                0x08002908                usbd_cdc_EP0_RxReady
 .text.usbd_cdc_DataIn
                0x08002968      0x140 obj\release\library\cdc\src\usbd_cdc_core.o
                0x08002968                usbd_cdc_DataIn
 .text.usbd_cdc_DataOut
                0x08002aa8       0x64 obj\release\library\cdc\src\usbd_cdc_core.o
                0x08002aa8                usbd_cdc_DataOut
 .text.usbd_cdc_SOF
                0x08002b0c       0x50 obj\release\library\cdc\src\usbd_cdc_core.o
                0x08002b0c                usbd_cdc_SOF
 .text.Handle_USBAsynchXfer
                0x08002b5c      0x19c obj\release\library\cdc\src\usbd_cdc_core.o
 .text.USBD_cdc_GetCfgDesc
                0x08002cf8       0x28 obj\release\library\cdc\src\usbd_cdc_core.o
 .text.USB_OTG_EnableCommonInt
                0x08002d20       0x44 obj\release\library\core\src\usb_core.o
 .text.USB_OTG_CoreReset
                0x08002d64       0xa8 obj\release\library\core\src\usb_core.o
 .text.USB_OTG_WritePacket
                0x08002e0c       0x88 obj\release\library\core\src\usb_core.o
                0x08002e0c                USB_OTG_WritePacket
 .text.USB_OTG_ReadPacket
                0x08002e94       0x68 obj\release\library\core\src\usb_core.o
                0x08002e94                USB_OTG_ReadPacket
 .text.USB_OTG_SelectCore
                0x08002efc      0x1b4 obj\release\library\core\src\usb_core.o
                0x08002efc                USB_OTG_SelectCore
 .text.USB_OTG_CoreInit
                0x080030b0      0x148 obj\release\library\core\src\usb_core.o
                0x080030b0                USB_OTG_CoreInit
 .text.USB_OTG_EnableGlobalInt
                0x080031f8       0x3c obj\release\library\core\src\usb_core.o
                0x080031f8                USB_OTG_EnableGlobalInt
 .text.USB_OTG_DisableGlobalInt
                0x08003234       0x40 obj\release\library\core\src\usb_core.o
                0x08003234                USB_OTG_DisableGlobalInt
 .text.USB_OTG_FlushTxFifo
                0x08003274       0x80 obj\release\library\core\src\usb_core.o
                0x08003274                USB_OTG_FlushTxFifo
 .text.USB_OTG_FlushRxFifo
                0x080032f4       0x6c obj\release\library\core\src\usb_core.o
                0x080032f4                USB_OTG_FlushRxFifo
 .text.USB_OTG_SetCurrentMode
                0x08003360       0x64 obj\release\library\core\src\usb_core.o
                0x08003360                USB_OTG_SetCurrentMode
 .text.USB_OTG_GetMode
                0x080033c4       0x20 obj\release\library\core\src\usb_core.o
                0x080033c4                USB_OTG_GetMode
 .text.USB_OTG_IsDeviceMode
                0x080033e4       0x24 obj\release\library\core\src\usb_core.o
                0x080033e4                USB_OTG_IsDeviceMode
 .text.USB_OTG_ReadCoreItr
                0x08003408       0x30 obj\release\library\core\src\usb_core.o
                0x08003408                USB_OTG_ReadCoreItr
 .text.USB_OTG_InitDevSpeed
                0x08003438       0x38 obj\release\library\core\src\usb_core.o
                0x08003438                USB_OTG_InitDevSpeed
 .text.USB_OTG_CoreInitDev
                0x08003470      0x2d8 obj\release\library\core\src\usb_core.o
                0x08003470                USB_OTG_CoreInitDev
 .text.USB_OTG_EnableDevInt
                0x08003748       0xb4 obj\release\library\core\src\usb_core.o
                0x08003748                USB_OTG_EnableDevInt
 .text.USB_OTG_GetDeviceSpeed
                0x080037fc       0x68 obj\release\library\core\src\usb_core.o
                0x080037fc                USB_OTG_GetDeviceSpeed
 .text.USB_OTG_EP0Activate
                0x08003864       0xa0 obj\release\library\core\src\usb_core.o
                0x08003864                USB_OTG_EP0Activate
 .text.USB_OTG_EPActivate
                0x08003904       0xf8 obj\release\library\core\src\usb_core.o
                0x08003904                USB_OTG_EPActivate
 .text.USB_OTG_EPDeactivate
                0x080039fc       0xa4 obj\release\library\core\src\usb_core.o
                0x080039fc                USB_OTG_EPDeactivate
 .text.USB_OTG_EPStartXfer
                0x08003aa0      0x2dc obj\release\library\core\src\usb_core.o
                0x08003aa0                USB_OTG_EPStartXfer
 .text.USB_OTG_EP0StartXfer
                0x08003d7c      0x1ec obj\release\library\core\src\usb_core.o
                0x08003d7c                USB_OTG_EP0StartXfer
 .text.USB_OTG_EPSetStall
                0x08003f68       0x94 obj\release\library\core\src\usb_core.o
                0x08003f68                USB_OTG_EPSetStall
 .text.USB_OTG_EPClearStall
                0x08003ffc       0x84 obj\release\library\core\src\usb_core.o
                0x08003ffc                USB_OTG_EPClearStall
 .text.USB_OTG_ReadDevAllOutEp_itr
                0x08004080       0x30 obj\release\library\core\src\usb_core.o
                0x08004080                USB_OTG_ReadDevAllOutEp_itr
 .text.USB_OTG_ReadDevOutEP_itr
                0x080040b0       0x3c obj\release\library\core\src\usb_core.o
                0x080040b0                USB_OTG_ReadDevOutEP_itr
 .text.USB_OTG_ReadDevAllInEPItr
                0x080040ec       0x34 obj\release\library\core\src\usb_core.o
                0x080040ec                USB_OTG_ReadDevAllInEPItr
 .text.USB_OTG_EP0_OutStart
                0x08004120       0x74 obj\release\library\core\src\usb_core.o
                0x08004120                USB_OTG_EP0_OutStart
 .text.DCD_Init
                0x08004194      0x134 obj\release\library\core\src\usb_dcd.o
                0x08004194                DCD_Init
 .text.DCD_EP_Open
                0x080042c8       0xb4 obj\release\library\core\src\usb_dcd.o
                0x080042c8                DCD_EP_Open
 .text.DCD_EP_Close
                0x0800437c       0x88 obj\release\library\core\src\usb_dcd.o
                0x0800437c                DCD_EP_Close
 .text.DCD_EP_PrepareRx
                0x08004404       0x90 obj\release\library\core\src\usb_dcd.o
                0x08004404                DCD_EP_PrepareRx
 .text.DCD_EP_Tx
                0x08004494       0x88 obj\release\library\core\src\usb_dcd.o
                0x08004494                DCD_EP_Tx
 .text.DCD_EP_Stall
                0x0800451c       0x8c obj\release\library\core\src\usb_dcd.o
                0x0800451c                DCD_EP_Stall
 .text.DCD_EP_ClrStall
                0x080045a8       0x8c obj\release\library\core\src\usb_dcd.o
                0x080045a8                DCD_EP_ClrStall
 .text.DCD_EP_SetAddress
                0x08004634       0x3c obj\release\library\core\src\usb_dcd.o
                0x08004634                DCD_EP_SetAddress
 .text.USBD_OTG_ISR_Handler
                0x08004670      0x198 obj\release\library\core\src\usb_dcd_int.o
                0x08004670                USBD_OTG_ISR_Handler
 .text.DCD_SessionRequest_ISR
                0x08004808       0x3c obj\release\library\core\src\usb_dcd_int.o
 .text.DCD_OTG_ISR
                0x08004844       0x44 obj\release\library\core\src\usb_dcd_int.o
 .text.DCD_HandleResume_ISR
                0x08004888       0x8c obj\release\library\core\src\usb_dcd_int.o
 .text.DCD_HandleUSBSuspend_ISR
                0x08004914       0xd0 obj\release\library\core\src\usb_dcd_int.o
 .text.DCD_HandleInEP_ISR
                0x080049e4      0x1b0 obj\release\library\core\src\usb_dcd_int.o
 .text.DCD_HandleOutEP_ISR
                0x08004b94      0x184 obj\release\library\core\src\usb_dcd_int.o
 .text.DCD_HandleSof_ISR
                0x08004d18       0x3c obj\release\library\core\src\usb_dcd_int.o
 .text.DCD_HandleRxStatusQueueLevel_ISR
                0x08004d54      0x118 obj\release\library\core\src\usb_dcd_int.o
 .text.DCD_WriteEmptyTxFifo
                0x08004e6c      0x130 obj\release\library\core\src\usb_dcd_int.o
 .text.DCD_HandleUsbReset_ISR
                0x08004f9c      0x158 obj\release\library\core\src\usb_dcd_int.o
 .text.DCD_HandleEnumDone_ISR
                0x080050f4      0x22c obj\release\library\core\src\usb_dcd_int.o
 .text.DCD_IsoINIncomplete_ISR
                0x08005320       0x3c obj\release\library\core\src\usb_dcd_int.o
 .text.DCD_IsoOUTIncomplete_ISR
                0x0800535c       0x3c obj\release\library\core\src\usb_dcd_int.o
 .text.DCD_ReadDevInEP
                0x08005398       0x58 obj\release\library\core\src\usb_dcd_int.o
 .text.USBD_Init
                0x080053f0       0x58 obj\release\library\core\src\usbd_core.o
                0x080053f0                USBD_Init
 .text.USBD_DeInit
                0x08005448       0x18 obj\release\library\core\src\usbd_core.o
                0x08005448                USBD_DeInit
 .text.USBD_SetupStage
                0x08005460       0x70 obj\release\library\core\src\usbd_core.o
 .text.USBD_DataOutStage
                0x080054d0       0xd4 obj\release\library\core\src\usbd_core.o
 .text.USBD_DataInStage
                0x080055a4      0x150 obj\release\library\core\src\usbd_core.o
 .text.USBD_RunTestMode
                0x080056f4       0x28 obj\release\library\core\src\usbd_core.o
 .text.USBD_Reset
                0x0800571c       0x54 obj\release\library\core\src\usbd_core.o
 .text.USBD_Resume
                0x08005770       0x38 obj\release\library\core\src\usbd_core.o
 .text.USBD_Suspend
                0x080057a8       0x38 obj\release\library\core\src\usbd_core.o
 .text.USBD_SOF
                0x080057e0       0x30 obj\release\library\core\src\usbd_core.o
 .text.USBD_SetCfg
                0x08005810       0x34 obj\release\library\core\src\usbd_core.o
                0x08005810                USBD_SetCfg
 .text.USBD_ClrCfg
                0x08005844       0x2c obj\release\library\core\src\usbd_core.o
                0x08005844                USBD_ClrCfg
 .text.USBD_IsoINIncomplete
                0x08005870       0x24 obj\release\library\core\src\usbd_core.o
 .text.USBD_IsoOUTIncomplete
                0x08005894       0x24 obj\release\library\core\src\usbd_core.o
 .text.USBD_DevConnected
                0x080058b8       0x2c obj\release\library\core\src\usbd_core.o
 .text.USBD_DevDisconnected
                0x080058e4       0x3c obj\release\library\core\src\usbd_core.o
 .text.USBD_CtlSendData
                0x08005920       0x48 obj\release\library\core\src\usbd_ioreq.o
                0x08005920                USBD_CtlSendData
 .text.USBD_CtlContinueSendData
                0x08005968       0x30 obj\release\library\core\src\usbd_ioreq.o
                0x08005968                USBD_CtlContinueSendData
 .text.USBD_CtlPrepareRx
                0x08005998       0x48 obj\release\library\core\src\usbd_ioreq.o
                0x08005998                USBD_CtlPrepareRx
 .text.USBD_CtlContinueRx
                0x080059e0       0x30 obj\release\library\core\src\usbd_ioreq.o
                0x080059e0                USBD_CtlContinueRx
 .text.USBD_CtlSendStatus
                0x08005a10       0x3c obj\release\library\core\src\usbd_ioreq.o
                0x08005a10                USBD_CtlSendStatus
 .text.USBD_CtlReceiveStatus
                0x08005a4c       0x3c obj\release\library\core\src\usbd_ioreq.o
                0x08005a4c                USBD_CtlReceiveStatus
 .text.USBD_StdDevReq
                0x08005a88       0xa4 obj\release\library\core\src\usbd_req.o
                0x08005a88                USBD_StdDevReq
 .text.USBD_StdItfReq
                0x08005b2c       0x6c obj\release\library\core\src\usbd_req.o
                0x08005b2c                USBD_StdItfReq
 .text.USBD_StdEPReq
                0x08005b98      0x200 obj\release\library\core\src\usbd_req.o
                0x08005b98                USBD_StdEPReq
 .text.USBD_GetDescriptor
                0x08005d98      0x1b0 obj\release\library\core\src\usbd_req.o
 .text.USBD_SetAddress
                0x08005f48       0x80 obj\release\library\core\src\usbd_req.o
 .text.USBD_SetConfig
                0x08005fc8      0x134 obj\release\library\core\src\usbd_req.o
 .text.USBD_GetConfig
                0x080060fc       0x68 obj\release\library\core\src\usbd_req.o
 .text.USBD_GetStatus
                0x08006164       0x70 obj\release\library\core\src\usbd_req.o
 .text.USBD_SetFeature
                0x080061d4       0xfc obj\release\library\core\src\usbd_req.o
 .text.USBD_ClrFeature
                0x080062d0       0x58 obj\release\library\core\src\usbd_req.o
 .text.USBD_ParseSetupRequest
                0x08006328       0x94 obj\release\library\core\src\usbd_req.o
                0x08006328                USBD_ParseSetupRequest
 .text.USBD_CtlError
                0x080063bc       0x2c obj\release\library\core\src\usbd_req.o
                0x080063bc                USBD_CtlError
 .text.USBD_GetString
                0x080063e8       0x9c obj\release\library\core\src\usbd_req.o
                0x080063e8                USBD_GetString
 .text.USBD_GetLen
                0x08006484       0x38 obj\release\library\core\src\usbd_req.o
 .text.pushByte
                0x080064bc      0x1b0 obj\release\robot\communication.o
                0x080064bc                pushByte
 .text.sendAnswer
                0x0800666c      0x1b4 obj\release\robot\communication.o
                0x0800666c                sendAnswer
 .text.USART3_IRQHandler
                0x08006820       0x80 obj\release\robot\dynamixel_control.o
                0x08006820                USART3_IRQHandler
 .text.execCommand
                0x080068a0      0x2c0 obj\release\robot\robot.o
                0x080068a0                execCommand
 .text.NMI_Handler
                0x08006b60        0xc obj\release\usb app\stm32fxxx_it.o
                0x08006b60                NMI_Handler
 .text.HardFault_Handler
                0x08006b6c        0x8 obj\release\usb app\stm32fxxx_it.o
                0x08006b6c                HardFault_Handler
 .text.MemManage_Handler
                0x08006b74        0x8 obj\release\usb app\stm32fxxx_it.o
                0x08006b74                MemManage_Handler
 .text.BusFault_Handler
                0x08006b7c        0x8 obj\release\usb app\stm32fxxx_it.o
                0x08006b7c                BusFault_Handler
 .text.UsageFault_Handler
                0x08006b84        0x8 obj\release\usb app\stm32fxxx_it.o
                0x08006b84                UsageFault_Handler
 .text.SVC_Handler
                0x08006b8c        0xc obj\release\usb app\stm32fxxx_it.o
                0x08006b8c                SVC_Handler
 .text.DebugMon_Handler
                0x08006b98        0xc obj\release\usb app\stm32fxxx_it.o
                0x08006b98                DebugMon_Handler
 .text.PendSV_Handler
                0x08006ba4        0xc obj\release\usb app\stm32fxxx_it.o
                0x08006ba4                PendSV_Handler
 .text.SysTick_Handler
                0x08006bb0        0xc obj\release\usb app\stm32fxxx_it.o
                0x08006bb0                SysTick_Handler
 .text.OTG_FS_IRQHandler
                0x08006bbc       0x14 obj\release\usb app\stm32fxxx_it.o
                0x08006bbc                OTG_FS_IRQHandler
 .text.USB_OTG_BSP_Init
                0x08006bd0      0x110 obj\release\usb app\usb_bsp.o
                0x08006bd0                USB_OTG_BSP_Init
 .text.USB_OTG_BSP_EnableInterrupt
                0x08006ce0       0x3c obj\release\usb app\usb_bsp.o
                0x08006ce0                USB_OTG_BSP_EnableInterrupt
 .text.USB_OTG_BSP_uDelay
                0x08006d1c       0x58 obj\release\usb app\usb_bsp.o
                0x08006d1c                USB_OTG_BSP_uDelay
 .text.USB_OTG_BSP_mDelay
                0x08006d74       0x20 obj\release\usb app\usb_bsp.o
                0x08006d74                USB_OTG_BSP_mDelay
 .text.VCP_Init
                0x08006d94       0x18 obj\release\usb app\usbd_cdc_vcp.o
 .text.VCP_DeInit
                0x08006dac       0x10 obj\release\usb app\usbd_cdc_vcp.o
 .text.VCP_Ctrl
                0x08006dbc      0x1bc obj\release\usb app\usbd_cdc_vcp.o
 .text.VCP_DataTx
                0x08006f78       0x10 obj\release\usb app\usbd_cdc_vcp.o
 .text.VCP_DataRx
                0x08006f88       0x40 obj\release\usb app\usbd_cdc_vcp.o
 .text.VCP_COMConfig
                0x08006fc8      0x150 obj\release\usb app\usbd_cdc_vcp.o
 .text.USBD_USR_DeviceDescriptor
                0x08007118       0x28 obj\release\usb app\usbd_desc.o
                0x08007118                USBD_USR_DeviceDescriptor
 .text.USBD_USR_LangIDStrDescriptor
                0x08007140       0x28 obj\release\usb app\usbd_desc.o
                0x08007140                USBD_USR_LangIDStrDescriptor
 .text.USBD_USR_ProductStrDescriptor
                0x08007168       0x54 obj\release\usb app\usbd_desc.o
                0x08007168                USBD_USR_ProductStrDescriptor
 .text.USBD_USR_ManufacturerStrDescriptor
                0x080071bc       0x34 obj\release\usb app\usbd_desc.o
                0x080071bc                USBD_USR_ManufacturerStrDescriptor
 .text.USBD_USR_SerialStrDescriptor
                0x080071f0       0x2c obj\release\usb app\usbd_desc.o
                0x080071f0                USBD_USR_SerialStrDescriptor
 .text.USBD_USR_ConfigStrDescriptor
                0x0800721c       0x54 obj\release\usb app\usbd_desc.o
                0x0800721c                USBD_USR_ConfigStrDescriptor
 .text.USBD_USR_InterfaceStrDescriptor
                0x08007270       0x54 obj\release\usb app\usbd_desc.o
                0x08007270                USBD_USR_InterfaceStrDescriptor
 .text.Get_SerialNum
                0x080072c4       0x60 obj\release\usb app\usbd_desc.o
 .text.IntToUnicode
                0x08007324       0x94 obj\release\usb app\usbd_desc.o
 .text.USBD_USR_Init
                0x080073b8        0xc obj\release\usb app\usbd_usr.o
                0x080073b8                USBD_USR_Init
 .text.USBD_USR_DeviceReset
                0x080073c4       0x14 obj\release\usb app\usbd_usr.o
                0x080073c4                USBD_USR_DeviceReset
 .text.USBD_USR_DeviceConfigured
                0x080073d8        0xc obj\release\usb app\usbd_usr.o
                0x080073d8                USBD_USR_DeviceConfigured
 .text.USBD_USR_DeviceSuspended
                0x080073e4        0xc obj\release\usb app\usbd_usr.o
                0x080073e4                USBD_USR_DeviceSuspended
 .text.USBD_USR_DeviceResumed
                0x080073f0        0xc obj\release\usb app\usbd_usr.o
                0x080073f0                USBD_USR_DeviceResumed
 .text.USBD_USR_DeviceConnected
                0x080073fc        0xc obj\release\usb app\usbd_usr.o
                0x080073fc                USBD_USR_DeviceConnected
 .text.USBD_USR_DeviceDisconnected
                0x08007408        0xc obj\release\usb app\usbd_usr.o
                0x08007408                USBD_USR_DeviceDisconnected
 .text.NVIC_PriorityGroupConfig
                0x08007414       0x28 obj\release\spl\src\misc.o
                0x08007414                NVIC_PriorityGroupConfig
 .text.NVIC_Init
                0x0800743c       0xe4 obj\release\spl\src\misc.o
                0x0800743c                NVIC_Init
 .text.ADC_DeInit
                0x08007520       0x20 obj\release\spl\src\stm32f4xx_adc.o
                0x08007520                ADC_DeInit
 .text.ADC_Init
                0x08007540       0xb8 obj\release\spl\src\stm32f4xx_adc.o
                0x08007540                ADC_Init
 .text.ADC_CommonInit
                0x080075f8       0x5c obj\release\spl\src\stm32f4xx_adc.o
                0x080075f8                ADC_CommonInit
 .text.ADC_Cmd  0x08007654       0x38 obj\release\spl\src\stm32f4xx_adc.o
                0x08007654                ADC_Cmd
 .text.ADC_RegularChannelConfig
                0x0800768c      0x1bc obj\release\spl\src\stm32f4xx_adc.o
                0x0800768c                ADC_RegularChannelConfig
 .text.ADC_SoftwareStartConv
                0x08007848       0x20 obj\release\spl\src\stm32f4xx_adc.o
                0x08007848                ADC_SoftwareStartConv
 .text.ADC_DMACmd
                0x08007868       0x38 obj\release\spl\src\stm32f4xx_adc.o
                0x08007868                ADC_DMACmd
 .text.ADC_DMARequestAfterLastTransferCmd
                0x080078a0       0x38 obj\release\spl\src\stm32f4xx_adc.o
                0x080078a0                ADC_DMARequestAfterLastTransferCmd
 .text.DMA_DeInit
                0x080078d8      0x244 obj\release\spl\src\stm32f4xx_dma.o
                0x080078d8                DMA_DeInit
 .text.DMA_Init
                0x08007b1c       0xb0 obj\release\spl\src\stm32f4xx_dma.o
                0x08007b1c                DMA_Init
 .text.DMA_Cmd  0x08007bcc       0x38 obj\release\spl\src\stm32f4xx_dma.o
                0x08007bcc                DMA_Cmd
 .text.DMA_GetITStatus
                0x08007c04       0xc0 obj\release\spl\src\stm32f4xx_dma.o
                0x08007c04                DMA_GetITStatus
 .text.DMA_ClearITPendingBit
                0x08007cc4       0x60 obj\release\spl\src\stm32f4xx_dma.o
                0x08007cc4                DMA_ClearITPendingBit
 .text.GPIO_Init
                0x08007d24      0x144 obj\release\spl\src\stm32f4xx_gpio.o
                0x08007d24                GPIO_Init
 .text.GPIO_PinAFConfig
                0x08007e68       0xa8 obj\release\spl\src\stm32f4xx_gpio.o
                0x08007e68                GPIO_PinAFConfig
 .text.RCC_GetClocksFreq
                0x08007f10      0x1cc obj\release\spl\src\stm32f4xx_rcc.o
                0x08007f10                RCC_GetClocksFreq
 .text.RCC_AHB1PeriphClockCmd
                0x080080dc       0x54 obj\release\spl\src\stm32f4xx_rcc.o
                0x080080dc                RCC_AHB1PeriphClockCmd
 .text.RCC_AHB2PeriphClockCmd
                0x08008130       0x54 obj\release\spl\src\stm32f4xx_rcc.o
                0x08008130                RCC_AHB2PeriphClockCmd
 .text.RCC_APB1PeriphClockCmd
                0x08008184       0x54 obj\release\spl\src\stm32f4xx_rcc.o
                0x08008184                RCC_APB1PeriphClockCmd
 .text.RCC_APB2PeriphClockCmd
                0x080081d8       0x54 obj\release\spl\src\stm32f4xx_rcc.o
                0x080081d8                RCC_APB2PeriphClockCmd
 .text.RCC_APB2PeriphResetCmd
                0x0800822c       0x54 obj\release\spl\src\stm32f4xx_rcc.o
                0x0800822c                RCC_APB2PeriphResetCmd
 .text.TIM_TimeBaseInit
                0x08008280       0xf4 obj\release\spl\src\stm32f4xx_tim.o
                0x08008280                TIM_TimeBaseInit
 .text.TIM_SetCounter
                0x08008374       0x1c obj\release\spl\src\stm32f4xx_tim.o
                0x08008374                TIM_SetCounter
 .text.TIM_SetAutoreload
                0x08008390       0x1c obj\release\spl\src\stm32f4xx_tim.o
                0x08008390                TIM_SetAutoreload
 .text.TIM_GetCounter
                0x080083ac       0x18 obj\release\spl\src\stm32f4xx_tim.o
                0x080083ac                TIM_GetCounter
 .text.TIM_Cmd  0x080083c4       0x40 obj\release\spl\src\stm32f4xx_tim.o
                0x080083c4                TIM_Cmd
 .text.TIM_ICInit
                0x08008404       0xa8 obj\release\spl\src\stm32f4xx_tim.o
                0x08008404                TIM_ICInit
 .text.TIM_SetIC1Prescaler
                0x080084ac       0x38 obj\release\spl\src\stm32f4xx_tim.o
                0x080084ac                TIM_SetIC1Prescaler
 .text.TIM_SetIC2Prescaler
                0x080084e4       0x3c obj\release\spl\src\stm32f4xx_tim.o
                0x080084e4                TIM_SetIC2Prescaler
 .text.TIM_SetIC3Prescaler
                0x08008520       0x38 obj\release\spl\src\stm32f4xx_tim.o
                0x08008520                TIM_SetIC3Prescaler
 .text.TIM_SetIC4Prescaler
                0x08008558       0x3c obj\release\spl\src\stm32f4xx_tim.o
                0x08008558                TIM_SetIC4Prescaler
 .text.TIM_ITConfig
                0x08008594       0x48 obj\release\spl\src\stm32f4xx_tim.o
                0x08008594                TIM_ITConfig
 .text.TIM_GetITStatus
                0x080085dc       0x60 obj\release\spl\src\stm32f4xx_tim.o
                0x080085dc                TIM_GetITStatus
 .text.TIM_ClearITPendingBit
                0x0800863c       0x24 obj\release\spl\src\stm32f4xx_tim.o
                0x0800863c                TIM_ClearITPendingBit
 .text.TIM_SelectInputTrigger
                0x08008660       0x38 obj\release\spl\src\stm32f4xx_tim.o
                0x08008660                TIM_SelectInputTrigger
 .text.TIM_SelectSlaveMode
                0x08008698       0x38 obj\release\spl\src\stm32f4xx_tim.o
                0x08008698                TIM_SelectSlaveMode
 .text.TIM_EncoderInterfaceConfig
                0x080086d0       0x94 obj\release\spl\src\stm32f4xx_tim.o
                0x080086d0                TIM_EncoderInterfaceConfig
 .text.TIM_SelectHallSensor
                0x08008764       0x40 obj\release\spl\src\stm32f4xx_tim.o
                0x08008764                TIM_SelectHallSensor
 .text.TI1_Config
                0x080087a4       0x80 obj\release\spl\src\stm32f4xx_tim.o
 .text.TI2_Config
                0x08008824       0x9c obj\release\spl\src\stm32f4xx_tim.o
 .text.TI3_Config
                0x080088c0       0x8c obj\release\spl\src\stm32f4xx_tim.o
 .text.TI4_Config
                0x0800894c       0xa4 obj\release\spl\src\stm32f4xx_tim.o
 .text.USART_Init
                0x080089f0      0x1ac obj\release\spl\src\stm32f4xx_usart.o
                0x080089f0                USART_Init
 .text.USART_Cmd
                0x08008b9c       0x40 obj\release\spl\src\stm32f4xx_usart.o
                0x08008b9c                USART_Cmd
 .text.USART_SendData
                0x08008bdc       0x28 obj\release\spl\src\stm32f4xx_usart.o
                0x08008bdc                USART_SendData
 .text.USART_ReceiveData
                0x08008c04       0x24 obj\release\spl\src\stm32f4xx_usart.o
                0x08008c04                USART_ReceiveData
 .text.USART_ITConfig
                0x08008c28       0xa4 obj\release\spl\src\stm32f4xx_usart.o
                0x08008c28                USART_ITConfig
 .text.USART_GetITStatus
                0x08008ccc       0xc4 obj\release\spl\src\stm32f4xx_usart.o
                0x08008ccc                USART_GetITStatus
 .text.USART_ClearITPendingBit
                0x08008d90       0x44 obj\release\spl\src\stm32f4xx_usart.o
                0x08008d90                USART_ClearITPendingBit
 .text.RCC_Configuration
                0x08008dd4      0x140 obj\release\src\main.o
                0x08008dd4                RCC_Configuration
 .text.GPIO_Configuration
                0x08008f14       0x30 obj\release\src\main.o
                0x08008f14                GPIO_Configuration
 .text.NVIC_Configuration
                0x08008f44       0x30 obj\release\src\main.o
                0x08008f44                NVIC_Configuration
 .text.main     0x08008f74       0xb4 obj\release\src\main.o
                0x08008f74                main
 .text          0x08009028      0x108 obj\release\src\startup_stm32f4xx.o
                0x08009028                Reset_Handler
                0x08009080                Default_Handler
                0x08009082                WWDG_IRQHandler
                0x08009084                PVD_IRQHandler
                0x08009086                TAMP_STAMP_IRQHandler
                0x08009088                RTC_WKUP_IRQHandler
                0x0800908a                FLASH_IRQHandler
                0x0800908c                RCC_IRQHandler
                0x0800908e                EXTI0_IRQHandler
                0x08009090                EXTI1_IRQHandler
                0x08009092                EXTI2_IRQHandler
                0x08009094                EXTI3_IRQHandler
                0x08009096                EXTI4_IRQHandler
                0x08009098                DMA1_Stream0_IRQHandler
                0x0800909a                DMA1_Stream1_IRQHandler
                0x0800909c                DMA1_Stream2_IRQHandler
                0x080090a0                DMA1_Stream4_IRQHandler
                0x080090a4                DMA1_Stream6_IRQHandler
                0x080090a6                ADC_IRQHandler
                0x080090a8                CAN1_TX_IRQHandler
                0x080090aa                CAN1_RX0_IRQHandler
                0x080090ac                CAN1_RX1_IRQHandler
                0x080090ae                CAN1_SCE_IRQHandler
                0x080090b0                EXTI9_5_IRQHandler
                0x080090b2                TIM1_BRK_TIM9_IRQHandler
                0x080090b4                TIM1_UP_TIM10_IRQHandler
                0x080090b6                TIM1_TRG_COM_TIM11_IRQHandler
                0x080090b8                TIM1_CC_IRQHandler
                0x080090bc                TIM3_IRQHandler
                0x080090be                TIM4_IRQHandler
                0x080090c0                I2C1_EV_IRQHandler
                0x080090c2                I2C1_ER_IRQHandler
                0x080090c4                I2C2_EV_IRQHandler
                0x080090c6                I2C2_ER_IRQHandler
                0x080090c8                SPI1_IRQHandler
                0x080090ca                SPI2_IRQHandler
                0x080090d2                EXTI15_10_IRQHandler
                0x080090d4                RTC_Alarm_IRQHandler
                0x080090d6                OTG_FS_WKUP_IRQHandler
                0x080090d8                TIM8_BRK_TIM12_IRQHandler
                0x080090da                TIM8_UP_TIM13_IRQHandler
                0x080090dc                TIM8_TRG_COM_TIM14_IRQHandler
                0x080090de                TIM8_CC_IRQHandler
                0x080090e0                DMA1_Stream7_IRQHandler
                0x080090e2                FSMC_IRQHandler
                0x080090e4                SDIO_IRQHandler
                0x080090e6                TIM5_IRQHandler
                0x080090e8                SPI3_IRQHandler
                0x080090ea                UART4_IRQHandler
                0x080090ec                UART5_IRQHandler
                0x080090f4                DMA2_Stream1_IRQHandler
                0x080090f8                DMA2_Stream3_IRQHandler
                0x080090fa                DMA2_Stream4_IRQHandler
                0x080090fc                ETH_IRQHandler
                0x080090fe                ETH_WKUP_IRQHandler
                0x08009100                CAN2_TX_IRQHandler
                0x08009102                CAN2_RX0_IRQHandler
                0x08009104                CAN2_RX1_IRQHandler
                0x08009106                CAN2_SCE_IRQHandler
                0x0800910a                DMA2_Stream5_IRQHandler
                0x0800910c                DMA2_Stream6_IRQHandler
                0x0800910e                DMA2_Stream7_IRQHandler
                0x08009112                I2C3_EV_IRQHandler
                0x08009114                I2C3_ER_IRQHandler
                0x08009116                OTG_HS_EP1_OUT_IRQHandler
                0x08009118                OTG_HS_EP1_IN_IRQHandler
                0x0800911a                OTG_HS_WKUP_IRQHandler
                0x0800911c                OTG_HS_IRQHandler
                0x0800911e                DCMI_IRQHandler
                0x08009120                CRYP_IRQHandler
                0x08009122                HASH_RNG_IRQHandler
                0x08009124                FPU_IRQHandler
 .text.SystemInit
                0x08009130       0xb0 obj\release\src\system_stm32f4xx.o
                0x08009130                SystemInit
 .text.SetSysClock
                0x080091e0      0x188 obj\release\src\system_stm32f4xx.o
 .text          0x08009368      0x370 c:/program files (x86)/emblocks/2.30/share/em_armgcc/bin/../lib/gcc/arm-none-eabi/4.7.3/armv7e-m/fpu\libgcc.a(_arm_addsubdf3.o)
                0x08009368                __aeabi_drsub
                0x08009370                __aeabi_dsub
                0x08009370                __subdf3
                0x08009374                __aeabi_dadd
                0x08009374                __adddf3
                0x080095ec                __floatunsidf
                0x080095ec                __aeabi_ui2d
                0x0800960c                __floatsidf
                0x0800960c                __aeabi_i2d
                0x08009630                __aeabi_f2d
                0x08009630                __extendsfdf2
                0x0800966c                __floatundidf
                0x0800966c                __aeabi_ul2d
                0x0800967c                __floatdidf
                0x0800967c                __aeabi_l2d
 .text          0x080096d8      0x424 c:/program files (x86)/emblocks/2.30/share/em_armgcc/bin/../lib/gcc/arm-none-eabi/4.7.3/armv7e-m/fpu\libgcc.a(_arm_muldivdf3.o)
                0x080096d8                __aeabi_dmul
                0x080096d8                __muldf3
                0x0800992c                __divdf3
                0x0800992c                __aeabi_ddiv
 .text          0x08009afc      0x110 c:/program files (x86)/emblocks/2.30/share/em_armgcc/bin/../lib/gcc/arm-none-eabi/4.7.3/armv7e-m/fpu\libgcc.a(_arm_cmpdf2.o)
                0x08009afc                __gtdf2
                0x08009afc                __gedf2
                0x08009b04                __ltdf2
                0x08009b04                __ledf2
                0x08009b0c                __nedf2
                0x08009b0c                __eqdf2
                0x08009b0c                __cmpdf2
                0x08009b88                __aeabi_cdrcmple
                0x08009b98                __aeabi_cdcmpeq
                0x08009b98                __aeabi_cdcmple
                0x08009ba8                __aeabi_dcmpeq
                0x08009bbc                __aeabi_dcmplt
                0x08009bd0                __aeabi_dcmple
                0x08009be4                __aeabi_dcmpge
                0x08009bf8                __aeabi_dcmpgt
 .text          0x08009c0c       0x50 c:/program files (x86)/emblocks/2.30/share/em_armgcc/bin/../lib/gcc/arm-none-eabi/4.7.3/armv7e-m/fpu\libgcc.a(_arm_fixdfsi.o)
                0x08009c0c                __aeabi_d2iz
                0x08009c0c                __fixdfsi
 .text          0x08009c5c       0xa0 c:/program files (x86)/emblocks/2.30/share/em_armgcc/bin/../lib/gcc/arm-none-eabi/4.7.3/armv7e-m/fpu\libgcc.a(_arm_truncdfsf2.o)
                0x08009c5c                __truncdfsf2
                0x08009c5c                __aeabi_d2f
 .text.exit     0x08009cfc       0x20 c:/program files (x86)/emblocks/2.30/share/em_armgcc/bin/../lib/gcc/arm-none-eabi/4.7.3/../../../../arm-none-eabi/lib/armv7e-m/fpu\libc_f.a(lib_a-exit.o)
                0x08009cfc                exit
 .text.__libc_init_array
                0x08009d1c       0x50 c:/program files (x86)/emblocks/2.30/share/em_armgcc/bin/../lib/gcc/arm-none-eabi/4.7.3/../../../../arm-none-eabi/lib/armv7e-m/fpu\libc_f.a(lib_a-init.o)
                0x08009d1c                __libc_init_array
 .text          0x08009d6c      0x134 c:/program files (x86)/emblocks/2.30/share/em_armgcc/bin/../lib/gcc/arm-none-eabi/4.7.3/../../../../arm-none-eabi/lib/armv7e-m/fpu\libc_f.a(lib_a-memcpy.o)
                0x08009d6c                memcpy
 .text.memset   0x08009ea0       0x98 c:/program files (x86)/emblocks/2.30/share/em_armgcc/bin/../lib/gcc/arm-none-eabi/4.7.3/../../../../arm-none-eabi/lib/armv7e-m/fpu\libc_f.a(lib_a-memset.o)
                0x08009ea0                memset
 .text.putchar  0x08009f38       0x14 c:/program files (x86)/emblocks/2.30/share/em_armgcc/bin/../lib/gcc/arm-none-eabi/4.7.3/../../../../arm-none-eabi/lib/armv7e-m/fpu\libc_f.a(lib_a-putchar.o)
                0x08009f38                putchar
 .text.snprintf
                0x08009f4c       0x6c c:/program files (x86)/emblocks/2.30/share/em_armgcc/bin/../lib/gcc/arm-none-eabi/4.7.3/../../../../arm-none-eabi/lib/armv7e-m/fpu\libc_f.a(lib_a-snprintf.o)
                0x08009f4c                snprintf
 .text.strlen   0x08009fb8       0x60 c:/program files (x86)/emblocks/2.30/share/em_armgcc/bin/../lib/gcc/arm-none-eabi/4.7.3/../../../../arm-none-eabi/lib/armv7e-m/fpu\libc_f.a(lib_a-strlen.o)
                0x08009fb8                strlen
 .text._svfprintf_r
                0x0800a018     0x14b4 c:/program files (x86)/emblocks/2.30/share/em_armgcc/bin/../lib/gcc/arm-none-eabi/4.7.3/../../../../arm-none-eabi/lib/armv7e-m/fpu\libc_f.a(lib_a-svfprintf.o)
                0x0800a018                _svfprintf_r
 .text.startup.register_fini
                0x0800b4cc       0x14 c:/program files (x86)/emblocks/2.30/share/em_armgcc/bin/../lib/gcc/arm-none-eabi/4.7.3/../../../../arm-none-eabi/lib/armv7e-m/fpu\libc_f.a(lib_a-__call_atexit.o)
 .text.__call_exitprocs
                0x0800b4e0      0x164 c:/program files (x86)/emblocks/2.30/share/em_armgcc/bin/../lib/gcc/arm-none-eabi/4.7.3/../../../../arm-none-eabi/lib/armv7e-m/fpu\libc_f.a(lib_a-__call_atexit.o)
                0x0800b4e0                __call_exitprocs
 .text.atexit   0x0800b644        0xc c:/program files (x86)/emblocks/2.30/share/em_armgcc/bin/../lib/gcc/arm-none-eabi/4.7.3/../../../../arm-none-eabi/lib/armv7e-m/fpu\libc_f.a(lib_a-atexit.o)
                0x0800b644                atexit
 .text.quorem   0x0800b650      0x120 c:/program files (x86)/emblocks/2.30/share/em_armgcc/bin/../lib/gcc/arm-none-eabi/4.7.3/../../../../arm-none-eabi/lib/armv7e-m/fpu\libc_f.a(lib_a-dtoa.o)
 .text._dtoa_r  0x0800b770      0xe90 c:/program files (x86)/emblocks/2.30/share/em_armgcc/bin/../lib/gcc/arm-none-eabi/4.7.3/../../../../arm-none-eabi/lib/armv7e-m/fpu\libc_f.a(lib_a-dtoa.o)
                0x0800b770                _dtoa_r
 .text.__libc_fini_array
                0x0800c600       0x2c c:/program files (x86)/emblocks/2.30/share/em_armgcc/bin/../lib/gcc/arm-none-eabi/4.7.3/../../../../arm-none-eabi/lib/armv7e-m/fpu\libc_f.a(lib_a-fini.o)
                0x0800c600                __libc_fini_array
 .text._localeconv_r
                0x0800c62c        0xc c:/program files (x86)/emblocks/2.30/share/em_armgcc/bin/../lib/gcc/arm-none-eabi/4.7.3/../../../../arm-none-eabi/lib/armv7e-m/fpu\libc_f.a(lib_a-locale.o)
                0x0800c62c                _localeconv_r
 .text._malloc_r
                0x0800c638      0x584 c:/program files (x86)/emblocks/2.30/share/em_armgcc/bin/../lib/gcc/arm-none-eabi/4.7.3/../../../../arm-none-eabi/lib/armv7e-m/fpu\libc_f.a(lib_a-mallocr.o)
                0x0800c638                _malloc_r
 .text.memchr   0x0800cbbc       0x94 c:/program files (x86)/emblocks/2.30/share/em_armgcc/bin/../lib/gcc/arm-none-eabi/4.7.3/../../../../arm-none-eabi/lib/armv7e-m/fpu\libc_f.a(lib_a-memchr-stub.o)
                0x0800cbbc                memchr
 .text.__malloc_lock
                0x0800cc50        0x4 c:/program files (x86)/emblocks/2.30/share/em_armgcc/bin/../lib/gcc/arm-none-eabi/4.7.3/../../../../arm-none-eabi/lib/armv7e-m/fpu\libc_f.a(lib_a-mlock.o)
                0x0800cc50                __malloc_lock
 .text.__malloc_unlock
                0x0800cc54        0x4 c:/program files (x86)/emblocks/2.30/share/em_armgcc/bin/../lib/gcc/arm-none-eabi/4.7.3/../../../../arm-none-eabi/lib/armv7e-m/fpu\libc_f.a(lib_a-mlock.o)
                0x0800cc54                __malloc_unlock
 .text._Balloc  0x0800cc58       0x4c c:/program files (x86)/emblocks/2.30/share/em_armgcc/bin/../lib/gcc/arm-none-eabi/4.7.3/../../../../arm-none-eabi/lib/armv7e-m/fpu\libc_f.a(lib_a-mprec.o)
                0x0800cc58                _Balloc
 .text._Bfree   0x0800cca4       0x14 c:/program files (x86)/emblocks/2.30/share/em_armgcc/bin/../lib/gcc/arm-none-eabi/4.7.3/../../../../arm-none-eabi/lib/armv7e-m/fpu\libc_f.a(lib_a-mprec.o)
                0x0800cca4                _Bfree
 .text.__multadd
                0x0800ccb8       0xe0 c:/program files (x86)/emblocks/2.30/share/em_armgcc/bin/../lib/gcc/arm-none-eabi/4.7.3/../../../../arm-none-eabi/lib/armv7e-m/fpu\libc_f.a(lib_a-mprec.o)
                0x0800ccb8                __multadd
 .text.__hi0bits
                0x0800cd98       0x40 c:/program files (x86)/emblocks/2.30/share/em_armgcc/bin/../lib/gcc/arm-none-eabi/4.7.3/../../../../arm-none-eabi/lib/armv7e-m/fpu\libc_f.a(lib_a-mprec.o)
                0x0800cd98                __hi0bits
 .text.__i2b    0x0800cdd8       0x4c c:/program files (x86)/emblocks/2.30/share/em_armgcc/bin/../lib/gcc/arm-none-eabi/4.7.3/../../../../arm-none-eabi/lib/armv7e-m/fpu\libc_f.a(lib_a-mprec.o)
                0x0800cdd8                __i2b
 .text.__multiply
                0x0800ce24      0x190 c:/program files (x86)/emblocks/2.30/share/em_armgcc/bin/../lib/gcc/arm-none-eabi/4.7.3/../../../../arm-none-eabi/lib/armv7e-m/fpu\libc_f.a(lib_a-mprec.o)
                0x0800ce24                __multiply
 .text.__pow5mult
                0x0800cfb4       0xd8 c:/program files (x86)/emblocks/2.30/share/em_armgcc/bin/../lib/gcc/arm-none-eabi/4.7.3/../../../../arm-none-eabi/lib/armv7e-m/fpu\libc_f.a(lib_a-mprec.o)
                0x0800cfb4                __pow5mult
 .text.__lshift
                0x0800d08c      0x104 c:/program files (x86)/emblocks/2.30/share/em_armgcc/bin/../lib/gcc/arm-none-eabi/4.7.3/../../../../arm-none-eabi/lib/armv7e-m/fpu\libc_f.a(lib_a-mprec.o)
                0x0800d08c                __lshift
 .text.__mcmp   0x0800d190       0x3c c:/program files (x86)/emblocks/2.30/share/em_armgcc/bin/../lib/gcc/arm-none-eabi/4.7.3/../../../../arm-none-eabi/lib/armv7e-m/fpu\libc_f.a(lib_a-mprec.o)
                0x0800d190                __mcmp
 .text.__mdiff  0x0800d1cc      0x194 c:/program files (x86)/emblocks/2.30/share/em_armgcc/bin/../lib/gcc/arm-none-eabi/4.7.3/../../../../arm-none-eabi/lib/armv7e-m/fpu\libc_f.a(lib_a-mprec.o)
                0x0800d1cc                __mdiff
 .text.__d2b    0x0800d360      0x1e0 c:/program files (x86)/emblocks/2.30/share/em_armgcc/bin/../lib/gcc/arm-none-eabi/4.7.3/../../../../arm-none-eabi/lib/armv7e-m/fpu\libc_f.a(lib_a-mprec.o)
                0x0800d360                __d2b
 .text._putc_r  0x0800d540       0x60 c:/program files (x86)/emblocks/2.30/share/em_armgcc/bin/../lib/gcc/arm-none-eabi/4.7.3/../../../../arm-none-eabi/lib/armv7e-m/fpu\libc_f.a(lib_a-putc.o)
                0x0800d540                _putc_r
 .text.__fpclassifyd
                0x0800d5a0       0x54 c:/program files (x86)/emblocks/2.30/share/em_armgcc/bin/../lib/gcc/arm-none-eabi/4.7.3/../../../../arm-none-eabi/lib/armv7e-m/fpu\libc_f.a(lib_a-s_fpclassify.o)
                0x0800d5a0                __fpclassifyd
 .text._sbrk_r  0x0800d5f4       0x24 c:/program files (x86)/emblocks/2.30/share/em_armgcc/bin/../lib/gcc/arm-none-eabi/4.7.3/../../../../arm-none-eabi/lib/armv7e-m/fpu\libc_f.a(lib_a-sbrkr.o)
                0x0800d5f4                _sbrk_r
 .text.__ssprint_r
                0x0800d618      0x100 c:/program files (x86)/emblocks/2.30/share/em_armgcc/bin/../lib/gcc/arm-none-eabi/4.7.3/../../../../arm-none-eabi/lib/armv7e-m/fpu\libc_f.a(lib_a-svfiprintf.o)
                0x0800d618                __ssprint_r
 .text.__swbuf_r
                0x0800d718       0xb0 c:/program files (x86)/emblocks/2.30/share/em_armgcc/bin/../lib/gcc/arm-none-eabi/4.7.3/../../../../arm-none-eabi/lib/armv7e-m/fpu\libc_f.a(lib_a-wbuf.o)
                0x0800d718                __swbuf_r
 .text.__swsetup_r
                0x0800d7c8       0xdc c:/program files (x86)/emblocks/2.30/share/em_armgcc/bin/../lib/gcc/arm-none-eabi/4.7.3/../../../../arm-none-eabi/lib/armv7e-m/fpu\libc_f.a(lib_a-wsetup.o)
                0x0800d7c8                __swsetup_r
 .text.__register_exitproc
                0x0800d8a4       0xb0 c:/program files (x86)/emblocks/2.30/share/em_armgcc/bin/../lib/gcc/arm-none-eabi/4.7.3/../../../../arm-none-eabi/lib/armv7e-m/fpu\libc_f.a(lib_a-__atexit.o)
                0x0800d8a4                __register_exitproc
 .text._calloc_r
                0x0800d954       0x60 c:/program files (x86)/emblocks/2.30/share/em_armgcc/bin/../lib/gcc/arm-none-eabi/4.7.3/../../../../arm-none-eabi/lib/armv7e-m/fpu\libc_f.a(lib_a-callocr.o)
                0x0800d954                _calloc_r
 .text.__sflush_r
                0x0800d9b4      0x15c c:/program files (x86)/emblocks/2.30/share/em_armgcc/bin/../lib/gcc/arm-none-eabi/4.7.3/../../../../arm-none-eabi/lib/armv7e-m/fpu\libc_f.a(lib_a-fflush.o)
                0x0800d9b4                __sflush_r
 .text._fflush_r
                0x0800db10       0x2c c:/program files (x86)/emblocks/2.30/share/em_armgcc/bin/../lib/gcc/arm-none-eabi/4.7.3/../../../../arm-none-eabi/lib/armv7e-m/fpu\libc_f.a(lib_a-fflush.o)
                0x0800db10                _fflush_r
 .text._cleanup_r
                0x0800db3c        0xc c:/program files (x86)/emblocks/2.30/share/em_armgcc/bin/../lib/gcc/arm-none-eabi/4.7.3/../../../../arm-none-eabi/lib/armv7e-m/fpu\libc_f.a(lib_a-findfp.o)
                0x0800db3c                _cleanup_r
 .text.__sinit  0x0800db48       0xf4 c:/program files (x86)/emblocks/2.30/share/em_armgcc/bin/../lib/gcc/arm-none-eabi/4.7.3/../../../../arm-none-eabi/lib/armv7e-m/fpu\libc_f.a(lib_a-findfp.o)
                0x0800db48                __sinit
 .text.__sfp_lock_acquire
                0x0800dc3c        0x4 c:/program files (x86)/emblocks/2.30/share/em_armgcc/bin/../lib/gcc/arm-none-eabi/4.7.3/../../../../arm-none-eabi/lib/armv7e-m/fpu\libc_f.a(lib_a-findfp.o)
                0x0800dc3c                __sfp_lock_acquire
 .text.__sfp_lock_release
                0x0800dc40        0x4 c:/program files (x86)/emblocks/2.30/share/em_armgcc/bin/../lib/gcc/arm-none-eabi/4.7.3/../../../../arm-none-eabi/lib/armv7e-m/fpu\libc_f.a(lib_a-findfp.o)
                0x0800dc40                __sfp_lock_release
 .text._malloc_trim_r
                0x0800dc44       0x98 c:/program files (x86)/emblocks/2.30/share/em_armgcc/bin/../lib/gcc/arm-none-eabi/4.7.3/../../../../arm-none-eabi/lib/armv7e-m/fpu\libc_f.a(lib_a-freer.o)
                0x0800dc44                _malloc_trim_r
 .text._free_r  0x0800dcdc      0x190 c:/program files (x86)/emblocks/2.30/share/em_armgcc/bin/../lib/gcc/arm-none-eabi/4.7.3/../../../../arm-none-eabi/lib/armv7e-m/fpu\libc_f.a(lib_a-freer.o)
                0x0800dcdc                _free_r
 .text._fwalk   0x0800de6c       0x48 c:/program files (x86)/emblocks/2.30/share/em_armgcc/bin/../lib/gcc/arm-none-eabi/4.7.3/../../../../arm-none-eabi/lib/armv7e-m/fpu\libc_f.a(lib_a-fwalk.o)
                0x0800de6c                _fwalk
 .text.__smakebuf_r
                0x0800deb4       0xf0 c:/program files (x86)/emblocks/2.30/share/em_armgcc/bin/../lib/gcc/arm-none-eabi/4.7.3/../../../../arm-none-eabi/lib/armv7e-m/fpu\libc_f.a(lib_a-makebuf.o)
                0x0800deb4                __smakebuf_r
 .text.memmove  0x0800dfa4      0x120 c:/program files (x86)/emblocks/2.30/share/em_armgcc/bin/../lib/gcc/arm-none-eabi/4.7.3/../../../../arm-none-eabi/lib/armv7e-m/fpu\libc_f.a(lib_a-memmove.o)
                0x0800dfa4                memmove
 .text._realloc_r
                0x0800e0c4      0x3ec c:/program files (x86)/emblocks/2.30/share/em_armgcc/bin/../lib/gcc/arm-none-eabi/4.7.3/../../../../arm-none-eabi/lib/armv7e-m/fpu\libc_f.a(lib_a-reallocr.o)
                0x0800e0c4                _realloc_r
 .text.__sread  0x0800e4b0       0x24 c:/program files (x86)/emblocks/2.30/share/em_armgcc/bin/../lib/gcc/arm-none-eabi/4.7.3/../../../../arm-none-eabi/lib/armv7e-m/fpu\libc_f.a(lib_a-stdio.o)
                0x0800e4b0                __sread
 .text.__swrite
                0x0800e4d4       0x44 c:/program files (x86)/emblocks/2.30/share/em_armgcc/bin/../lib/gcc/arm-none-eabi/4.7.3/../../../../arm-none-eabi/lib/armv7e-m/fpu\libc_f.a(lib_a-stdio.o)
                0x0800e4d4                __swrite
 .text.__sseek  0x0800e518       0x2c c:/program files (x86)/emblocks/2.30/share/em_armgcc/bin/../lib/gcc/arm-none-eabi/4.7.3/../../../../arm-none-eabi/lib/armv7e-m/fpu\libc_f.a(lib_a-stdio.o)
                0x0800e518                __sseek
 .text.__sclose
                0x0800e544        0x8 c:/program files (x86)/emblocks/2.30/share/em_armgcc/bin/../lib/gcc/arm-none-eabi/4.7.3/../../../../arm-none-eabi/lib/armv7e-m/fpu\libc_f.a(lib_a-stdio.o)
                0x0800e544                __sclose
 .text._write_r
                0x0800e54c       0x28 c:/program files (x86)/emblocks/2.30/share/em_armgcc/bin/../lib/gcc/arm-none-eabi/4.7.3/../../../../arm-none-eabi/lib/armv7e-m/fpu\libc_f.a(lib_a-writer.o)
                0x0800e54c                _write_r
 .text._close_r
                0x0800e574       0x24 c:/program files (x86)/emblocks/2.30/share/em_armgcc/bin/../lib/gcc/arm-none-eabi/4.7.3/../../../../arm-none-eabi/lib/armv7e-m/fpu\libc_f.a(lib_a-closer.o)
                0x0800e574                _close_r
 .text._fclose_r
                0x0800e598       0x88 c:/program files (x86)/emblocks/2.30/share/em_armgcc/bin/../lib/gcc/arm-none-eabi/4.7.3/../../../../arm-none-eabi/lib/armv7e-m/fpu\libc_f.a(lib_a-fclose.o)
                0x0800e598                _fclose_r
 .text.fclose   0x0800e620       0x10 c:/program files (x86)/emblocks/2.30/share/em_armgcc/bin/../lib/gcc/arm-none-eabi/4.7.3/../../../../arm-none-eabi/lib/armv7e-m/fpu\libc_f.a(lib_a-fclose.o)
                0x0800e620                fclose
 .text._fstat_r
                0x0800e630       0x28 c:/program files (x86)/emblocks/2.30/share/em_armgcc/bin/../lib/gcc/arm-none-eabi/4.7.3/../../../../arm-none-eabi/lib/armv7e-m/fpu\libc_f.a(lib_a-fstatr.o)
                0x0800e630                _fstat_r
 .text._isatty_r
                0x0800e658       0x24 c:/program files (x86)/emblocks/2.30/share/em_armgcc/bin/../lib/gcc/arm-none-eabi/4.7.3/../../../../arm-none-eabi/lib/armv7e-m/fpu\libc_f.a(lib_a-isattyr.o)
                0x0800e658                _isatty_r
 .text._lseek_r
                0x0800e67c       0x28 c:/program files (x86)/emblocks/2.30/share/em_armgcc/bin/../lib/gcc/arm-none-eabi/4.7.3/../../../../arm-none-eabi/lib/armv7e-m/fpu\libc_f.a(lib_a-lseekr.o)
                0x0800e67c                _lseek_r
 .text._read_r  0x0800e6a4       0x28 c:/program files (x86)/emblocks/2.30/share/em_armgcc/bin/../lib/gcc/arm-none-eabi/4.7.3/../../../../arm-none-eabi/lib/armv7e-m/fpu\libc_f.a(lib_a-readr.o)
                0x0800e6a4                _read_r
 .text._close   0x0800e6cc       0x14 c:/program files (x86)/emblocks/2.30/share/em_armgcc/bin/../lib/gcc/arm-none-eabi/4.7.3/../../../../arm-none-eabi/lib/armv7e-m/fpu\libnosys_f.a(close.o)
                0x0800e6cc                _close
 .text._fstat   0x0800e6e0       0x14 c:/program files (x86)/emblocks/2.30/share/em_armgcc/bin/../lib/gcc/arm-none-eabi/4.7.3/../../../../arm-none-eabi/lib/armv7e-m/fpu\libnosys_f.a(fstat.o)
                0x0800e6e0                _fstat
 .text._isatty  0x0800e6f4       0x10 c:/program files (x86)/emblocks/2.30/share/em_armgcc/bin/../lib/gcc/arm-none-eabi/4.7.3/../../../../arm-none-eabi/lib/armv7e-m/fpu\libnosys_f.a(isatty.o)
                0x0800e6f4                _isatty
 .text._lseek   0x0800e704       0x14 c:/program files (x86)/emblocks/2.30/share/em_armgcc/bin/../lib/gcc/arm-none-eabi/4.7.3/../../../../arm-none-eabi/lib/armv7e-m/fpu\libnosys_f.a(lseek.o)
                0x0800e704                _lseek
 .text._read    0x0800e718       0x14 c:/program files (x86)/emblocks/2.30/share/em_armgcc/bin/../lib/gcc/arm-none-eabi/4.7.3/../../../../arm-none-eabi/lib/armv7e-m/fpu\libnosys_f.a(read.o)
                0x0800e718                _read
 .text._sbrk    0x0800e72c       0x34 c:/program files (x86)/emblocks/2.30/share/em_armgcc/bin/../lib/gcc/arm-none-eabi/4.7.3/../../../../arm-none-eabi/lib/armv7e-m/fpu\libnosys_f.a(sbrk.o)
                0x0800e72c                _sbrk
 .text._write   0x0800e760       0x14 c:/program files (x86)/emblocks/2.30/share/em_armgcc/bin/../lib/gcc/arm-none-eabi/4.7.3/../../../../arm-none-eabi/lib/armv7e-m/fpu\libnosys_f.a(write.o)
                0x0800e760                _write
 .text._exit    0x0800e774        0x4 c:/program files (x86)/emblocks/2.30/share/em_armgcc/bin/../lib/gcc/arm-none-eabi/4.7.3/../../../../arm-none-eabi/lib/armv7e-m/fpu\libnosys_f.a(_exit.o)
                0x0800e774                _exit
 .text          0x0800e778       0x2c c:/program files (x86)/emblocks/2.30/share/em_armgcc/bin/../lib/gcc/arm-none-eabi/4.7.3/armv7e-m/fpu\libgcc.a(_aeabi_uldivmod.o)
                0x0800e778                __aeabi_uldivmod
 .text          0x0800e7a4       0x58 c:/program files (x86)/emblocks/2.30/share/em_armgcc/bin/../lib/gcc/arm-none-eabi/4.7.3/armv7e-m/fpu\libgcc.a(bpabi.o)
                0x0800e7a4                __gnu_ldivmod_helper
                0x0800e7d0                __gnu_uldivmod_helper
 .text          0x0800e7fc        0x4 c:/program files (x86)/emblocks/2.30/share/em_armgcc/bin/../lib/gcc/arm-none-eabi/4.7.3/armv7e-m/fpu\libgcc.a(_dvmd_tls.o)
                0x0800e7fc                __aeabi_idiv0
                0x0800e7fc                __aeabi_ldiv0
 .text          0x0800e800      0x2c8 c:/program files (x86)/emblocks/2.30/share/em_armgcc/bin/../lib/gcc/arm-none-eabi/4.7.3/armv7e-m/fpu\libgcc.a(_divdi3.o)
                0x0800e800                __divdi3
 .text          0x0800eac8      0x28c c:/program files (x86)/emblocks/2.30/share/em_armgcc/bin/../lib/gcc/arm-none-eabi/4.7.3/armv7e-m/fpu\libgcc.a(_udivdi3.o)
                0x0800eac8                __udivdi3
 *(.init)
 .init          0x0800ed54        0x4 c:/program files (x86)/emblocks/2.30/share/em_armgcc/bin/../lib/gcc/arm-none-eabi/4.7.3/armv7e-m/fpu/crti.o
                0x0800ed54                _init
 .init          0x0800ed58        0x8 c:/program files (x86)/emblocks/2.30/share/em_armgcc/bin/../lib/gcc/arm-none-eabi/4.7.3/armv7e-m/fpu/crtn.o
 *(.fini)
 .fini          0x0800ed60        0x4 c:/program files (x86)/emblocks/2.30/share/em_armgcc/bin/../lib/gcc/arm-none-eabi/4.7.3/armv7e-m/fpu/crti.o
                0x0800ed60                _fini
 .fini          0x0800ed64        0x8 c:/program files (x86)/emblocks/2.30/share/em_armgcc/bin/../lib/gcc/arm-none-eabi/4.7.3/armv7e-m/fpu/crtn.o
 *crtbegin.o(.ctors)
 *crtbegin?.o(.ctors)
 *(EXCLUDE_FILE(*crtend.o *crtend?.o) .ctors)
 *(SORT(.ctors.*))
 *(.ctors)
 *crtbegin.o(.dtors)
 *crtbegin?.o(.dtors)
 *(EXCLUDE_FILE(*crtend.o *crtend?.o) .dtors)
 *(SORT(.dtors.*))
 *(.dtors)
 *(.rodata*)
 .rodata        0x0800ed6c       0x18 obj\release\robot\robot.o
 .rodata        0x0800ed84       0x78 obj\release\usb app\usbd_desc.o
 .rodata.str1.4
                0x0800edfc        0x2 c:/program files (x86)/emblocks/2.30/share/em_armgcc/bin/../lib/gcc/arm-none-eabi/4.7.3/../../../../arm-none-eabi/lib/armv7e-m/fpu\libc_f.a(lib_a-impure.o)
                                  0x4 (size before relaxing)
 *fill*         0x0800edfe        0x2 
 .rodata._global_impure_ptr
                0x0800ee00        0x4 c:/program files (x86)/emblocks/2.30/share/em_armgcc/bin/../lib/gcc/arm-none-eabi/4.7.3/../../../../arm-none-eabi/lib/armv7e-m/fpu\libc_f.a(lib_a-impure.o)
                0x0800ee00                _global_impure_ptr
 .rodata.zeroes.6757
                0x0800ee04       0x10 c:/program files (x86)/emblocks/2.30/share/em_armgcc/bin/../lib/gcc/arm-none-eabi/4.7.3/../../../../arm-none-eabi/lib/armv7e-m/fpu\libc_f.a(lib_a-svfprintf.o)
 .rodata.str1.4
                0x0800ee14       0x42 c:/program files (x86)/emblocks/2.30/share/em_armgcc/bin/../lib/gcc/arm-none-eabi/4.7.3/../../../../arm-none-eabi/lib/armv7e-m/fpu\libc_f.a(lib_a-svfprintf.o)
                                 0x44 (size before relaxing)
 *fill*         0x0800ee56        0x2 
 .rodata.blanks.6756
                0x0800ee58       0x10 c:/program files (x86)/emblocks/2.30/share/em_armgcc/bin/../lib/gcc/arm-none-eabi/4.7.3/../../../../arm-none-eabi/lib/armv7e-m/fpu\libc_f.a(lib_a-svfprintf.o)
 .rodata.str1.4
                0x0800ee68       0x10 c:/program files (x86)/emblocks/2.30/share/em_armgcc/bin/../lib/gcc/arm-none-eabi/4.7.3/../../../../arm-none-eabi/lib/armv7e-m/fpu\libc_f.a(lib_a-dtoa.o)
                                 0x14 (size before relaxing)
 .rodata.str1.4
                0x0800ee78        0xc c:/program files (x86)/emblocks/2.30/share/em_armgcc/bin/../lib/gcc/arm-none-eabi/4.7.3/../../../../arm-none-eabi/lib/armv7e-m/fpu\libc_f.a(lib_a-locale.o)
                                 0x14 (size before relaxing)
 *fill*         0x0800ee84        0x4 
 .rodata.__mprec_tens
                0x0800ee88       0xc8 c:/program files (x86)/emblocks/2.30/share/em_armgcc/bin/../lib/gcc/arm-none-eabi/4.7.3/../../../../arm-none-eabi/lib/armv7e-m/fpu\libc_f.a(lib_a-mprec.o)
                0x0800ee88                __mprec_tens
 .rodata.__mprec_bigtens
                0x0800ef50       0x28 c:/program files (x86)/emblocks/2.30/share/em_armgcc/bin/../lib/gcc/arm-none-eabi/4.7.3/../../../../arm-none-eabi/lib/armv7e-m/fpu\libc_f.a(lib_a-mprec.o)
                0x0800ef50                __mprec_bigtens
 .rodata.p05.5263
                0x0800ef78        0xc c:/program files (x86)/emblocks/2.30/share/em_armgcc/bin/../lib/gcc/arm-none-eabi/4.7.3/../../../../arm-none-eabi/lib/armv7e-m/fpu\libc_f.a(lib_a-mprec.o)
 *(.eh_frame*)
 .eh_frame      0x0800ef84        0x0 c:/program files (x86)/emblocks/2.30/share/em_armgcc/bin/../lib/gcc/arm-none-eabi/4.7.3/armv7e-m/fpu/crtbegin.o
 .eh_frame      0x0800ef84        0x4 c:/program files (x86)/emblocks/2.30/share/em_armgcc/bin/../lib/gcc/arm-none-eabi/4.7.3/armv7e-m/fpu/crtend.o

.glue_7         0x0800ef88        0x0
 .glue_7        0x00000000        0x0 linker stubs

.glue_7t        0x0800ef88        0x0
 .glue_7t       0x00000000        0x0 linker stubs

.vfp11_veneer   0x0800ef88        0x0
 .vfp11_veneer  0x00000000        0x0 linker stubs

.v4_bx          0x0800ef88        0x0
 .v4_bx         0x00000000        0x0 linker stubs

.iplt           0x0800ef88        0x0
 .iplt          0x00000000        0x0 c:/program files (x86)/emblocks/2.30/share/em_armgcc/bin/../lib/gcc/arm-none-eabi/4.7.3/armv7e-m/fpu/crtbegin.o

.ARM.extab
 *(.ARM.extab* .gnu.linkonce.armextab.*)
                0x0800ef88                __exidx_start = .

.ARM.exidx      0x0800ef88        0x8
 *(.ARM.exidx* .gnu.linkonce.armexidx.*)
 .ARM.exidx     0x0800ef88        0x8 c:/program files (x86)/emblocks/2.30/share/em_armgcc/bin/../lib/gcc/arm-none-eabi/4.7.3/../../../../arm-none-eabi/lib/armv7e-m/fpu/crt0.o
                0x0800ef90                __exidx_end = .
                0x0800ef90                __etext = .

.rel.dyn        0x0800ef90        0x0
 .rel.iplt      0x00000000        0x0 c:/program files (x86)/emblocks/2.30/share/em_armgcc/bin/../lib/gcc/arm-none-eabi/4.7.3/armv7e-m/fpu/crtbegin.o

.data           0x20000000      0xa78 load address 0x0800ef90
                0x20000000                __data_start__ = .
 *(vtable)
 *(.data*)
 .data.telega   0x20000000       0x54 obj\release\board\pid.o
                0x20000000                telega
 .data.V_left   0x20000054        0x4 obj\release\board\interapt.o
                0x20000054                V_left
 .data.V_right  0x20000058        0x4 obj\release\board\interapt.o
                0x20000058                V_right
 .data.counter  0x2000005c        0x4 obj\release\board\interapt.o
                0x2000005c                counter
 .data.counter1
                0x20000060        0x4 obj\release\board\interapt.o
                0x20000060                counter1
 .data.s        0x20000064        0x4 obj\release\board\interapt.o
                0x20000064                s
 .data.sp       0x20000068        0x4 obj\release\board\interapt.o
                0x20000068                sp
 .data.dmaData  0x2000006c       0x24 obj\release\board\usart.o
                0x2000006c                dmaData
 .data.encData  0x20000090       0x1c obj\release\board\usart.o
                0x20000090                encData
 .data.usbd_cdc_CfgDesc
                0x200000ac       0x44 obj\release\library\cdc\src\usbd_cdc_core.o
                0x200000ac                usbd_cdc_CfgDesc
 .data.cdcCmd   0x200000f0        0x4 obj\release\library\cdc\src\usbd_cdc_core.o
 .data.USBD_CDC_cb
                0x200000f4       0x2c obj\release\library\cdc\src\usbd_cdc_core.o
                0x200000f4                USBD_CDC_cb
 .data.USBD_DCD_INT_cb
                0x20000120       0x2c obj\release\library\core\src\usbd_core.o
                0x20000120                USBD_DCD_INT_cb
 .data.USBD_DCD_INT_fops
                0x2000014c        0x4 obj\release\library\core\src\usbd_core.o
                0x2000014c                USBD_DCD_INT_fops
 .data.inCommand
                0x20000150        0x8 obj\release\robot\communication.o
                0x20000150                inCommand
 .data.receiveBufferEnd
                0x20000158        0x4 obj\release\robot\dynamixel_control.o
                0x20000158                receiveBufferEnd
 .data.linecoding
                0x2000015c        0x8 obj\release\usb app\usbd_cdc_vcp.o
                0x2000015c                linecoding
 .data.VCP_fops
                0x20000164       0x14 obj\release\usb app\usbd_cdc_vcp.o
                0x20000164                VCP_fops
 .data.USR_desc
                0x20000178       0x1c obj\release\usb app\usbd_desc.o
                0x20000178                USR_desc
 .data.USBD_DeviceDesc
                0x20000194       0x14 obj\release\usb app\usbd_desc.o
                0x20000194                USBD_DeviceDesc
 .data.USBD_LangIDDesc
                0x200001a8        0x4 obj\release\usb app\usbd_desc.o
                0x200001a8                USBD_LangIDDesc
 .data.USBD_StringSerial
                0x200001ac       0x1c obj\release\usb app\usbd_desc.o
                0x200001ac                USBD_StringSerial
 .data.USR_cb   0x200001c8       0x1c obj\release\usb app\usbd_usr.o
                0x200001c8                USR_cb
 .data.APBAHBPrescTable
                0x200001e4       0x10 obj\release\spl\src\stm32f4xx_rcc.o
 *fill*         0x200001f4        0x4 
 .data.impure_data
                0x200001f8      0x428 c:/program files (x86)/emblocks/2.30/share/em_armgcc/bin/../lib/gcc/arm-none-eabi/4.7.3/../../../../arm-none-eabi/lib/armv7e-m/fpu\libc_f.a(lib_a-impure.o)
 .data._impure_ptr
                0x20000620        0x4 c:/program files (x86)/emblocks/2.30/share/em_armgcc/bin/../lib/gcc/arm-none-eabi/4.7.3/../../../../arm-none-eabi/lib/armv7e-m/fpu\libc_f.a(lib_a-impure.o)
                0x20000620                _impure_ptr
 .data.lconv    0x20000624       0x38 c:/program files (x86)/emblocks/2.30/share/em_armgcc/bin/../lib/gcc/arm-none-eabi/4.7.3/../../../../arm-none-eabi/lib/armv7e-m/fpu\libc_f.a(lib_a-locale.o)
 .data.__malloc_av_
                0x2000065c      0x408 c:/program files (x86)/emblocks/2.30/share/em_armgcc/bin/../lib/gcc/arm-none-eabi/4.7.3/../../../../arm-none-eabi/lib/armv7e-m/fpu\libc_f.a(lib_a-mallocr.o)
                0x2000065c                __malloc_av_
 .data.__malloc_trim_threshold
                0x20000a64        0x4 c:/program files (x86)/emblocks/2.30/share/em_armgcc/bin/../lib/gcc/arm-none-eabi/4.7.3/../../../../arm-none-eabi/lib/armv7e-m/fpu\libc_f.a(lib_a-mallocr.o)
                0x20000a64                __malloc_trim_threshold
 .data.__malloc_sbrk_base
                0x20000a68        0x4 c:/program files (x86)/emblocks/2.30/share/em_armgcc/bin/../lib/gcc/arm-none-eabi/4.7.3/../../../../arm-none-eabi/lib/armv7e-m/fpu\libc_f.a(lib_a-mallocr.o)
                0x20000a68                __malloc_sbrk_base
                0x20000a6c                . = ALIGN (0x4)
                0x20000a6c                PROVIDE (__preinit_array_start, .)
 *(.preinit_array)
                0x20000a6c                PROVIDE (__preinit_array_end, .)
                0x20000a6c                . = ALIGN (0x4)
                0x20000a6c                PROVIDE (__init_array_start, .)
 *(SORT(.init_array.*))
 .init_array.00000
                0x20000a6c        0x4 c:/program files (x86)/emblocks/2.30/share/em_armgcc/bin/../lib/gcc/arm-none-eabi/4.7.3/../../../../arm-none-eabi/lib/armv7e-m/fpu\libc_f.a(lib_a-__call_atexit.o)
 *(.init_array)
 .init_array    0x20000a70        0x4 c:/program files (x86)/emblocks/2.30/share/em_armgcc/bin/../lib/gcc/arm-none-eabi/4.7.3/armv7e-m/fpu/crtbegin.o
                0x20000a74                PROVIDE (__init_array_end, .)
                0x20000a74                . = ALIGN (0x4)
                0x20000a74                PROVIDE (__fini_array_start, .)
 *(SORT(.fini_array.*))
 *(.fini_array)
 .fini_array    0x20000a74        0x4 c:/program files (x86)/emblocks/2.30/share/em_armgcc/bin/../lib/gcc/arm-none-eabi/4.7.3/armv7e-m/fpu/crtbegin.o
                0x20000a78                PROVIDE (__fini_array_end, .)
                0x20000a78                . = ALIGN (0x4)
                0x20000a78                __data_end__ = .

.jcr            0x20000a78        0x0 load address 0x0800fa08
 .jcr           0x20000a78        0x0 c:/program files (x86)/emblocks/2.30/share/em_armgcc/bin/../lib/gcc/arm-none-eabi/4.7.3/armv7e-m/fpu/crtbegin.o

.igot.plt       0x20000a78        0x0 load address 0x0800fa08
 .igot.plt      0x00000000        0x0 c:/program files (x86)/emblocks/2.30/share/em_armgcc/bin/../lib/gcc/arm-none-eabi/4.7.3/armv7e-m/fpu/crtbegin.o

.bss            0x20000a78     0x1290 load address 0x0800fa08
                0x20000a78                __bss_start__ = .
 *(.bss*)
 .bss           0x20000a78       0x1c c:/program files (x86)/emblocks/2.30/share/em_armgcc/bin/../lib/gcc/arm-none-eabi/4.7.3/armv7e-m/fpu/crtbegin.o
 .bss.oldLeftEncoder
                0x20000a94        0x2 obj\release\board\encoders.o
 .bss.oldRightEncoder
                0x20000a96        0x2 obj\release\board\encoders.o
 .bss.leftEncoder
                0x20000a98        0x2 obj\release\board\encoders.o
 .bss.rightEncoder
                0x20000a9a        0x2 obj\release\board\encoders.o
 .bss.usbd_cdc_AltSet
                0x20000a9c        0x4 obj\release\library\cdc\src\usbd_cdc_core.o
 .bss.APP_Rx_ptr_in
                0x20000aa0        0x4 obj\release\library\cdc\src\usbd_cdc_core.o
                0x20000aa0                APP_Rx_ptr_in
 .bss.APP_Rx_ptr_out
                0x20000aa4        0x4 obj\release\library\cdc\src\usbd_cdc_core.o
                0x20000aa4                APP_Rx_ptr_out
 .bss.APP_Rx_length
                0x20000aa8        0x4 obj\release\library\cdc\src\usbd_cdc_core.o
                0x20000aa8                APP_Rx_length
 .bss.USB_Tx_State
                0x20000aac        0x1 obj\release\library\cdc\src\usbd_cdc_core.o
                0x20000aac                USB_Tx_State
 *fill*         0x20000aad        0x3 
 .bss.cdcLen    0x20000ab0        0x4 obj\release\library\cdc\src\usbd_cdc_core.o
 .bss.FrameCount.8664
                0x20000ab4        0x4 obj\release\library\cdc\src\usbd_cdc_core.o
 .bss.USBD_ep_status
                0x20000ab8        0x4 obj\release\library\core\src\usbd_req.o
                0x20000ab8                USBD_ep_status
 .bss.USBD_default_cfg
                0x20000abc        0x4 obj\release\library\core\src\usbd_req.o
                0x20000abc                USBD_default_cfg
 .bss.USBD_cfg_status
                0x20000ac0        0x4 obj\release\library\core\src\usbd_req.o
                0x20000ac0                USBD_cfg_status
 .bss.cfgidx.8673
                0x20000ac4        0x1 obj\release\library\core\src\usbd_req.o
 *fill*         0x20000ac5        0x3 
 .bss.contrr    0x20000ac8        0x4 obj\release\robot\robot.o
                0x20000ac8                contrr
 .bss.robotCoord
                0x20000acc        0xc obj\release\robot\robot.o
                0x20000acc                robotCoord
 .bss.robotSpeed
                0x20000ad8        0xc obj\release\robot\robot.o
                0x20000ad8                robotSpeed
 .bss.taskrot   0x20000ae4        0x4 obj\release\src\main.o
                0x20000ae4                taskrot
 .bss.taskmove  0x20000ae8        0x4 obj\release\src\main.o
                0x20000ae8                taskmove
 .bss.__malloc_max_total_mem
                0x20000aec        0x4 c:/program files (x86)/emblocks/2.30/share/em_armgcc/bin/../lib/gcc/arm-none-eabi/4.7.3/../../../../arm-none-eabi/lib/armv7e-m/fpu\libc_f.a(lib_a-mallocr.o)
                0x20000aec                __malloc_max_total_mem
 .bss.__malloc_max_sbrked_mem
                0x20000af0        0x4 c:/program files (x86)/emblocks/2.30/share/em_armgcc/bin/../lib/gcc/arm-none-eabi/4.7.3/../../../../arm-none-eabi/lib/armv7e-m/fpu\libc_f.a(lib_a-mallocr.o)
                0x20000af0                __malloc_max_sbrked_mem
 .bss.__malloc_top_pad
                0x20000af4        0x4 c:/program files (x86)/emblocks/2.30/share/em_armgcc/bin/../lib/gcc/arm-none-eabi/4.7.3/../../../../arm-none-eabi/lib/armv7e-m/fpu\libc_f.a(lib_a-mallocr.o)
                0x20000af4                __malloc_top_pad
 .bss.__malloc_current_mallinfo
                0x20000af8       0x28 c:/program files (x86)/emblocks/2.30/share/em_armgcc/bin/../lib/gcc/arm-none-eabi/4.7.3/../../../../arm-none-eabi/lib/armv7e-m/fpu\libc_f.a(lib_a-mallocr.o)
                0x20000af8                __malloc_current_mallinfo
 .bss.heap_end.4240
                0x20000b20        0x4 c:/program files (x86)/emblocks/2.30/share/em_armgcc/bin/../lib/gcc/arm-none-eabi/4.7.3/../../../../arm-none-eabi/lib/armv7e-m/fpu\libnosys_f.a(sbrk.o)
 *(COMMON)
 COMMON         0x20000b24        0x4 obj\release\board\dma.o
                0x20000b24                ADCConvertedValues
 COMMON         0x20000b28       0x90 obj\release\board\pid.o
                0x20000b28                motorSpeed
                0x20000b30                wheelsPidStruct
                0x20000bb0                regulatorOut
 COMMON         0x20000bb8       0x1e obj\release\board\encoders.o
                0x20000bb8                rotCount
                0x20000bbc                fwdTotal
                0x20000bc0                fwdCount
                0x20000bc4                rotTotal
                0x20000bc8                leftCount
                0x20000bcc                rightTotal
                0x20000bd0                leftTotal
                0x20000bd4                rightCount
 *fill*         0x20000bd6        0x2 
 COMMON         0x20000bd8      0x150 obj\release\board\usart.o
                0x20000bd8                param
                0x20000bf6                dataIndex
                0x20000bf8                outData
                0x20000c18                inData
                0x20000c58                usart1Data
                0x20000c60                Buffer
 COMMON         0x20000d28      0x88c obj\release\library\cdc\src\usbd_cdc_core.o
                0x20000d28                usbd_cdc_OtherCfgDesc
                0x20000d6c                USB_Rx_Buffer
                0x20000dac                CmdBuff
                0x20000db4                APP_Rx_Buffer
 COMMON         0x200015b4        0x4 obj\release\library\core\src\usbd_core.o
                0x200015b4                SET_TEST_MODE
 COMMON         0x200015b8       0x40 obj\release\robot\dynamixel_control.o
                0x200015b8                response
                0x200015d8                receiveBuffer
 COMMON         0x200015f8       0x10 obj\release\usb app\usbd_cdc_vcp.o
                0x200015f8                USART_InitStructure
 COMMON         0x20001608       0xff obj\release\usb app\usbd_desc.o
                0x20001608                USBD_StrDesc
 *fill*         0x20001707        0x1 
 COMMON         0x20001708      0x5fc obj\release\src\main.o
                0x20001708                mode
                0x2000170c                multiplier
                0x20001710                USB_OTG_dev
 COMMON         0x20001d04        0x4 c:/program files (x86)/emblocks/2.30/share/em_armgcc/bin/../lib/gcc/arm-none-eabi/4.7.3/../../../../arm-none-eabi/lib/armv7e-m/fpu\libc_f.a(lib_a-reent.o)
                0x20001d04                errno
                0x20001d08                __bss_end__ = .

.heap           0x20001d08        0x0
                0x20001d08                __end__ = .
                0x20001d08                end = __end__
 *(.heap*)
 .heap          0x20001d08        0x0 obj\release\src\startup_stm32f4xx.o
                0x20001d08                __HeapLimit = .

.stack_dummy    0x20001d08      0x100
 *(.stack)
 .stack         0x20001d08      0x100 obj\release\src\startup_stm32f4xx.o
                0x20020000                __StackTop = (ORIGIN (RAM) + 0x20000)
                0x2001ff00                __StackLimit = (__StackTop - SIZEOF (.stack_dummy))
                0x20020000                PROVIDE (__stack, __StackTop)
                0x00000001                ASSERT ((__StackLimit >= __HeapLimit), region RAM overflowed with stack)
LOAD obj\release\board\adc.o
LOAD obj\release\board\board.o
LOAD obj\release\board\dma.o
LOAD obj\release\board\interrupts.o
LOAD obj\release\board\pid.o
LOAD obj\release\board\encoders.o
LOAD obj\release\board\hall.o
LOAD obj\release\board\interapt.o
LOAD obj\release\board\kinematics.o
LOAD obj\release\board\tim.o
LOAD obj\release\board\usart.o
LOAD obj\release\library\cdc\src\usbd_cdc_core.o
LOAD obj\release\library\core\src\usb_core.o
LOAD obj\release\library\core\src\usb_dcd.o
LOAD obj\release\library\core\src\usb_dcd_int.o
LOAD obj\release\library\core\src\usbd_core.o
LOAD obj\release\library\core\src\usbd_ioreq.o
LOAD obj\release\library\core\src\usbd_req.o
LOAD obj\release\robot\communication.o
LOAD obj\release\robot\dynamixel_control.o
LOAD obj\release\robot\kinematics.o
LOAD obj\release\robot\manipulators.o
LOAD obj\release\robot\path.o
LOAD obj\release\robot\regulator.o
LOAD obj\release\robot\matrix.o
LOAD obj\release\robot\robot.o
LOAD obj\release\usb app\stm32fxxx_it.o
LOAD obj\release\usb app\usb_bsp.o
LOAD obj\release\usb app\usbd_cdc_vcp.o
LOAD obj\release\usb app\usbd_desc.o
LOAD obj\release\usb app\usbd_usr.o
LOAD obj\release\spl\src\misc.o
LOAD obj\release\spl\src\stm32f4xx_adc.o
LOAD obj\release\spl\src\stm32f4xx_can.o
LOAD obj\release\spl\src\stm32f4xx_cec.o
LOAD obj\release\spl\src\stm32f4xx_crc.o
LOAD obj\release\spl\src\stm32f4xx_cryp.o
LOAD obj\release\spl\src\stm32f4xx_cryp_aes.o
LOAD obj\release\spl\src\stm32f4xx_cryp_des.o
LOAD obj\release\spl\src\stm32f4xx_cryp_tdes.o
LOAD obj\release\spl\src\stm32f4xx_dac.o
LOAD obj\release\spl\src\stm32f4xx_dbgmcu.o
LOAD obj\release\spl\src\stm32f4xx_dcmi.o
LOAD obj\release\spl\src\stm32f4xx_dma.o
LOAD obj\release\spl\src\stm32f4xx_dma2d.o
LOAD obj\release\spl\src\stm32f4xx_dsi.o
LOAD obj\release\spl\src\stm32f4xx_exti.o
LOAD obj\release\spl\src\stm32f4xx_gpio.o
LOAD obj\release\spl\src\stm32f4xx_hash.o
LOAD obj\release\spl\src\stm32f4xx_hash_md5.o
LOAD obj\release\spl\src\stm32f4xx_hash_sha1.o
LOAD obj\release\spl\src\stm32f4xx_i2c.o
LOAD obj\release\spl\src\stm32f4xx_iwdg.o
LOAD obj\release\spl\src\stm32f4xx_lptim.o
LOAD obj\release\spl\src\stm32f4xx_ltdc.o
LOAD obj\release\spl\src\stm32f4xx_pwr.o
LOAD obj\release\spl\src\stm32f4xx_qspi.o
LOAD obj\release\spl\src\stm32f4xx_rcc.o
LOAD obj\release\spl\src\stm32f4xx_rng.o
LOAD obj\release\spl\src\stm32f4xx_rtc.o
LOAD obj\release\spl\src\stm32f4xx_sai.o
LOAD obj\release\spl\src\stm32f4xx_sdio.o
LOAD obj\release\spl\src\stm32f4xx_spdifrx.o
LOAD obj\release\spl\src\stm32f4xx_spi.o
LOAD obj\release\spl\src\stm32f4xx_syscfg.o
LOAD obj\release\spl\src\stm32f4xx_tim.o
LOAD obj\release\spl\src\stm32f4xx_usart.o
LOAD obj\release\spl\src\stm32f4xx_wwdg.o
LOAD obj\release\src\main.o
LOAD obj\release\src\startup_stm32f4xx.o
LOAD obj\release\src\system_stm32f4xx.o
START GROUP
LOAD c:/program files (x86)/emblocks/2.30/share/em_armgcc/bin/../lib/gcc/arm-none-eabi/4.7.3/armv7e-m/fpu\libgcc.a
LOAD c:/program files (x86)/emblocks/2.30/share/em_armgcc/bin/../lib/gcc/arm-none-eabi/4.7.3/../../../../arm-none-eabi/lib/armv7e-m/fpu\libc_f.a
LOAD c:/program files (x86)/emblocks/2.30/share/em_armgcc/bin/../lib/gcc/arm-none-eabi/4.7.3/../../../../arm-none-eabi/lib/armv7e-m/fpu\libg_f.a
LOAD c:/program files (x86)/emblocks/2.30/share/em_armgcc/bin/../lib/gcc/arm-none-eabi/4.7.3/../../../../arm-none-eabi/lib/armv7e-m/fpu\libm_f.a
LOAD c:/program files (x86)/emblocks/2.30/share/em_armgcc/bin/../lib/gcc/arm-none-eabi/4.7.3/../../../../arm-none-eabi/lib/armv7e-m/fpu\libnosys_f.a
END GROUP
LOAD c:/program files (x86)/emblocks/2.30/share/em_armgcc/bin/../lib/gcc/arm-none-eabi/4.7.3/armv7e-m/fpu/crtend.o
LOAD c:/program files (x86)/emblocks/2.30/share/em_armgcc/bin/../lib/gcc/arm-none-eabi/4.7.3/armv7e-m/fpu/crtn.o
OUTPUT(bin\Release\Robot V2.elf elf32-littlearm)

.ARM.attributes
                0x00000000       0x30
 .ARM.attributes
                0x00000000       0x22 c:/program files (x86)/emblocks/2.30/share/em_armgcc/bin/../lib/gcc/arm-none-eabi/4.7.3/armv7e-m/fpu/crti.o
 .ARM.attributes
                0x00000022       0x34 c:/program files (x86)/emblocks/2.30/share/em_armgcc/bin/../lib/gcc/arm-none-eabi/4.7.3/armv7e-m/fpu/crtbegin.o
 .ARM.attributes
                0x00000056       0x20 c:/program files (x86)/emblocks/2.30/share/em_armgcc/bin/../lib/gcc/arm-none-eabi/4.7.3/../../../../arm-none-eabi/lib/armv7e-m/fpu/crt0.o
 .ARM.attributes
                0x00000076       0x39 obj\release\board\adc.o
 .ARM.attributes
                0x000000af       0x39 obj\release\board\dma.o
 .ARM.attributes
                0x000000e8       0x39 obj\release\board\pid.o
 .ARM.attributes
                0x00000121       0x39 obj\release\board\encoders.o
 .ARM.attributes
                0x0000015a       0x39 obj\release\board\hall.o
 .ARM.attributes
                0x00000193       0x39 obj\release\board\interapt.o
 .ARM.attributes
                0x000001cc       0x39 obj\release\board\tim.o
 .ARM.attributes
                0x00000205       0x39 obj\release\board\usart.o
 .ARM.attributes
                0x0000023e       0x39 obj\release\library\cdc\src\usbd_cdc_core.o
 .ARM.attributes
                0x00000277       0x39 obj\release\library\core\src\usb_core.o
 .ARM.attributes
                0x000002b0       0x39 obj\release\library\core\src\usb_dcd.o
 .ARM.attributes
                0x000002e9       0x39 obj\release\library\core\src\usb_dcd_int.o
 .ARM.attributes
                0x00000322       0x39 obj\release\library\core\src\usbd_core.o
 .ARM.attributes
                0x0000035b       0x39 obj\release\library\core\src\usbd_ioreq.o
 .ARM.attributes
                0x00000394       0x39 obj\release\library\core\src\usbd_req.o
 .ARM.attributes
                0x000003cd       0x39 obj\release\robot\communication.o
 .ARM.attributes
                0x00000406       0x39 obj\release\robot\dynamixel_control.o
 .ARM.attributes
                0x0000043f       0x39 obj\release\robot\robot.o
 .ARM.attributes
                0x00000478       0x39 obj\release\usb app\stm32fxxx_it.o
 .ARM.attributes
                0x000004b1       0x39 obj\release\usb app\usb_bsp.o
 .ARM.attributes
                0x000004ea       0x39 obj\release\usb app\usbd_cdc_vcp.o
 .ARM.attributes
                0x00000523       0x39 obj\release\usb app\usbd_desc.o
 .ARM.attributes
                0x0000055c       0x39 obj\release\usb app\usbd_usr.o
 .ARM.attributes
                0x00000595       0x39 obj\release\spl\src\misc.o
 .ARM.attributes
                0x000005ce       0x39 obj\release\spl\src\stm32f4xx_adc.o
 .ARM.attributes
                0x00000607       0x39 obj\release\spl\src\stm32f4xx_dma.o
 .ARM.attributes
                0x00000640       0x39 obj\release\spl\src\stm32f4xx_gpio.o
 .ARM.attributes
                0x00000679       0x39 obj\release\spl\src\stm32f4xx_rcc.o
 .ARM.attributes
                0x000006b2       0x39 obj\release\spl\src\stm32f4xx_tim.o
 .ARM.attributes
                0x000006eb       0x39 obj\release\spl\src\stm32f4xx_usart.o
 .ARM.attributes
                0x00000724       0x39 obj\release\src\main.o
 .ARM.attributes
                0x0000075d       0x1f obj\release\src\startup_stm32f4xx.o
 .ARM.attributes
                0x0000077c       0x39 obj\release\src\system_stm32f4xx.o
 .ARM.attributes
                0x000007b5       0x22 c:/program files (x86)/emblocks/2.30/share/em_armgcc/bin/../lib/gcc/arm-none-eabi/4.7.3/armv7e-m/fpu\libgcc.a(_arm_addsubdf3.o)
 .ARM.attributes
                0x000007d7       0x22 c:/program files (x86)/emblocks/2.30/share/em_armgcc/bin/../lib/gcc/arm-none-eabi/4.7.3/armv7e-m/fpu\libgcc.a(_arm_muldivdf3.o)
 .ARM.attributes
                0x000007f9       0x22 c:/program files (x86)/emblocks/2.30/share/em_armgcc/bin/../lib/gcc/arm-none-eabi/4.7.3/armv7e-m/fpu\libgcc.a(_arm_cmpdf2.o)
 .ARM.attributes
                0x0000081b       0x22 c:/program files (x86)/emblocks/2.30/share/em_armgcc/bin/../lib/gcc/arm-none-eabi/4.7.3/armv7e-m/fpu\libgcc.a(_arm_fixdfsi.o)
 .ARM.attributes
                0x0000083d       0x22 c:/program files (x86)/emblocks/2.30/share/em_armgcc/bin/../lib/gcc/arm-none-eabi/4.7.3/armv7e-m/fpu\libgcc.a(_arm_truncdfsf2.o)
 .ARM.attributes
                0x0000085f       0x30 c:/program files (x86)/emblocks/2.30/share/em_armgcc/bin/../lib/gcc/arm-none-eabi/4.7.3/../../../../arm-none-eabi/lib/armv7e-m/fpu\libc_f.a(lib_a-exit.o)
 .ARM.attributes
                0x0000088f       0x30 c:/program files (x86)/emblocks/2.30/share/em_armgcc/bin/../lib/gcc/arm-none-eabi/4.7.3/../../../../arm-none-eabi/lib/armv7e-m/fpu\libc_f.a(lib_a-impure.o)
 .ARM.attributes
                0x000008bf       0x30 c:/program files (x86)/emblocks/2.30/share/em_armgcc/bin/../lib/gcc/arm-none-eabi/4.7.3/../../../../arm-none-eabi/lib/armv7e-m/fpu\libc_f.a(lib_a-init.o)
 .ARM.attributes
                0x000008ef       0x20 c:/program files (x86)/emblocks/2.30/share/em_armgcc/bin/../lib/gcc/arm-none-eabi/4.7.3/../../../../arm-none-eabi/lib/armv7e-m/fpu\libc_f.a(lib_a-memcpy.o)
 .ARM.attributes
                0x0000090f       0x30 c:/program files (x86)/emblocks/2.30/share/em_armgcc/bin/../lib/gcc/arm-none-eabi/4.7.3/../../../../arm-none-eabi/lib/armv7e-m/fpu\libc_f.a(lib_a-memset.o)
 .ARM.attributes
                0x0000093f       0x30 c:/program files (x86)/emblocks/2.30/share/em_armgcc/bin/../lib/gcc/arm-none-eabi/4.7.3/../../../../arm-none-eabi/lib/armv7e-m/fpu\libc_f.a(lib_a-putchar.o)
 .ARM.attributes
                0x0000096f       0x30 c:/program files (x86)/emblocks/2.30/share/em_armgcc/bin/../lib/gcc/arm-none-eabi/4.7.3/../../../../arm-none-eabi/lib/armv7e-m/fpu\libc_f.a(lib_a-snprintf.o)
 .ARM.attributes
                0x0000099f       0x30 c:/program files (x86)/emblocks/2.30/share/em_armgcc/bin/../lib/gcc/arm-none-eabi/4.7.3/../../../../arm-none-eabi/lib/armv7e-m/fpu\libc_f.a(lib_a-strlen.o)
 .ARM.attributes
                0x000009cf       0x30 c:/program files (x86)/emblocks/2.30/share/em_armgcc/bin/../lib/gcc/arm-none-eabi/4.7.3/../../../../arm-none-eabi/lib/armv7e-m/fpu\libc_f.a(lib_a-svfprintf.o)
 .ARM.attributes
                0x000009ff       0x30 c:/program files (x86)/emblocks/2.30/share/em_armgcc/bin/../lib/gcc/arm-none-eabi/4.7.3/../../../../arm-none-eabi/lib/armv7e-m/fpu\libc_f.a(lib_a-__call_atexit.o)
 .ARM.attributes
                0x00000a2f       0x30 c:/program files (x86)/emblocks/2.30/share/em_armgcc/bin/../lib/gcc/arm-none-eabi/4.7.3/../../../../arm-none-eabi/lib/armv7e-m/fpu\libc_f.a(lib_a-atexit.o)
 .ARM.attributes
                0x00000a5f       0x30 c:/program files (x86)/emblocks/2.30/share/em_armgcc/bin/../lib/gcc/arm-none-eabi/4.7.3/../../../../arm-none-eabi/lib/armv7e-m/fpu\libc_f.a(lib_a-dtoa.o)
 .ARM.attributes
                0x00000a8f       0x30 c:/program files (x86)/emblocks/2.30/share/em_armgcc/bin/../lib/gcc/arm-none-eabi/4.7.3/../../../../arm-none-eabi/lib/armv7e-m/fpu\libc_f.a(lib_a-fini.o)
 .ARM.attributes
                0x00000abf       0x30 c:/program files (x86)/emblocks/2.30/share/em_armgcc/bin/../lib/gcc/arm-none-eabi/4.7.3/../../../../arm-none-eabi/lib/armv7e-m/fpu\libc_f.a(lib_a-locale.o)
 .ARM.attributes
                0x00000aef       0x30 c:/program files (x86)/emblocks/2.30/share/em_armgcc/bin/../lib/gcc/arm-none-eabi/4.7.3/../../../../arm-none-eabi/lib/armv7e-m/fpu\libc_f.a(lib_a-mallocr.o)
 .ARM.attributes
                0x00000b1f       0x30 c:/program files (x86)/emblocks/2.30/share/em_armgcc/bin/../lib/gcc/arm-none-eabi/4.7.3/../../../../arm-none-eabi/lib/armv7e-m/fpu\libc_f.a(lib_a-memchr-stub.o)
 .ARM.attributes
                0x00000b4f       0x30 c:/program files (x86)/emblocks/2.30/share/em_armgcc/bin/../lib/gcc/arm-none-eabi/4.7.3/../../../../arm-none-eabi/lib/armv7e-m/fpu\libc_f.a(lib_a-mlock.o)
 .ARM.attributes
                0x00000b7f       0x30 c:/program files (x86)/emblocks/2.30/share/em_armgcc/bin/../lib/gcc/arm-none-eabi/4.7.3/../../../../arm-none-eabi/lib/armv7e-m/fpu\libc_f.a(lib_a-mprec.o)
 .ARM.attributes
                0x00000baf       0x30 c:/program files (x86)/emblocks/2.30/share/em_armgcc/bin/../lib/gcc/arm-none-eabi/4.7.3/../../../../arm-none-eabi/lib/armv7e-m/fpu\libc_f.a(lib_a-putc.o)
 .ARM.attributes
                0x00000bdf       0x30 c:/program files (x86)/emblocks/2.30/share/em_armgcc/bin/../lib/gcc/arm-none-eabi/4.7.3/../../../../arm-none-eabi/lib/armv7e-m/fpu\libc_f.a(lib_a-s_fpclassify.o)
 .ARM.attributes
                0x00000c0f       0x30 c:/program files (x86)/emblocks/2.30/share/em_armgcc/bin/../lib/gcc/arm-none-eabi/4.7.3/../../../../arm-none-eabi/lib/armv7e-m/fpu\libc_f.a(lib_a-sbrkr.o)
 .ARM.attributes
                0x00000c3f       0x30 c:/program files (x86)/emblocks/2.30/share/em_armgcc/bin/../lib/gcc/arm-none-eabi/4.7.3/../../../../arm-none-eabi/lib/armv7e-m/fpu\libc_f.a(lib_a-svfiprintf.o)
 .ARM.attributes
                0x00000c6f       0x30 c:/program files (x86)/emblocks/2.30/share/em_armgcc/bin/../lib/gcc/arm-none-eabi/4.7.3/../../../../arm-none-eabi/lib/armv7e-m/fpu\libc_f.a(lib_a-wbuf.o)
 .ARM.attributes
                0x00000c9f       0x30 c:/program files (x86)/emblocks/2.30/share/em_armgcc/bin/../lib/gcc/arm-none-eabi/4.7.3/../../../../arm-none-eabi/lib/armv7e-m/fpu\libc_f.a(lib_a-wsetup.o)
 .ARM.attributes
                0x00000ccf       0x30 c:/program files (x86)/emblocks/2.30/share/em_armgcc/bin/../lib/gcc/arm-none-eabi/4.7.3/../../../../arm-none-eabi/lib/armv7e-m/fpu\libc_f.a(lib_a-__atexit.o)
 .ARM.attributes
                0x00000cff       0x30 c:/program files (x86)/emblocks/2.30/share/em_armgcc/bin/../lib/gcc/arm-none-eabi/4.7.3/../../../../arm-none-eabi/lib/armv7e-m/fpu\libc_f.a(lib_a-callocr.o)
 .ARM.attributes
                0x00000d2f       0x30 c:/program files (x86)/emblocks/2.30/share/em_armgcc/bin/../lib/gcc/arm-none-eabi/4.7.3/../../../../arm-none-eabi/lib/armv7e-m/fpu\libc_f.a(lib_a-fflush.o)
 .ARM.attributes
                0x00000d5f       0x30 c:/program files (x86)/emblocks/2.30/share/em_armgcc/bin/../lib/gcc/arm-none-eabi/4.7.3/../../../../arm-none-eabi/lib/armv7e-m/fpu\libc_f.a(lib_a-findfp.o)
 .ARM.attributes
                0x00000d8f       0x30 c:/program files (x86)/emblocks/2.30/share/em_armgcc/bin/../lib/gcc/arm-none-eabi/4.7.3/../../../../arm-none-eabi/lib/armv7e-m/fpu\libc_f.a(lib_a-freer.o)
 .ARM.attributes
                0x00000dbf       0x30 c:/program files (x86)/emblocks/2.30/share/em_armgcc/bin/../lib/gcc/arm-none-eabi/4.7.3/../../../../arm-none-eabi/lib/armv7e-m/fpu\libc_f.a(lib_a-fwalk.o)
 .ARM.attributes
                0x00000def       0x30 c:/program files (x86)/emblocks/2.30/share/em_armgcc/bin/../lib/gcc/arm-none-eabi/4.7.3/../../../../arm-none-eabi/lib/armv7e-m/fpu\libc_f.a(lib_a-makebuf.o)
 .ARM.attributes
                0x00000e1f       0x30 c:/program files (x86)/emblocks/2.30/share/em_armgcc/bin/../lib/gcc/arm-none-eabi/4.7.3/../../../../arm-none-eabi/lib/armv7e-m/fpu\libc_f.a(lib_a-memmove.o)
 .ARM.attributes