Archive member included because of file (symbol)

c:/program files (x86)/emblocks/2.30/share/em_armgcc/bin/../lib/gcc/arm-none-eabi/4.7.3/armv7e-m/fpu\libgcc.a(_arm_addsubdf3.o)
                              obj\debug\src\main.o (__aeabi_dsub)
c:/program files (x86)/emblocks/2.30/share/em_armgcc/bin/../lib/gcc/arm-none-eabi/4.7.3/armv7e-m/fpu\libgcc.a(_arm_muldivdf3.o)
                              obj\debug\src\main.o (__aeabi_dmul)
c:/program files (x86)/emblocks/2.30/share/em_armgcc/bin/../lib/gcc/arm-none-eabi/4.7.3/armv7e-m/fpu\libgcc.a(_arm_cmpdf2.o)
                              obj\debug\src\main.o (__aeabi_dcmple)
c:/program files (x86)/emblocks/2.30/share/em_armgcc/bin/../lib/gcc/arm-none-eabi/4.7.3/armv7e-m/fpu\libgcc.a(_arm_truncdfsf2.o)
                              obj\debug\src\main.o (__aeabi_d2f)
c:/program files (x86)/emblocks/2.30/share/em_armgcc/bin/../lib/gcc/arm-none-eabi/4.7.3/../../../../arm-none-eabi/lib/armv7e-m/fpu\libc_n.a(lib_a-exit.o)
                              c:/program files (x86)/emblocks/2.30/share/em_armgcc/bin/../lib/gcc/arm-none-eabi/4.7.3/../../../../arm-none-eabi/lib/armv7e-m/fpu/crt0.o (exit)
c:/program files (x86)/emblocks/2.30/share/em_armgcc/bin/../lib/gcc/arm-none-eabi/4.7.3/../../../../arm-none-eabi/lib/armv7e-m/fpu\libc_n.a(lib_a-impure.o)
                              c:/program files (x86)/emblocks/2.30/share/em_armgcc/bin/../lib/gcc/arm-none-eabi/4.7.3/../../../../arm-none-eabi/lib/armv7e-m/fpu\libc_n.a(lib_a-exit.o) (_global_impure_ptr)
c:/program files (x86)/emblocks/2.30/share/em_armgcc/bin/../lib/gcc/arm-none-eabi/4.7.3/../../../../arm-none-eabi/lib/armv7e-m/fpu\libc_n.a(lib_a-init.o)
                              c:/program files (x86)/emblocks/2.30/share/em_armgcc/bin/../lib/gcc/arm-none-eabi/4.7.3/../../../../arm-none-eabi/lib/armv7e-m/fpu/crt0.o (__libc_init_array)
c:/program files (x86)/emblocks/2.30/share/em_armgcc/bin/../lib/gcc/arm-none-eabi/4.7.3/../../../../arm-none-eabi/lib/armv7e-m/fpu\libc_n.a(lib_a-memset.o)
                              c:/program files (x86)/emblocks/2.30/share/em_armgcc/bin/../lib/gcc/arm-none-eabi/4.7.3/../../../../arm-none-eabi/lib/armv7e-m/fpu/crt0.o (memset)
c:/program files (x86)/emblocks/2.30/share/em_armgcc/bin/../lib/gcc/arm-none-eabi/4.7.3/../../../../arm-none-eabi/lib/armv7e-m/fpu\libnosys.a(_exit.o)
                              c:/program files (x86)/emblocks/2.30/share/em_armgcc/bin/../lib/gcc/arm-none-eabi/4.7.3/../../../../arm-none-eabi/lib/armv7e-m/fpu\libc_n.a(lib_a-exit.o) (_exit)

Allocating common symbols
Common symbol       size              file

rotCount            0x2               obj\debug\board\encoders.o
fwdTotal            0x4               obj\debug\board\encoders.o
motorSpeed          0x8               obj\debug\src\main.o
fwdCount            0x2               obj\debug\board\encoders.o
regulatlorOut       0x8               obj\debug\src\main.o
rotTotal            0x4               obj\debug\board\encoders.o
ADCConvertedValues  0x4               obj\debug\board\dma.o
leftCount           0x2               obj\debug\board\encoders.o
traekt              0x4               obj\debug\src\main.o
wheelsPidStruct     0x80              obj\debug\src\main.o
multiplier          0x4               obj\debug\src\main.o
rightTotal          0x4               obj\debug\board\encoders.o
leftTotal           0x4               obj\debug\board\encoders.o
rightCount          0x2               obj\debug\board\encoders.o

Discarded input sections

 .text          0x00000000        0x0 c:/program files (x86)/emblocks/2.30/share/em_armgcc/bin/../lib/gcc/arm-none-eabi/4.7.3/armv7e-m/fpu/crti.o
 .data          0x00000000        0x0 c:/program files (x86)/emblocks/2.30/share/em_armgcc/bin/../lib/gcc/arm-none-eabi/4.7.3/armv7e-m/fpu/crti.o
 .bss           0x00000000        0x0 c:/program files (x86)/emblocks/2.30/share/em_armgcc/bin/../lib/gcc/arm-none-eabi/4.7.3/armv7e-m/fpu/crti.o
 .data          0x00000000        0x4 c:/program files (x86)/emblocks/2.30/share/em_armgcc/bin/../lib/gcc/arm-none-eabi/4.7.3/armv7e-m/fpu/crtbegin.o
 .data          0x00000000        0x0 c:/program files (x86)/emblocks/2.30/share/em_armgcc/bin/../lib/gcc/arm-none-eabi/4.7.3/../../../../arm-none-eabi/lib/armv7e-m/fpu/crt0.o
 .bss           0x00000000        0x0 c:/program files (x86)/emblocks/2.30/share/em_armgcc/bin/../lib/gcc/arm-none-eabi/4.7.3/../../../../arm-none-eabi/lib/armv7e-m/fpu/crt0.o
 .ARM.extab     0x00000000        0x0 c:/program files (x86)/emblocks/2.30/share/em_armgcc/bin/../lib/gcc/arm-none-eabi/4.7.3/../../../../arm-none-eabi/lib/armv7e-m/fpu/crt0.o
 .group         0x00000000        0x8 obj\debug\spl\src\misc.o
 .group         0x00000000        0x8 obj\debug\spl\src\misc.o
 .group         0x00000000        0x8 obj\debug\spl\src\misc.o
 .group         0x00000000        0x8 obj\debug\spl\src\misc.o
 .group         0x00000000        0x8 obj\debug\spl\src\misc.o
 .group         0x00000000        0x8 obj\debug\spl\src\misc.o
[...]
Memory Configuration

Name             Origin             Length             Attributes
ROM              0x08000000         0x00100000         xr
RAM              0x20000000         0x00020000         xrw
CCRAM            0x10000000         0x00010000         xrw
*default*        0x00000000         0xffffffff

Linker script and memory map

LOAD c:/program files (x86)/emblocks/2.30/share/em_armgcc/bin/../lib/gcc/arm-none-eabi/4.7.3/armv7e-m/fpu/crti.o
LOAD c:/program files (x86)/emblocks/2.30/share/em_armgcc/bin/../lib/gcc/arm-none-eabi/4.7.3/armv7e-m/fpu/crtbegin.o
LOAD c:/program files (x86)/emblocks/2.30/share/em_armgcc/bin/../lib/gcc/arm-none-eabi/4.7.3/../../../../arm-none-eabi/lib/armv7e-m/fpu/crt0.o
                0x00000000                __HEAP_SIZE = 0x0
                0x00000100                __STACK_SIZE = 0x100

.text           0x08000000     0x45b8
 *(.isr_vector)
 .isr_vector    0x08000000      0x188 obj\debug\src\startup_stm32f4xx.o
                0x08000000                __isr_vector
 *(.text*)
 .text          0x08000188       0x54 c:/program files (x86)/emblocks/2.30/share/em_armgcc/bin/../lib/gcc/arm-none-eabi/4.7.3/armv7e-m/fpu/crtbegin.o
 .text          0x080001dc       0x74 c:/program files (x86)/emblocks/2.30/share/em_armgcc/bin/../lib/gcc/arm-none-eabi/4.7.3/../../../../arm-none-eabi/lib/armv7e-m/fpu/crt0.o
                0x080001dc                _start
                0x080001dc                _mainCRTStartup
 .text.NVIC_Init
                0x08000250       0xe4 obj\debug\spl\src\misc.o
                0x08000250                NVIC_Init
 .text.ADC_DeInit
                0x08000334       0x20 obj\debug\spl\src\stm32f4xx_adc.o
                0x08000334                ADC_DeInit
 .text.ADC_Init
                0x08000354       0xb8 obj\debug\spl\src\stm32f4xx_adc.o
                0x08000354                ADC_Init
 .text.ADC_CommonInit
                0x0800040c       0x5c obj\debug\spl\src\stm32f4xx_adc.o
                0x0800040c                ADC_CommonInit
 .text.ADC_Cmd  0x08000468       0x38 obj\debug\spl\src\stm32f4xx_adc.o
                0x08000468                ADC_Cmd
 .text.ADC_RegularChannelConfig
                0x080004a0      0x1bc obj\debug\spl\src\stm32f4xx_adc.o
                0x080004a0                ADC_RegularChannelConfig
 .text.ADC_SoftwareStartConv
                0x0800065c       0x20 obj\debug\spl\src\stm32f4xx_adc.o
                0x0800065c                ADC_SoftwareStartConv
 .text.ADC_DMACmd
                0x0800067c       0x38 obj\debug\spl\src\stm32f4xx_adc.o
                0x0800067c                ADC_DMACmd
 .text.ADC_DMARequestAfterLastTransferCmd
                0x080006b4       0x38 obj\debug\spl\src\stm32f4xx_adc.o
                0x080006b4                ADC_DMARequestAfterLastTransferCmd
 .text.DMA_DeInit
                0x080006ec      0x244 obj\debug\spl\src\stm32f4xx_dma.o
                0x080006ec                DMA_DeInit
 .text.DMA_Init
                0x08000930       0xb0 obj\debug\spl\src\stm32f4xx_dma.o
                0x08000930                DMA_Init
 .text.DMA_Cmd  0x080009e0       0x38 obj\debug\spl\src\stm32f4xx_dma.o
                0x080009e0                DMA_Cmd
 .text.DMA_GetITStatus
                0x08000a18       0xc0 obj\debug\spl\src\stm32f4xx_dma.o
                0x08000a18                DMA_GetITStatus
 .text.DMA_ClearITPendingBit
                0x08000ad8       0x60 obj\debug\spl\src\stm32f4xx_dma.o
                0x08000ad8                DMA_ClearITPendingBit
 .text.GPIO_Init
                0x08000b38      0x144 obj\debug\spl\src\stm32f4xx_gpio.o
                0x08000b38                GPIO_Init
 .text.GPIO_ReadInputDataBit
                0x08000c7c       0x3c obj\debug\spl\src\stm32f4xx_gpio.o
                0x08000c7c                GPIO_ReadInputDataBit
 .text.GPIO_PinAFConfig
                0x08000cb8       0xa8 obj\debug\spl\src\stm32f4xx_gpio.o
                0x08000cb8                GPIO_PinAFConfig
 .text.RCC_GetClocksFreq
                0x08000d60      0x1cc obj\debug\spl\src\stm32f4xx_rcc.o
                0x08000d60                RCC_GetClocksFreq
 .text.RCC_AHB1PeriphClockCmd
                0x08000f2c       0x54 obj\debug\spl\src\stm32f4xx_rcc.o
                0x08000f2c                RCC_AHB1PeriphClockCmd
 .text.RCC_APB1PeriphClockCmd
                0x08000f80       0x54 obj\debug\spl\src\stm32f4xx_rcc.o
                0x08000f80                RCC_APB1PeriphClockCmd
 .text.RCC_APB2PeriphClockCmd
                0x08000fd4       0x54 obj\debug\spl\src\stm32f4xx_rcc.o
                0x08000fd4                RCC_APB2PeriphClockCmd
 .text.RCC_APB2PeriphResetCmd
                0x08001028       0x54 obj\debug\spl\src\stm32f4xx_rcc.o
                0x08001028                RCC_APB2PeriphResetCmd
 .text.TIM_TimeBaseInit
                0x0800107c       0xf4 obj\debug\spl\src\stm32f4xx_tim.o
                0x0800107c                TIM_TimeBaseInit
 .text.TIM_SetCounter
                0x08001170       0x1c obj\debug\spl\src\stm32f4xx_tim.o
                0x08001170                TIM_SetCounter
 .text.TIM_SetAutoreload
                0x0800118c       0x1c obj\debug\spl\src\stm32f4xx_tim.o
                0x0800118c                TIM_SetAutoreload
 .text.TIM_GetCounter
                0x080011a8       0x18 obj\debug\spl\src\stm32f4xx_tim.o
                0x080011a8                TIM_GetCounter
 .text.TIM_Cmd  0x080011c0       0x40 obj\debug\spl\src\stm32f4xx_tim.o
                0x080011c0                TIM_Cmd
 .text.TIM_ICInit
                0x08001200       0xa8 obj\debug\spl\src\stm32f4xx_tim.o
                0x08001200                TIM_ICInit
 .text.TIM_SetIC1Prescaler
                0x080012a8       0x38 obj\debug\spl\src\stm32f4xx_tim.o
                0x080012a8                TIM_SetIC1Prescaler
 .text.TIM_SetIC2Prescaler
                0x080012e0       0x3c obj\debug\spl\src\stm32f4xx_tim.o
                0x080012e0                TIM_SetIC2Prescaler
 .text.TIM_SetIC3Prescaler
                0x0800131c       0x38 obj\debug\spl\src\stm32f4xx_tim.o
                0x0800131c                TIM_SetIC3Prescaler
 .text.TIM_SetIC4Prescaler
                0x08001354       0x3c obj\debug\spl\src\stm32f4xx_tim.o
                0x08001354                TIM_SetIC4Prescaler
 .text.TIM_ITConfig
                0x08001390       0x48 obj\debug\spl\src\stm32f4xx_tim.o
                0x08001390                TIM_ITConfig
 .text.TIM_GetITStatus
                0x080013d8       0x60 obj\debug\spl\src\stm32f4xx_tim.o
                0x080013d8                TIM_GetITStatus
 .text.TIM_ClearITPendingBit
                0x08001438       0x24 obj\debug\spl\src\stm32f4xx_tim.o
                0x08001438                TIM_ClearITPendingBit
 .text.TIM_SelectInputTrigger
                0x0800145c       0x38 obj\debug\spl\src\stm32f4xx_tim.o
                0x0800145c                TIM_SelectInputTrigger
 .text.TIM_SelectSlaveMode
                0x08001494       0x38 obj\debug\spl\src\stm32f4xx_tim.o
                0x08001494                TIM_SelectSlaveMode
 .text.TIM_EncoderInterfaceConfig
                0x080014cc       0x94 obj\debug\spl\src\stm32f4xx_tim.o
                0x080014cc                TIM_EncoderInterfaceConfig
 .text.TIM_SelectHallSensor
                0x08001560       0x40 obj\debug\spl\src\stm32f4xx_tim.o
                0x08001560                TIM_SelectHallSensor
 .text.TI1_Config
                0x080015a0       0x80 obj\debug\spl\src\stm32f4xx_tim.o
 .text.TI2_Config
                0x08001620       0x9c obj\debug\spl\src\stm32f4xx_tim.o
 .text.TI3_Config
                0x080016bc       0x8c obj\debug\spl\src\stm32f4xx_tim.o
 .text.TI4_Config
                0x08001748       0xa4 obj\debug\spl\src\stm32f4xx_tim.o
 .text.USART_Init
                0x080017ec      0x1ac obj\debug\spl\src\stm32f4xx_usart.o
                0x080017ec                USART_Init
 .text.USART_Cmd
                0x08001998       0x40 obj\debug\spl\src\stm32f4xx_usart.o
                0x08001998                USART_Cmd
 .text.USART_SendData
                0x080019d8       0x28 obj\debug\spl\src\stm32f4xx_usart.o
                0x080019d8                USART_SendData
 .text.USART_ITConfig
                0x08001a00       0xa4 obj\debug\spl\src\stm32f4xx_usart.o
                0x08001a00                USART_ITConfig
 .text.USART_GetITStatus
                0x08001aa4       0xc4 obj\debug\spl\src\stm32f4xx_usart.o
                0x08001aa4                USART_GetITStatus
 .text.USART_ClearITPendingBit
                0x08001b68       0x44 obj\debug\spl\src\stm32f4xx_usart.o
                0x08001b68                USART_ClearITPendingBit
 .text.ADC_Configuration_new
                0x08001bac       0xd8 obj\debug\board\adc.o
                0x08001bac                ADC_Configuration_new
 .text.DMA_Configuration_new
                0x08001c84       0xa0 obj\debug\board\dma.o
                0x08001c84                DMA_Configuration_new
 .text.TIM6_Config
                0x08001d24       0x94 obj\debug\board\tim.o
                0x08001d24                TIM6_Config
 .text.TIM7_Config
                0x08001db8       0x94 obj\debug\board\tim.o
                0x08001db8                TIM7_Config
 .text.init_USART1_1
                0x08001e4c      0x118 obj\debug\board\usart.o
                0x08001e4c                init_USART1_1
 .text.init_USART6_1
                0x08001f64      0x118 obj\debug\board\usart.o
                0x08001f64                init_USART6_1
 .text.encodersInit
                0x0800207c      0x15c obj\debug\board\encoders.o
                0x0800207c                encodersInit
 .text.encodersReset
                0x080021d8       0x84 obj\debug\board\encoders.o
                0x080021d8                encodersReset
 .text.encodersRead
                0x0800225c      0x1e8 obj\debug\board\encoders.o
                0x0800225c                encodersRead
 .text.Inithall
                0x08002444      0x180 obj\debug\board\hall.o
                0x08002444                Inithall
 .text.RCC_Configuration
                0x080025c4      0x134 obj\debug\src\main.o
                0x080025c4                RCC_Configuration
 .text.GPIO_Configuration
                0x080026f8       0x30 obj\debug\src\main.o
                0x080026f8                GPIO_Configuration
 .text.NVIC_Configuration
                0x08002728       0x30 obj\debug\src\main.o
                0x08002728                NVIC_Configuration
 .text.main     0x08002758       0x74 obj\debug\src\main.o
                0x08002758                main
 .text.USART1_IRQHandler
                0x080027cc      0x224 obj\debug\src\main.o
                0x080027cc                USART1_IRQHandler
 .text.USART6_IRQHandler
                0x080029f0      0x1e8 obj\debug\src\main.o
                0x080029f0                USART6_IRQHandler
 .text.DMA2_Stream0_IRQHandler
                0x08002bd8       0x64 obj\debug\src\main.o
                0x08002bd8                DMA2_Stream0_IRQHandler
 .text.TIM6_DAC_IRQHandler
                0x08002c3c       0x90 obj\debug\src\main.o
                0x08002c3c                TIM6_DAC_IRQHandler
 .text.TIM7_IRQHandler
                0x08002ccc       0x2c obj\debug\src\main.o
                0x08002ccc                TIM7_IRQHandler
 .text.TIM2_IRQHandler
                0x08002cf8      0x184 obj\debug\src\main.o
                0x08002cf8                TIM2_IRQHandler
 .text.pidCalc1
                0x08002e7c      0x1e8 obj\debug\src\main.o
                0x08002e7c                pidCalc1
 .text.pidLowLevel1
                0x08003064       0xe0 obj\debug\src\main.o
                0x08003064                pidLowLevel1
 .text.initRegulators1
                0x08003144      0x12c obj\debug\src\main.o
                0x08003144                initRegulators1
 .text.rotateMe
                0x08003270       0xe0 obj\debug\src\main.o
                0x08003270                rotateMe
 .text.GoForward
                0x08003350       0x90 obj\debug\src\main.o
                0x08003350                GoForward
 .text.checkposition
                0x080033e0      0x4a8 obj\debug\src\main.o
                0x080033e0                checkposition
 .text          0x08003888      0x108 obj\debug\src\startup_stm32f4xx.o
                0x08003888                Reset_Handler
                0x080038ce                NMI_Handler
                0x080038d0                HardFault_Handler
                0x080038d2                MemManage_Handler
                0x080038d4                BusFault_Handler
                0x080038d6                UsageFault_Handler
                0x080038d8                SVC_Handler
                0x080038da                DebugMon_Handler
                0x080038dc                PendSV_Handler
                0x080038de                SysTick_Handler
                0x080038e0                Default_Handler
                0x080038e2                WWDG_IRQHandler
                0x080038e4                PVD_IRQHandler
                0x080038e6                TAMP_STAMP_IRQHandler
                0x080038e8                RTC_WKUP_IRQHandler
                0x080038ea                FLASH_IRQHandler
                0x080038ec                RCC_IRQHandler
                0x080038ee                EXTI0_IRQHandler
                0x080038f0                EXTI1_IRQHandler
                0x080038f2                EXTI2_IRQHandler
                0x080038f4                EXTI3_IRQHandler
                0x080038f6                EXTI4_IRQHandler
                0x080038f8                DMA1_Stream0_IRQHandler
                0x080038fa                DMA1_Stream1_IRQHandler
                0x080038fc                DMA1_Stream2_IRQHandler
                0x080038fe                DMA1_Stream3_IRQHandler
                0x08003900                DMA1_Stream4_IRQHandler
                0x08003902                DMA1_Stream5_IRQHandler
                0x08003904                DMA1_Stream6_IRQHandler
                0x08003906                ADC_IRQHandler
                0x08003908                CAN1_TX_IRQHandler
                0x0800390a                CAN1_RX0_IRQHandler
                0x0800390c                CAN1_RX1_IRQHandler
                0x0800390e                CAN1_SCE_IRQHandler
                0x08003910                EXTI9_5_IRQHandler
                0x08003912                TIM1_BRK_TIM9_IRQHandler
                0x08003914                TIM1_UP_TIM10_IRQHandler
                0x08003916                TIM1_TRG_COM_TIM11_IRQHandler
                0x08003918                TIM1_CC_IRQHandler
                0x0800391c                TIM3_IRQHandler
                0x0800391e                TIM4_IRQHandler
                0x08003920                I2C1_EV_IRQHandler
                0x08003922                I2C1_ER_IRQHandler
                0x08003924                I2C2_EV_IRQHandler
                0x08003926                I2C2_ER_IRQHandler
                0x08003928                SPI1_IRQHandler
                0x0800392a                SPI2_IRQHandler
                0x0800392e                USART2_IRQHandler
                0x08003930                USART3_IRQHandler
                0x08003932                EXTI15_10_IRQHandler
                0x08003934                RTC_Alarm_IRQHandler
                0x08003936                OTG_FS_WKUP_IRQHandler
                0x08003938                TIM8_BRK_TIM12_IRQHandler
                0x0800393a                TIM8_UP_TIM13_IRQHandler
                0x0800393c                TIM8_TRG_COM_TIM14_IRQHandler
                0x0800393e                TIM8_CC_IRQHandler
                0x08003940                DMA1_Stream7_IRQHandler
                0x08003942                FSMC_IRQHandler
                0x08003944                SDIO_IRQHandler
                0x08003946                TIM5_IRQHandler
                0x08003948                SPI3_IRQHandler
                0x0800394a                UART4_IRQHandler
                0x0800394c                UART5_IRQHandler
                0x08003954                DMA2_Stream1_IRQHandler
                0x08003956                DMA2_Stream2_IRQHandler
                0x08003958                DMA2_Stream3_IRQHandler
                0x0800395a                DMA2_Stream4_IRQHandler
                0x0800395c                ETH_IRQHandler
                0x0800395e                ETH_WKUP_IRQHandler
                0x08003960                CAN2_TX_IRQHandler
                0x08003962                CAN2_RX0_IRQHandler
                0x08003964                CAN2_RX1_IRQHandler
                0x08003966                CAN2_SCE_IRQHandler
                0x08003968                OTG_FS_IRQHandler
                0x0800396a                DMA2_Stream5_IRQHandler
                0x0800396c                DMA2_Stream6_IRQHandler
                0x0800396e                DMA2_Stream7_IRQHandler
                0x08003972                I2C3_EV_IRQHandler
                0x08003974                I2C3_ER_IRQHandler
                0x08003976                OTG_HS_EP1_OUT_IRQHandler
                0x08003978                OTG_HS_EP1_IN_IRQHandler
                0x0800397a                OTG_HS_WKUP_IRQHandler
                0x0800397c                OTG_HS_IRQHandler
                0x0800397e                DCMI_IRQHandler
                0x08003980                CRYP_IRQHandler
                0x08003982                HASH_RNG_IRQHandler
                0x08003984                FPU_IRQHandler
 .text.SystemInit
                0x08003990       0xb0 obj\debug\src\system_stm32f4xx.o
                0x08003990                SystemInit
 .text.SetSysClock
                0x08003a40      0x188 obj\debug\src\system_stm32f4xx.o
 .text          0x08003bc8      0x370 c:/program files (x86)/emblocks/2.30/share/em_armgcc/bin/../lib/gcc/arm-none-eabi/4.7.3/armv7e-m/fpu\libgcc.a(_arm_addsubdf3.o)
                0x08003bc8                __aeabi_drsub
                0x08003bd0                __aeabi_dsub
                0x08003bd0                __subdf3
                0x08003bd4                __aeabi_dadd
                0x08003bd4                __adddf3
                0x08003e4c                __floatunsidf
                0x08003e4c                __aeabi_ui2d
                0x08003e6c                __floatsidf
                0x08003e6c                __aeabi_i2d
                0x08003e90                __aeabi_f2d
                0x08003e90                __extendsfdf2
                0x08003ecc                __floatundidf
                0x08003ecc                __aeabi_ul2d
                0x08003edc                __floatdidf
                0x08003edc                __aeabi_l2d
 .text          0x08003f38      0x424 c:/program files (x86)/emblocks/2.30/share/em_armgcc/bin/../lib/gcc/arm-none-eabi/4.7.3/armv7e-m/fpu\libgcc.a(_arm_muldivdf3.o)
                0x08003f38                __aeabi_dmul
                0x08003f38                __muldf3
                0x0800418c                __divdf3
                0x0800418c                __aeabi_ddiv
 .text          0x0800435c      0x110 c:/program files (x86)/emblocks/2.30/share/em_armgcc/bin/../lib/gcc/arm-none-eabi/4.7.3/armv7e-m/fpu\libgcc.a(_arm_cmpdf2.o)
                0x0800435c                __gtdf2
                0x0800435c                __gedf2
                0x08004364                __ltdf2
                0x08004364                __ledf2
                0x0800436c                __nedf2
                0x0800436c                __eqdf2
                0x0800436c                __cmpdf2
                0x080043e8                __aeabi_cdrcmple
                0x080043f8                __aeabi_cdcmpeq
                0x080043f8                __aeabi_cdcmple
                0x08004408                __aeabi_dcmpeq
                0x0800441c                __aeabi_dcmplt
                0x08004430                __aeabi_dcmple
                0x08004444                __aeabi_dcmpge
                0x08004458                __aeabi_dcmpgt
 .text          0x0800446c       0xa0 c:/program files (x86)/emblocks/2.30/share/em_armgcc/bin/../lib/gcc/arm-none-eabi/4.7.3/armv7e-m/fpu\libgcc.a(_arm_truncdfsf2.o)
                0x0800446c                __truncdfsf2
                0x0800446c                __aeabi_d2f
 .text.exit     0x0800450c       0x28 c:/program files (x86)/emblocks/2.30/share/em_armgcc/bin/../lib/gcc/arm-none-eabi/4.7.3/../../../../arm-none-eabi/lib/armv7e-m/fpu\libc_n.a(lib_a-exit.o)
                0x0800450c                exit
 .text.__libc_init_array
                0x08004534       0x4c c:/program files (x86)/emblocks/2.30/share/em_armgcc/bin/../lib/gcc/arm-none-eabi/4.7.3/../../../../arm-none-eabi/lib/armv7e-m/fpu\libc_n.a(lib_a-init.o)
                0x08004534                __libc_init_array
 .text.memset   0x08004580       0x10 c:/program files (x86)/emblocks/2.30/share/em_armgcc/bin/../lib/gcc/arm-none-eabi/4.7.3/../../../../arm-none-eabi/lib/armv7e-m/fpu\libc_n.a(lib_a-memset.o)
                0x08004580                memset
 .text._exit    0x08004590        0x4 c:/program files (x86)/emblocks/2.30/share/em_armgcc/bin/../lib/gcc/arm-none-eabi/4.7.3/../../../../arm-none-eabi/lib/armv7e-m/fpu\libnosys.a(_exit.o)
                0x08004590                _exit
 *(.init)
 .init          0x08004594        0x4 c:/program files (x86)/emblocks/2.30/share/em_armgcc/bin/../lib/gcc/arm-none-eabi/4.7.3/armv7e-m/fpu/crti.o
                0x08004594                _init
 .init          0x08004598        0x8 c:/program files (x86)/emblocks/2.30/share/em_armgcc/bin/../lib/gcc/arm-none-eabi/4.7.3/armv7e-m/fpu/crtn.o
 *(.fini)
 .fini          0x080045a0        0x4 c:/program files (x86)/emblocks/2.30/share/em_armgcc/bin/../lib/gcc/arm-none-eabi/4.7.3/armv7e-m/fpu/crti.o
                0x080045a0                _fini
 .fini          0x080045a4        0x8 c:/program files (x86)/emblocks/2.30/share/em_armgcc/bin/../lib/gcc/arm-none-eabi/4.7.3/armv7e-m/fpu/crtn.o
 *crtbegin.o(.ctors)
 *crtbegin?.o(.ctors)
 *(EXCLUDE_FILE(*crtend.o *crtend?.o) .ctors)
 *(SORT(.ctors.*))
 *(.ctors)
 *crtbegin.o(.dtors)
 *crtbegin?.o(.dtors)
 *(EXCLUDE_FILE(*crtend.o *crtend?.o) .dtors)
 *(SORT(.dtors.*))
 *(.dtors)
 *(.rodata*)
 .rodata.str1.1
                0x080045ac        0x2 c:/program files (x86)/emblocks/2.30/share/em_armgcc/bin/../lib/gcc/arm-none-eabi/4.7.3/../../../../arm-none-eabi/lib/armv7e-m/fpu\libc_n.a(lib_a-impure.o)
 *fill*         0x080045ae        0x2 
 .rodata._global_impure_ptr
                0x080045b0        0x4 c:/program files (x86)/emblocks/2.30/share/em_armgcc/bin/../lib/gcc/arm-none-eabi/4.7.3/../../../../arm-none-eabi/lib/armv7e-m/fpu\libc_n.a(lib_a-impure.o)
                0x080045b0                _global_impure_ptr
 *(.eh_frame*)
 .eh_frame      0x080045b4        0x0 c:/program files (x86)/emblocks/2.30/share/em_armgcc/bin/../lib/gcc/arm-none-eabi/4.7.3/armv7e-m/fpu/crtbegin.o
 .eh_frame      0x080045b4        0x4 c:/program files (x86)/emblocks/2.30/share/em_armgcc/bin/../lib/gcc/arm-none-eabi/4.7.3/armv7e-m/fpu/crtend.o

.glue_7         0x080045b8        0x0
 .glue_7        0x00000000        0x0 linker stubs

.glue_7t        0x080045b8        0x0
 .glue_7t       0x00000000        0x0 linker stubs

.vfp11_veneer   0x080045b8        0x0
 .vfp11_veneer  0x00000000        0x0 linker stubs

.v4_bx          0x080045b8        0x0
 .v4_bx         0x00000000        0x0 linker stubs

.iplt           0x080045b8        0x0
 .iplt          0x00000000        0x0 c:/program files (x86)/emblocks/2.30/share/em_armgcc/bin/../lib/gcc/arm-none-eabi/4.7.3/armv7e-m/fpu/crtbegin.o

.ARM.extab
 *(.ARM.extab* .gnu.linkonce.armextab.*)
                0x080045b8                __exidx_start = .

.ARM.exidx      0x080045b8        0x8
 *(.ARM.exidx* .gnu.linkonce.armexidx.*)
 .ARM.exidx     0x080045b8        0x8 c:/program files (x86)/emblocks/2.30/share/em_armgcc/bin/../lib/gcc/arm-none-eabi/4.7.3/../../../../arm-none-eabi/lib/armv7e-m/fpu/crt0.o
                0x080045c0                __exidx_end = .
                0x080045c0                __etext = .

.rel.dyn        0x080045c0        0x0
 .rel.iplt      0x00000000        0x0 c:/program files (x86)/emblocks/2.30/share/em_armgcc/bin/../lib/gcc/arm-none-eabi/4.7.3/armv7e-m/fpu/crtbegin.o

.data           0x20000000       0xd8 load address 0x080045c0
                0x20000000                __data_start__ = .
 *(vtable)
 *(.data*)
 .data.APBAHBPrescTable
                0x20000000       0x10 obj\debug\spl\src\stm32f4xx_rcc.o
 .data.telega   0x20000010       0x50 obj\debug\src\main.o
                0x20000010                telega
 .data.counter  0x20000060        0x4 obj\debug\src\main.o
                0x20000060                counter
 .data.counter1
                0x20000064        0x4 obj\debug\src\main.o
                0x20000064                counter1
 .data.s        0x20000068        0x4 obj\debug\src\main.o
                0x20000068                s
 .data.sp       0x2000006c        0x4 obj\debug\src\main.o
                0x2000006c                sp
 .data.impure_data
                0x20000070       0x60 c:/program files (x86)/emblocks/2.30/share/em_armgcc/bin/../lib/gcc/arm-none-eabi/4.7.3/../../../../arm-none-eabi/lib/armv7e-m/fpu\libc_n.a(lib_a-impure.o)
                0x200000d0                . = ALIGN (0x4)
                0x200000d0                PROVIDE (__preinit_array_start, .)
 *(.preinit_array)
                0x200000d0                PROVIDE (__preinit_array_end, .)
                0x200000d0                . = ALIGN (0x4)
                0x200000d0                PROVIDE (__init_array_start, .)
 *(SORT(.init_array.*))
 *(.init_array)
 .init_array    0x200000d0        0x4 c:/program files (x86)/emblocks/2.30/share/em_armgcc/bin/../lib/gcc/arm-none-eabi/4.7.3/armv7e-m/fpu/crtbegin.o
                0x200000d4                PROVIDE (__init_array_end, .)
                0x200000d4                . = ALIGN (0x4)
                0x200000d4                PROVIDE (__fini_array_start, .)
 *(SORT(.fini_array.*))
 *(.fini_array)
 .fini_array    0x200000d4        0x4 c:/program files (x86)/emblocks/2.30/share/em_armgcc/bin/../lib/gcc/arm-none-eabi/4.7.3/armv7e-m/fpu/crtbegin.o
                0x200000d8                PROVIDE (__fini_array_end, .)
                0x200000d8                . = ALIGN (0x4)
                0x200000d8                __data_end__ = .

.jcr            0x200000d8        0x0 load address 0x08004698
 .jcr           0x200000d8        0x0 c:/program files (x86)/emblocks/2.30/share/em_armgcc/bin/../lib/gcc/arm-none-eabi/4.7.3/armv7e-m/fpu/crtbegin.o

.igot.plt       0x200000d8        0x0 load address 0x08004698
 .igot.plt      0x00000000        0x0 c:/program files (x86)/emblocks/2.30/share/em_armgcc/bin/../lib/gcc/arm-none-eabi/4.7.3/armv7e-m/fpu/crtbegin.o

.bss            0x200000d8      0x124 load address 0x08004698
                0x200000d8                __bss_start__ = .
 *(.bss*)
 .bss           0x200000d8       0x1c c:/program files (x86)/emblocks/2.30/share/em_armgcc/bin/../lib/gcc/arm-none-eabi/4.7.3/armv7e-m/fpu/crtbegin.o
 .bss.oldLeftEncoder
                0x200000f4        0x2 obj\debug\board\encoders.o
 .bss.oldRightEncoder
                0x200000f6        0x2 obj\debug\board\encoders.o
 .bss.leftEncoder
                0x200000f8        0x2 obj\debug\board\encoders.o
 .bss.rightEncoder
                0x200000fa        0x2 obj\debug\board\encoders.o
 .bss.regulatorOut
                0x200000fc        0x8 obj\debug\src\main.o
                0x200000fc                regulatorOut
 .bss.speed1    0x20000104        0x4 obj\debug\src\main.o
                0x20000104                speed1
 .bss.hall1     0x20000108        0x4 obj\debug\src\main.o
                0x20000108                hall1
 .bss.hall1_0   0x2000010c        0x4 obj\debug\src\main.o
                0x2000010c                hall1_0
 .bss.hall2     0x20000110        0x4 obj\debug\src\main.o
                0x20000110                hall2
 .bss.hall2_0   0x20000114        0x4 obj\debug\src\main.o
                0x20000114                hall2_0
 .bss.direction
                0x20000118        0x4 obj\debug\src\main.o
                0x20000118                direction
 .bss.flag      0x2000011c        0x4 obj\debug\src\main.o
                0x2000011c                flag
 .bss.passed_tick
                0x20000120        0x4 obj\debug\src\main.o
                0x20000120                passed_tick
 .bss.task      0x20000124        0x4 obj\debug\src\main.o
                0x20000124                task
 .bss.taskrot   0x20000128        0x4 obj\debug\src\main.o
                0x20000128                taskrot
 .bss.taskmove  0x2000012c        0x4 obj\debug\src\main.o
                0x2000012c                taskmove
 .bss.task_speed
                0x20000130        0x4 obj\debug\src\main.o
                0x20000130                task_speed
 .bss.speeadc2  0x20000134        0x4 obj\debug\src\main.o
                0x20000134                speeadc2
 .bss.speeadc3  0x20000138        0x4 obj\debug\src\main.o
                0x20000138                speeadc3
 .bss.k         0x2000013c        0x4 obj\debug\src\main.o
                0x2000013c                k
 *(COMMON)
 COMMON         0x20000140        0x4 obj\debug\board\dma.o
                0x20000140                ADCConvertedValues
 COMMON         0x20000144       0x1e obj\debug\board\encoders.o
                0x20000144                rotCount
                0x20000148                fwdTotal
                0x2000014c                fwdCount
                0x20000150                rotTotal
                0x20000154                leftCount
                0x20000158                rightTotal
                0x2000015c                leftTotal
                0x20000160                rightCount
 *fill*         0x20000162        0x2 
 COMMON         0x20000164       0x98 obj\debug\src\main.o
                0x20000164                motorSpeed
                0x2000016c                regulatlorOut
                0x20000174                traekt
                0x20000178                wheelsPidStruct
                0x200001f8                multiplier
                0x200001fc                __bss_end__ = .

.heap           0x20000200        0x0
                0x20000200                __end__ = .
                0x20000200                end = __end__
 *(.heap*)
 .heap          0x20000200        0x0 obj\debug\src\startup_stm32f4xx.o
                0x20000200                __HeapLimit = .

.stack_dummy    0x20000200      0x100
 *(.stack)
 .stack         0x20000200      0x100 obj\debug\src\startup_stm32f4xx.o
                0x20020000                __StackTop = (ORIGIN (RAM) + 0x20000)
                0x2001ff00                __StackLimit = (__StackTop - SIZEOF (.stack_dummy))
                0x20020000                PROVIDE (__stack, __StackTop)
                0x00000001                ASSERT ((__StackLimit >= __HeapLimit), region RAM overflowed with stack)
LOAD obj\debug\spl\src\misc.o
LOAD obj\debug\spl\src\stm32f4xx_adc.o
LOAD obj\debug\spl\src\stm32f4xx_can.o
LOAD obj\debug\spl\src\stm32f4xx_crc.o
LOAD obj\debug\spl\src\stm32f4xx_cryp.o
LOAD obj\debug\spl\src\stm32f4xx_cryp_aes.o
LOAD obj\debug\spl\src\stm32f4xx_cryp_des.o
LOAD obj\debug\spl\src\stm32f4xx_cryp_tdes.o
LOAD obj\debug\spl\src\stm32f4xx_dac.o
LOAD obj\debug\spl\src\stm32f4xx_dbgmcu.o
LOAD obj\debug\spl\src\stm32f4xx_dcmi.o
LOAD obj\debug\spl\src\stm32f4xx_dma.o
LOAD obj\debug\spl\src\stm32f4xx_exti.o
LOAD obj\debug\spl\src\stm32f4xx_flash.o
LOAD obj\debug\spl\src\stm32f4xx_fsmc.o
LOAD obj\debug\spl\src\stm32f4xx_gpio.o
LOAD obj\debug\spl\src\stm32f4xx_hash.o
LOAD obj\debug\spl\src\stm32f4xx_hash_md5.o
LOAD obj\debug\spl\src\stm32f4xx_hash_sha1.o
LOAD obj\debug\spl\src\stm32f4xx_i2c.o
LOAD obj\debug\spl\src\stm32f4xx_iwdg.o
LOAD obj\debug\spl\src\stm32f4xx_pwr.o
LOAD obj\debug\spl\src\stm32f4xx_rcc.o
LOAD obj\debug\spl\src\stm32f4xx_rng.o
LOAD obj\debug\spl\src\stm32f4xx_rtc.o
LOAD obj\debug\spl\src\stm32f4xx_sdio.o
LOAD obj\debug\spl\src\stm32f4xx_spi.o
LOAD obj\debug\spl\src\stm32f4xx_syscfg.o
LOAD obj\debug\spl\src\stm32f4xx_tim.o
LOAD obj\debug\spl\src\stm32f4xx_usart.o
LOAD obj\debug\spl\src\stm32f4xx_wwdg.o
LOAD obj\debug\board\adc.o
LOAD obj\debug\board\dma.o
LOAD obj\debug\board\pid.o
LOAD obj\debug\board\tim.o
LOAD obj\debug\board\usart.o
LOAD obj\debug\board\encoders.o
LOAD obj\debug\board\hall.o
LOAD obj\debug\board\kinematics.o
LOAD obj\debug\inc\encoders.o
LOAD obj\debug\src\main.o
LOAD obj\debug\src\startup_stm32f4xx.o
LOAD obj\debug\src\system_stm32f4xx.o
START GROUP
LOAD c:/program files (x86)/emblocks/2.30/share/em_armgcc/bin/../lib/gcc/arm-none-eabi/4.7.3/armv7e-m/fpu\libgcc.a
LOAD c:/program files (x86)/emblocks/2.30/share/em_armgcc/bin/../lib/gcc/arm-none-eabi/4.7.3/../../../../arm-none-eabi/lib/armv7e-m/fpu\libc_n.a
LOAD c:/program files (x86)/emblocks/2.30/share/em_armgcc/bin/../lib/gcc/arm-none-eabi/4.7.3/../../../../arm-none-eabi/lib/armv7e-m/fpu\libg_n.a
LOAD c:/program files (x86)/emblocks/2.30/share/em_armgcc/bin/../lib/gcc/arm-none-eabi/4.7.3/../../../../arm-none-eabi/lib/armv7e-m/fpu\libnosys.a
END GROUP
LOAD c:/program files (x86)/emblocks/2.30/share/em_armgcc/bin/../lib/gcc/arm-none-eabi/4.7.3/armv7e-m/fpu/crtend.o
LOAD c:/program files (x86)/emblocks/2.30/share/em_armgcc/bin/../lib/gcc/arm-none-eabi/4.7.3/armv7e-m/fpu/crtn.o
OUTPUT(bin\Debug\encoder_const_speed.elf elf32-littlearm)

.ARM.attributes
                0x00000000       0x30
 .ARM.attributes
                0x00000000       0x22 c:/program files (x86)/emblocks/2.30/share/em_armgcc/bin/../lib/gcc/arm-none-eabi/4.7.3/armv7e-m/fpu/crti.o
 .ARM.attributes
                0x00000022       0x34 c:/program files (x86)/emblocks/2.30/share/em_armgcc/bin/../lib/gcc/arm-none-eabi/4.7.3/armv7e-m/fpu/crtbegin.o
 .ARM.attributes
                0x00000056       0x20 c:/program files (x86)/emblocks/2.30/share/em_armgcc/bin/../lib/gcc/arm-none-eabi/4.7.3/../../../../arm-none-eabi/lib/armv7e-m/fpu/crt0.o
 .ARM.attributes
                0x00000076       0x39 obj\debug\spl\src\misc.o
 .ARM.attributes
                0x000000af       0x39 obj\debug\spl\src\stm32f4xx_adc.o
 .ARM.attributes
                0x000000e8       0x39 obj\debug\spl\src\stm32f4xx_dma.o
 .ARM.attributes
                0x00000121       0x39 obj\debug\spl\src\stm32f4xx_gpio.o
 .ARM.attributes
                0x0000015a       0x39 obj\debug\spl\src\stm32f4xx_rcc.o
 .ARM.attributes
                0x00000193       0x39 obj\debug\spl\src\stm32f4xx_tim.o
 .ARM.attributes
                0x000001cc       0x39 obj\debug\spl\src\stm32f4xx_usart.o
 .ARM.attributes
                0x00000205       0x39 obj\debug\board\adc.o
 .ARM.attributes
                0x0000023e       0x39 obj\debug\board\dma.o
 .ARM.attributes
                0x00000277       0x39 obj\debug\board\tim.o
 .ARM.attributes
                0x000002b0       0x39 obj\debug\board\usart.o
 .ARM.attributes
                0x000002e9       0x39 obj\debug\board\encoders.o
 .ARM.attributes
                0x00000322       0x39 obj\debug\board\hall.o
 .ARM.attributes
                0x0000035b       0x39 obj\debug\src\main.o
 .ARM.attributes
                0x00000394       0x1f obj\debug\src\startup_stm32f4xx.o
 .ARM.attributes
                0x000003b3       0x39 obj\debug\src\system_stm32f4xx.o
 .ARM.attributes
                0x000003ec       0x22 c:/program files (x86)/emblocks/2.30/share/em_armgcc/bin/../lib/gcc/arm-none-eabi/4.7.3/armv7e-m/fpu\libgcc.a(_arm_addsubdf3.o)
 .ARM.attributes
                0x0000040e       0x22 c:/program files (x86)/emblocks/2.30/share/em_armgcc/bin/../lib/gcc/arm-none-eabi/4.7.3/armv7e-m/fpu\libgcc.a(_arm_muldivdf3.o)
 .ARM.attributes
                0x00000430       0x22 c:/program files (x86)/emblocks/2.30/share/em_armgcc/bin/../lib/gcc/arm-none-eabi/4.7.3/armv7e-m/fpu\libgcc.a(_arm_cmpdf2.o)
 .ARM.attributes
                0x00000452       0x22 c:/program files (x86)/emblocks/2.30/share/em_armgcc/bin/../lib/gcc/arm-none-eabi/4.7.3/armv7e-m/fpu\libgcc.a(_arm_truncdfsf2.o)
 .ARM.attributes
                0x00000474       0x34 c:/program files (x86)/emblocks/2.30/share/em_armgcc/bin/../lib/gcc/arm-none-eabi/4.7.3/../../../../arm-none-eabi/lib/armv7e-m/fpu\libc_n.a(lib_a-exit.o)
 .ARM.attributes
                0x000004a8       0x34 c:/program files (x86)/emblocks/2.30/share/em_armgcc/bin/../lib/gcc/arm-none-eabi/4.7.3/../../../../arm-none-eabi/lib/armv7e-m/fpu\libc_n.a(lib_a-impure.o)
 .ARM.attributes
                0x000004dc       0x34 c:/program files (x86)/emblocks/2.30/share/em_armgcc/bin/../lib/gcc/arm-none-eabi/4.7.3/../../../../arm-none-eabi/lib/armv7e-m/fpu\libc_n.a(lib_a-init.o)
 .ARM.attributes
                0x00000510       0x34 c:/program files (x86)/emblocks/2.30/share/em_armgcc/bin/../lib/gcc/arm-none-eabi/4.7.3/../../../../arm-none-eabi/lib/armv7e-m/fpu\libc_n.a(lib_a-memset.o)
 .ARM.attributes
                0x00000544       0x34 c:/program files (x86)/emblocks/2.30/share/em_armgcc/bin/../lib/gcc/arm-none-eabi/4.7.3/../../../../arm-none-eabi/lib/armv7e-m/fpu\libnosys.a(_exit.o)
 .ARM.attributes
                0x00000578       0x34 c:/program files (x86)/emblocks/2.30/share/em_armgcc/bin/../lib/gcc/arm-none-eabi/4.7.3/armv7e-m/fpu/crtend.o
 .ARM.attributes
                0x000005ac       0x22 c:/program files (x86)/emblocks/2.30/share/em_armgcc/bin/../lib/gcc/arm-none-eabi/4.7.3/armv7e-m/fpu/crtn.o

.comment        0x00000000       0x38
 .comment       0x00000000       0x38 obj\debug\spl\src\misc.o
                                 0x39 (size before relaxing)
 .comment       0x00000000       0x39 obj\debug\spl\src\stm32f4xx_adc.o
 .comment       0x00000000       0x39 obj\debug\spl\src\stm32f4xx_dma.o
 .comment       0x00000000       0x39 obj\debug\spl\src\stm32f4xx_gpio.o
 .comment       0x00000000       0x39 obj\debug\spl\src\stm32f4xx_rcc.o
 .comment       0x00000000       0x39 obj\debug\spl\src\stm32f4xx_tim.o
 .comment       0x00000000       0x39 obj\debug\spl\src\stm32f4xx_usart.o
 .comment       0x00000000       0x39 obj\debug\board\adc.o
 .comment       0x00000000       0x39 obj\debug\board\dma.o
 .comment       0x00000000       0x39 obj\debug\board\tim.o
 .comment       0x00000000       0x39 obj\debug\board\usart.o
 .comment       0x00000000       0x39 obj\debug\board\encoders.o
 .comment       0x00000000       0x39 obj\debug\board\hall.o
 .comment       0x00000000       0x39 obj\debug\src\main.o
 .comment       0x00000000       0x39 obj\debug\src\system_stm32f4xx.o

.debug_info     0x00000000     0x9736
 .debug_info    0x00000000      0x5bb obj\debug\spl\src\misc.o
 .debug_info    0x000005bb      0xd48 obj\debug\spl\src\stm32f4xx_adc.o
 .debug_info    0x00001303      0x7d8 obj\debug\spl\src\stm32f4xx_dma.o
 .debug_info    0x00001adb      0x674 obj\debug\spl\src\stm32f4xx_gpio.o
 .debug_info    0x0000214f      0xd7d obj\debug\spl\src\stm32f4xx_rcc.o
 .debug_info    0x00002ecc     0x1eb1 obj\debug\spl\src\stm32f4xx_tim.o
 .debug_info    0x00004d7d      0xa99 obj\debug\spl\src\stm32f4xx_usart.o
 .debug_info    0x00005816      0x367 obj\debug\board\adc.o
 .debug_info    0x00005b7d      0x3fb obj\debug\board\dma.o
 .debug_info    0x00005f78      0x6ba obj\debug\board\tim.o
 .debug_info    0x00006632      0x7e6 obj\debug\board\usart.o
 .debug_info    0x00006e18      0x758 obj\debug\board\encoders.o
 .debug_info    0x00007570      0x889 obj\debug\board\hall.o
 .debug_info    0x00007df9     0x1298 obj\debug\src\main.o
 .debug_info    0x00009091       0x7c obj\debug\src\startup_stm32f4xx.o
 .debug_info    0x0000910d      0x629 obj\debug\src\system_stm32f4xx.o

.debug_abbrev   0x00000000     0x1554
 .debug_abbrev  0x00000000      0x12e obj\debug\spl\src\misc.o
 .debug_abbrev  0x0000012e      0x19d obj\debug\spl\src\stm32f4xx_adc.o
 .debug_abbrev  0x000002cb      0x15c obj\debug\spl\src\stm32f4xx_dma.o
 .debug_abbrev  0x00000427      0x1aa obj\debug\spl\src\stm32f4xx_gpio.o
 .debug_abbrev  0x000005d1      0x1ea obj\debug\spl\src\stm32f4xx_rcc.o
 .debug_abbrev  0x000007bb      0x18e obj\debug\spl\src\stm32f4xx_tim.o
 .debug_abbrev  0x00000949      0x15c obj\debug\spl\src\stm32f4xx_usart.o
 .debug_abbrev  0x00000aa5       0xe7 obj\debug\board\adc.o
 .debug_abbrev  0x00000b8c      0x10a obj\debug\board\dma.o
 .debug_abbrev  0x00000c96       0xf6 obj\debug\board\tim.o
 .debug_abbrev  0x00000d8c      0x13c obj\debug\board\usart.o
 .debug_abbrev  0x00000ec8      0x17f obj\debug\board\encoders.o
 .debug_abbrev  0x00001047      0x115 obj\debug\board\hall.o
 .debug_abbrev  0x0000115c      0x2a7 obj\debug\src\main.o
 .debug_abbrev  0x00001403       0x14 obj\debug\src\startup_stm32f4xx.o
 .debug_abbrev  0x00001417      0x13d obj\debug\src\system_stm32f4xx.o

.debug_loc      0x00000000     0x3cb0
 .debug_loc     0x00000000      0x118 obj\debug\spl\src\misc.o
 .debug_loc     0x00000118      0x838 obj\debug\spl\src\stm32f4xx_adc.o
 .debug_loc     0x00000950      0x428 obj\debug\spl\src\stm32f4xx_dma.o
 .debug_loc     0x00000d78      0x310 obj\debug\spl\src\stm32f4xx_gpio.o
 .debug_loc     0x00001088      0x97c obj\debug\spl\src\stm32f4xx_rcc.o
 .debug_loc     0x00001a04     0x1420 obj\debug\spl\src\stm32f4xx_tim.o
 .debug_loc     0x00002e24      0x658 obj\debug\spl\src\stm32f4xx_usart.o
 .debug_loc     0x0000347c       0x70 obj\debug\board\adc.o
 .debug_loc     0x000034ec       0x74 obj\debug\board\dma.o
 .debug_loc     0x00003560       0xa8 obj\debug\board\tim.o
 .debug_loc     0x00003608       0xe0 obj\debug\board\usart.o
 .debug_loc     0x000036e8      0x100 obj\debug\board\encoders.o
 .debug_loc     0x000037e8       0x38 obj\debug\board\hall.o
 .debug_loc     0x00003820      0x3f4 obj\debug\src\main.o
 .debug_loc     0x00003c14       0x9c obj\debug\src\system_stm32f4xx.o

.debug_aranges  0x00000000      0xa50
 .debug_aranges
                0x00000000       0x40 obj\debug\spl\src\misc.o
 .debug_aranges
                0x00000040      0x148 obj\debug\spl\src\stm32f4xx_adc.o
 .debug_aranges
                0x00000188       0xb0 obj\debug\spl\src\stm32f4xx_dma.o
 .debug_aranges
                0x00000238       0x88 obj\debug\spl\src\stm32f4xx_gpio.o
 .debug_aranges
                0x000002c0      0x178 obj\debug\spl\src\stm32f4xx_rcc.o
 .debug_aranges
                0x00000438      0x2f8 obj\debug\spl\src\stm32f4xx_tim.o
 .debug_aranges
                0x00000730      0x100 obj\debug\spl\src\stm32f4xx_usart.o
 .debug_aranges
                0x00000830       0x28 obj\debug\board\adc.o
 .debug_aranges
                0x00000858       0x28 obj\debug\board\dma.o
 .debug_aranges
                0x00000880       0x30 obj\debug\board\tim.o
 .debug_aranges
                0x000008b0       0x38 obj\debug\board\usart.o
 .debug_aranges
                0x000008e8       0x40 obj\debug\board\encoders.o
 .debug_aranges
                0x00000928       0x20 obj\debug\board\hall.o
 .debug_aranges
                0x00000948       0xb8 obj\debug\src\main.o
 .debug_aranges
                0x00000a00       0x20 obj\debug\src\startup_stm32f4xx.o
 .debug_aranges
                0x00000a20       0x30 obj\debug\src\system_stm32f4xx.o

.debug_ranges   0x00000000      0x940
 .debug_ranges  0x00000000       0x30 obj\debug\spl\src\misc.o
 .debug_ranges  0x00000030      0x138 obj\debug\spl\src\stm32f4xx_adc.o
 .debug_ranges  0x00000168       0xa0 obj\debug\spl\src\stm32f4xx_dma.o
 .debug_ranges  0x00000208       0x78 obj\debug\spl\src\stm32f4xx_gpio.o
 .debug_ranges  0x00000280      0x168 obj\debug\spl\src\stm32f4xx_rcc.o
 .debug_ranges  0x000003e8      0x2e8 obj\debug\spl\src\stm32f4xx_tim.o
 .debug_ranges  0x000006d0       0xf0 obj\debug\spl\src\stm32f4xx_usart.o
 .debug_ranges  0x000007c0       0x18 obj\debug\board\adc.o
 .debug_ranges  0x000007d8       0x18 obj\debug\board\dma.o
 .debug_ranges  0x000007f0       0x20 obj\debug\board\tim.o
 .debug_ranges  0x00000810       0x28 obj\debug\board\usart.o
 .debug_ranges  0x00000838       0x30 obj\debug\board\encoders.o
 .debug_ranges  0x00000868       0x10 obj\debug\board\hall.o
 .debug_ranges  0x00000878       0xa8 obj\debug\src\main.o
 .debug_ranges  0x00000920       0x20 obj\debug\src\system_stm32f4xx.o

.debug_macro    0x00000000    0x11122
 .debug_macro   0x00000000      0x1a5 obj\debug\spl\src\misc.o
 .debug_macro   0x000001a5      0x820 obj\debug\spl\src\misc.o
 .debug_macro   0x000009c5       0x5d obj\debug\spl\src\misc.o
 .debug_macro   0x00000a22       0x35 obj\debug\spl\src\misc.o
 .debug_macro   0x00000a57       0x16 obj\debug\spl\src\misc.o
 .debug_macro   0x00000a6d       0x44 obj\debug\spl\src\misc.o
 .debug_macro   0x00000ab1      0x209 obj\debug\spl\src\misc.o
 .debug_macro   0x00000cba       0x18 obj\debug\spl\src\misc.o
 .debug_macro   0x00000cd2       0x42 obj\debug\spl\src\misc.o
 .debug_macro   0x00000d14      0x8cb obj\debug\spl\src\misc.o
 .debug_macro   0x000015df     0x81c3 obj\debug\spl\src\misc.o
 .debug_macro   0x000097a2      0x44e obj\debug\spl\src\misc.o
 .debug_macro   0x00009bf0      0x3cf obj\debug\spl\src\misc.o
 .debug_macro   0x00009fbf      0x111 obj\debug\spl\src\misc.o
 .debug_macro   0x0000a0d0      0x182 obj\debug\spl\src\misc.o
 .debug_macro   0x0000a252       0xb2 obj\debug\spl\src\misc.o
 .debug_macro   0x0000a304      0x146 obj\debug\spl\src\misc.o
 .debug_macro   0x0000a44a      0x477 obj\debug\spl\src\misc.o
 .debug_macro   0x0000a8c1       0xac obj\debug\spl\src\misc.o
 .debug_macro   0x0000a96d      0x241 obj\debug\spl\src\misc.o
 .debug_macro   0x0000abae      0x279 obj\debug\spl\src\misc.o
 .debug_macro   0x0000ae27       0xb5 obj\debug\spl\src\misc.o
 .debug_macro   0x0000aedc      0x265 obj\debug\spl\src\misc.o
 .debug_macro   0x0000b141      0x2b1 obj\debug\spl\src\misc.o
 .debug_macro   0x0000b3f2       0x64 obj\debug\spl\src\misc.o
 .debug_macro   0x0000b456       0xa6 obj\debug\spl\src\misc.o
 .debug_macro   0x0000b4fc      0x538 obj\debug\spl\src\misc.o
 .debug_macro   0x0000ba34       0x40 obj\debug\spl\src\misc.o
 .debug_macro   0x0000ba74      0x57a obj\debug\spl\src\misc.o
 .debug_macro   0x0000bfee      0x341 obj\debug\spl\src\misc.o
 .debug_macro   0x0000c32f      0x36a obj\debug\spl\src\misc.o
 .debug_macro   0x0000c699       0xdf obj\debug\spl\src\misc.o
 .debug_macro   0x0000c778      0x73b obj\debug\spl\src\misc.o
 .debug_macro   0x0000ceb3      0x220 obj\debug\spl\src\misc.o
 .debug_macro   0x0000d0d3       0x34 obj\debug\spl\src\misc.o
 .debug_macro   0x0000d107       0x35 obj\debug\spl\src\misc.o
 .debug_macro   0x0000d13c       0x79 obj\debug\spl\src\misc.o
 .debug_macro   0x0000d1b5      0x226 obj\debug\spl\src\stm32f4xx_adc.o
 .debug_macro   0x0000d3db      0x3c9 obj\debug\spl\src\stm32f4xx_adc.o
 .debug_macro   0x0000d7a4       0x7f obj\debug\spl\src\stm32f4xx_adc.o
 .debug_macro   0x0000d823      0x1f3 obj\debug\spl\src\stm32f4xx_dma.o
 .debug_macro   0x0000da16      0x471 obj\debug\spl\src\stm32f4xx_dma.o
 .debug_macro   0x0000de87      0x19f obj\debug\spl\src\stm32f4xx_gpio.o
 .debug_macro   0x0000e026      0x25f obj\debug\spl\src\stm32f4xx_gpio.o
 .debug_macro   0x0000e285      0x247 obj\debug\spl\src\stm32f4xx_rcc.o
 .debug_macro   0x0000e4cc      0x532 obj\debug\spl\src\stm32f4xx_rcc.o
 .debug_macro   0x0000e9fe      0x1c9 obj\debug\spl\src\stm32f4xx_tim.o
 .debug_macro   0x0000ebc7      0x735 obj\debug\spl\src\stm32f4xx_tim.o
 .debug_macro   0x0000f2fc      0x1b7 obj\debug\spl\src\stm32f4xx_usart.o
 .debug_macro   0x0000f4b3      0x21a obj\debug\spl\src\stm32f4xx_usart.o
 .debug_macro   0x0000f6cd      0x19f obj\debug\board\adc.o
 .debug_macro   0x0000f86c      0x1ab obj\debug\board\dma.o
 .debug_macro   0x0000fa17      0x19f obj\debug\board\tim.o
 .debug_macro   0x0000fbb6      0x19f obj\debug\board\usart.o
 .debug_macro   0x0000fd55      0x1ad obj\debug\board\encoders.o
 .debug_macro   0x0000ff02      0x185 obj\debug\board\encoders.o
 .debug_macro   0x00010087       0xbe obj\debug\board\encoders.o
 .debug_macro   0x00010145      0x19f obj\debug\board\hall.o
 .debug_macro   0x000102e4      0x2e4 obj\debug\src\main.o
 .debug_macro   0x000105c8       0x58 obj\debug\src\main.o
 .debug_macro   0x00010620       0x35 obj\debug\src\main.o
 .debug_macro   0x00010655       0xa2 obj\debug\src\main.o
 .debug_macro   0x000106f7       0x16 obj\debug\src\main.o
 .debug_macro   0x0001070d       0x97 obj\debug\src\main.o
 .debug_macro   0x000107a4       0x10 obj\debug\src\main.o
 .debug_macro   0x000107b4       0xf5 obj\debug\src\main.o
 .debug_macro   0x000108a9       0x52 obj\debug\src\main.o
 .debug_macro   0x000108fb       0x16 obj\debug\src\main.o
 .debug_macro   0x00010911       0x43 obj\debug\src\main.o
 .debug_macro   0x00010954      0x180 obj\debug\src\main.o
 .debug_macro   0x00010ad4       0x10 obj\debug\src\main.o
 .debug_macro   0x00010ae4       0x22 obj\debug\src\main.o
 .debug_macro   0x00010b06       0xbd obj\debug\src\main.o
 .debug_macro   0x00010bc3       0x16 obj\debug\src\main.o
 .debug_macro   0x00010bd9      0x16c obj\debug\src\main.o
 .debug_macro   0x00010d45       0x16 obj\debug\src\main.o
 .debug_macro   0x00010d5b       0x35 obj\debug\src\main.o
 .debug_macro   0x00010d90       0x16 obj\debug\src\main.o
 .debug_macro   0x00010da6       0x29 obj\debug\src\main.o
 .debug_macro   0x00010dcf      0x18b obj\debug\src\main.o
 .debug_macro   0x00010f5a       0x10 obj\debug\src\main.o
 .debug_macro   0x00010f6a      0x1b8 obj\debug\src\system_stm32f4xx.o

.debug_line     0x00000000     0x6663
 .debug_line    0x00000000      0x53c obj\debug\spl\src\misc.o
 .debug_line    0x0000053c      0x842 obj\debug\spl\src\stm32f4xx_adc.o
 .debug_line    0x00000d7e      0x6ca obj\debug\spl\src\stm32f4xx_dma.o
 .debug_line    0x00001448      0x62c obj\debug\spl\src\stm32f4xx_gpio.o
 .debug_line    0x00001a74      0x889 obj\debug\spl\src\stm32f4xx_rcc.o
 .debug_line    0x000022fd      0xd67 obj\debug\spl\src\stm32f4xx_tim.o
 .debug_line    0x00003064      0x77d obj\debug\spl\src\stm32f4xx_usart.o
 .debug_line    0x000037e1      0x519 obj\debug\board\adc.o
 .debug_line    0x00003cfa      0x518 obj\debug\board\dma.o
 .debug_line    0x00004212      0x528 obj\debug\board\tim.o
 .debug_line    0x0000473a      0x57c obj\debug\board\usart.o
 .debug_line    0x00004cb6      0x5a9 obj\debug\board\encoders.o
 .debug_line    0x0000525f      0x50b obj\debug\board\hall.o
 .debug_line    0x0000576a      0x8d3 obj\debug\src\main.o
 .debug_line    0x0000603d       0xcc obj\debug\src\startup_stm32f4xx.o
 .debug_line    0x00006109      0x55a obj\debug\src\system_stm32f4xx.o

.debug_str      0x00000000    0x5cbbc
 .debug_str     0x00000000    0x56107 obj\debug\spl\src\misc.o
                              0x56295 (size before relaxing)
 .debug_str     0x00056107      0x90f obj\debug\spl\src\stm32f4xx_adc.o
                              0x56984 (size before relaxing)
 .debug_str     0x00056a16      0x66f obj\debug\spl\src\stm32f4xx_dma.o
                              0x566fb (size before relaxing)
 .debug_str     0x00057085      0x2ea obj\debug\spl\src\stm32f4xx_gpio.o
                              0x56340 (size before relaxing)
 .debug_str     0x0005736f      0xaec obj\debug\spl\src\stm32f4xx_rcc.o
                              0x56bc1 (size before relaxing)
 .debug_str     0x00057e5b      0xc1f obj\debug\spl\src\stm32f4xx_tim.o
                              0x56d34 (size before relaxing)
 .debug_str     0x00058a7a      0x523 obj\debug\spl\src\stm32f4xx_usart.o
                              0x56650 (size before relaxing)
 .debug_str     0x00058f9d       0x5e obj\debug\board\adc.o
                              0x561e3 (size before relaxing)
 .debug_str     0x00058ffb       0x6e obj\debug\board\dma.o
                              0x56216 (size before relaxing)
 .debug_str     0x00059069      0x56b obj\debug\board\tim.o
                              0x56780 (size before relaxing)
 .debug_str     0x000595d4       0x5d obj\debug\board\usart.o
                              0x568a6 (size before relaxing)
 .debug_str     0x00059631      0xf97 obj\debug\board\encoders.o
                              0x5729d (size before relaxing)
 .debug_str     0x0005a5c8       0x30 obj\debug\board\hall.o
                              0x56954 (size before relaxing)
 .debug_str     0x0005a5f8     0x24f7 obj\debug\src\main.o
                              0x59dec (size before relaxing)
 .debug_str     0x0005caef       0xcd obj\debug\src\system_stm32f4xx.o
                              0x56281 (size before relaxing)

.debug_frame    0x00000000     0x20b0
 .debug_frame   0x00000000       0x9c obj\debug\spl\src\misc.o
 .debug_frame   0x0000009c      0x434 obj\debug\spl\src\stm32f4xx_adc.o
 .debug_frame   0x000004d0      0x224 obj\debug\spl\src\stm32f4xx_dma.o
 .debug_frame   0x000006f4      0x19c obj\debug\spl\src\stm32f4xx_gpio.o
 .debug_frame   0x00000890      0x4d8 obj\debug\spl\src\stm32f4xx_rcc.o
 .debug_frame   0x00000d68      0xa3c obj\debug\spl\src\stm32f4xx_tim.o
 .debug_frame   0x000017a4      0x344 obj\debug\spl\src\stm32f4xx_usart.o
 .debug_frame   0x00001ae8       0x50 obj\debug\board\adc.o
 .debug_frame   0x00001b38       0x50 obj\debug\board\dma.o
 .debug_frame   0x00001b88       0x70 obj\debug\board\tim.o
 .debug_frame   0x00001bf8       0x90 obj\debug\board\usart.o
 .debug_frame   0x00001c88       0xa4 obj\debug\board\encoders.o
 .debug_frame   0x00001d2c       0x30 obj\debug\board\hall.o
 .debug_frame   0x00001d5c      0x25c obj\debug\src\main.o
 .debug_frame   0x00001fb8       0x64 obj\debug\src\system_stm32f4xx.o
 .debug_frame   0x0000201c       0x28 c:/program files (x86)/emblocks/2.30/share/em_armgcc/bin/../lib/gcc/arm-none-eabi/4.7.3/../../../../arm-none-eabi/lib/armv7e-m/fpu\libc_n.a(lib_a-exit.o)
 .debug_frame   0x00002044       0x2c c:/program files (x86)/emblocks/2.30/share/em_armgcc/bin/../lib/gcc/arm-none-eabi/4.7.3/../../../../arm-none-eabi/lib/armv7e-m/fpu\libc_n.a(lib_a-init.o)
 .debug_frame   0x00002070       0x20 c:/program files (x86)/emblocks/2.30/share/em_armgcc/bin/../lib/gcc/arm-none-eabi/4.7.3/../../../../arm-none-eabi/lib/armv7e-m/fpu\libc_n.a(lib_a-memset.o)
 .debug_frame   0x00002090       0x20 c:/program files (x86)/emblocks/2.30/share/em_armgcc/bin/../lib/gcc/arm-none-eabi/4.7.3/../../../../arm-none-eabi/lib/armv7e-m/fpu\libnosys.a(_exit.o)
