Archive member included because of file (symbol)

c:/program files (x86)/emblocks/2.30/share/em_armgcc/bin/../lib/gcc/arm-none-eabi/4.7.3/../../../../arm-none-eabi/lib/armv7e-m/fpu\librdimon.a(rdimon-syscalls.o)
                              c:/program files (x86)/emblocks/2.30/share/em_armgcc/bin/../lib/gcc/arm-none-eabi/4.7.3/../../../../arm-none-eabi/lib/armv7e-m/fpu/rdimon-crt0.o (initialise_monitor_handles)
c:/program files (x86)/emblocks/2.30/share/em_armgcc/bin/../lib/gcc/arm-none-eabi/4.7.3/armv7e-m/fpu\libgcc.a(_arm_addsubdf3.o)
                              obj\debug\board\interapt.o (__aeabi_dsub)
c:/program files (x86)/emblocks/2.30/share/em_armgcc/bin/../lib/gcc/arm-none-eabi/4.7.3/armv7e-m/fpu\libgcc.a(_arm_muldivdf3.o)
                              obj\debug\board\board.o (__aeabi_dmul)
c:/program files (x86)/emblocks/2.30/share/em_armgcc/bin/../lib/gcc/arm-none-eabi/4.7.3/armv7e-m/fpu\libgcc.a(_arm_cmpdf2.o)
                              obj\debug\board\interapt.o (__aeabi_dcmple)
c:/program files (x86)/emblocks/2.30/share/em_armgcc/bin/../lib/gcc/arm-none-eabi/4.7.3/armv7e-m/fpu\libgcc.a(_arm_fixdfsi.o)
                              obj\debug\board\board.o (__aeabi_d2iz)
c:/program files (x86)/emblocks/2.30/share/em_armgcc/bin/../lib/gcc/arm-none-eabi/4.7.3/armv7e-m/fpu\libgcc.a(_arm_fixunsdfsi.o)
                              obj\debug\robot\dynamixel_control.o (__aeabi_d2uiz)
c:/program files (x86)/emblocks/2.30/share/em_armgcc/bin/../lib/gcc/arm-none-eabi/4.7.3/armv7e-m/fpu\libgcc.a(_arm_truncdfsf2.o)
                              obj\debug\board\interapt.o (__aeabi_d2f)
c:/program files (x86)/emblocks/2.30/share/em_armgcc/bin/../lib/gcc/arm-none-eabi/4.7.3/../../../../arm-none-eabi/lib/armv7e-m/fpu\libc_f.a(lib_a-errno.o)
                              c:/program files (x86)/emblocks/2.30/share/em_armgcc/bin/../lib/gcc/arm-none-eabi/4.7.3/../../../../arm-none-eabi/lib/armv7e-m/fpu\librdimon.a(rdimon-syscalls.o) (__errno)
c:/program files (x86)/emblocks/2.30/share/em_armgcc/bin/../lib/gcc/arm-none-eabi/4.7.3/../../../../arm-none-eabi/lib/armv7e-m/fpu\libc_f.a(lib_a-exit.o)
                              c:/program files (x86)/emblocks/2.30/share/em_armgcc/bin/../lib/gcc/arm-none-eabi/4.7.3/../../../../arm-none-eabi/lib/armv7e-m/fpu/rdimon-crt0.o (exit)
c:/program files (x86)/emblocks/2.30/share/em_armgcc/bin/../lib/gcc/arm-none-eabi/4.7.3/../../../../arm-none-eabi/lib/armv7e-m/fpu\libc_f.a(lib_a-findfp.o)
                              c:/program files (x86)/emblocks/2.30/share/em_armgcc/bin/../lib/gcc/arm-none-eabi/4.7.3/../../../../arm-none-eabi/lib/armv7e-m/fpu\librdimon.a(rdimon-syscalls.o) (__sinit)
c:/program files (x86)/emblocks/2.30/share/em_armgcc/bin/../lib/gcc/arm-none-eabi/4.7.3/../../../../arm-none-eabi/lib/armv7e-m/fpu\libc_f.a(lib_a-fwalk.o)
                              c:/program files (x86)/emblocks/2.30/share/em_armgcc/bin/../lib/gcc/arm-none-eabi/4.7.3/../../../../arm-none-eabi/lib/armv7e-m/fpu\libc_f.a(lib_a-findfp.o) (_fwalk)
c:/program files (x86)/emblocks/2.30/share/em_armgcc/bin/../lib/gcc/arm-none-eabi/4.7.3/../../../../arm-none-eabi/lib/armv7e-m/fpu\libc_f.a(lib_a-impure.o)
                              c:/program files (x86)/emblocks/2.30/share/em_armgcc/bin/../lib/gcc/arm-none-eabi/4.7.3/../../../../arm-none-eabi/lib/armv7e-m/fpu\libc_f.a(lib_a-exit.o) (_global_impure_ptr)
c:/program files (x86)/emblocks/2.30/share/em_armgcc/bin/../lib/gcc/arm-none-eabi/4.7.3/../../../../arm-none-eabi/lib/armv7e-m/fpu\libc_f.a(lib_a-init.o)
                              c:/program files (x86)/emblocks/2.30/share/em_armgcc/bin/../lib/gcc/arm-none-eabi/4.7.3/../../../../arm-none-eabi/lib/armv7e-m/fpu/rdimon-crt0.o (__libc_init_array)
c:/program files (x86)/emblocks/2.30/share/em_armgcc/bin/../lib/gcc/arm-none-eabi/4.7.3/../../../../arm-none-eabi/lib/armv7e-m/fpu\libc_f.a(lib_a-mallocr.o)
                              c:/program files (x86)/emblocks/2.30/share/em_armgcc/bin/../lib/gcc/arm-none-eabi/4.7.3/../../../../arm-none-eabi/lib/armv7e-m/fpu\libc_f.a(lib_a-findfp.o) (_malloc_r)
c:/program files (x86)/emblocks/2.30/share/em_armgcc/bin/../lib/gcc/arm-none-eabi/4.7.3/../../../../arm-none-eabi/lib/armv7e-m/fpu\libc_f.a(lib_a-memcpy.o)
                              obj\debug\robot\communication.o (memcpy)
c:/program files (x86)/emblocks/2.30/share/em_armgcc/bin/../lib/gcc/arm-none-eabi/4.7.3/../../../../arm-none-eabi/lib/armv7e-m/fpu\libc_f.a(lib_a-memset.o)
                              c:/program files (x86)/emblocks/2.30/share/em_armgcc/bin/../lib/gcc/arm-none-eabi/4.7.3/../../../../arm-none-eabi/lib/armv7e-m/fpu/rdimon-crt0.o (memset)
c:/program files (x86)/emblocks/2.30/share/em_armgcc/bin/../lib/gcc/arm-none-eabi/4.7.3/../../../../arm-none-eabi/lib/armv7e-m/fpu\libc_f.a(lib_a-mlock.o)
[...]
Memory Configuration

Name             Origin             Length             Attributes
ROM              0x08000000         0x00100000         xr
RAM              0x20000000         0x00020000         xrw
CCRAM            0x10000000         0x00010000         xrw
*default*        0x00000000         0xffffffff

Linker script and memory map

LOAD c:/program files (x86)/emblocks/2.30/share/em_armgcc/bin/../lib/gcc/arm-none-eabi/4.7.3/../../../../arm-none-eabi/lib/armv7e-m/fpu\librdimon.a
LOAD c:/program files (x86)/emblocks/2.30/share/em_armgcc/bin/../lib/gcc/arm-none-eabi/4.7.3/armv7e-m/fpu/crti.o
LOAD c:/program files (x86)/emblocks/2.30/share/em_armgcc/bin/../lib/gcc/arm-none-eabi/4.7.3/armv7e-m/fpu/crtbegin.o
LOAD c:/program files (x86)/emblocks/2.30/share/em_armgcc/bin/../lib/gcc/arm-none-eabi/4.7.3/../../../../arm-none-eabi/lib/armv7e-m/fpu/rdimon-crt0.o
                0x00000000                __HEAP_SIZE = 0x0
                0x00000100                __STACK_SIZE = 0x100

.text           0x08000000     0xb418
 *(.isr_vector)
 .isr_vector    0x08000000      0x188 obj\debug\src\startup_stm32f4xx.o
                0x08000000                __isr_vector
 *(.text*)
 .text          0x08000188       0x54 c:/program files (x86)/emblocks/2.30/share/em_armgcc/bin/../lib/gcc/arm-none-eabi/4.7.3/armv7e-m/fpu/crtbegin.o
 .text          0x080001dc       0xdc c:/program files (x86)/emblocks/2.30/share/em_armgcc/bin/../lib/gcc/arm-none-eabi/4.7.3/../../../../arm-none-eabi/lib/armv7e-m/fpu/rdimon-crt0.o
                0x080001dc                _start
                0x080001dc                _mainCRTStartup
 .text.ADC_Configuration_new
                0x080002b8       0xd8 obj\debug\board\adc.o
                0x080002b8                ADC_Configuration_new
 .text.DMA_Configuration_new
                0x08000390       0xa0 obj\debug\board\dma.o
                0x08000390                DMA_Configuration_new
 .text.pidCalc1
                0x08000430      0x1f0 obj\debug\board\pid.o
                0x08000430                pidCalc1
 .text.pidLowLevel1
                0x08000620       0xe4 obj\debug\board\pid.o
                0x08000620                pidLowLevel1
 .text.initRegulators1
                0x08000704      0x130 obj\debug\board\pid.o
                0x08000704                initRegulators1
 .text.encodersInit
                0x08000834      0x15c obj\debug\board\encoders.o
                0x08000834                encodersInit
 .text.encodersReset
                0x08000990       0x84 obj\debug\board\encoders.o
                0x08000990                encodersReset
 .text.encodersRead
                0x08000a14      0x1e8 obj\debug\board\encoders.o
                0x08000a14                encodersRead
 .text.Inithall
                0x08000bfc      0x180 obj\debug\board\hall.o
                0x08000bfc                Inithall
 .text.USART2_IRQHandler
                0x08000d7c      0x1f0 obj\debug\board\interapt.o
                0x08000d7c                USART2_IRQHandler
 .text.USART6_IRQHandler
                0x08000f6c      0x1e8 obj\debug\board\interapt.o
                0x08000f6c                USART6_IRQHandler
 .text.DMA2_Stream0_IRQHandler
                0x08001154       0x64 obj\debug\board\interapt.o
                0x08001154                DMA2_Stream0_IRQHandler
 .text.TIM6_DAC_IRQHandler
                0x080011b8      0x148 obj\debug\board\interapt.o
                0x080011b8                TIM6_DAC_IRQHandler
 .text.TIM7_IRQHandler
                0x08001300       0x2c obj\debug\board\interapt.o
                0x08001300                TIM7_IRQHandler
 .text.TIM2_IRQHandler
                0x0800132c       0x24 obj\debug\board\interapt.o
                0x0800132c                TIM2_IRQHandler
 .text.rotateMe
                0x08001350      0x100 obj\debug\board\interapt.o
                0x08001350                rotateMe
 .text.GoForward
                0x08001450       0x98 obj\debug\board\interapt.o
                0x08001450                GoForward
 .text.checkposition
                0x080014e8      0x6a0 obj\debug\board\interapt.o
                0x080014e8                checkposition
 .text.TIM6_Config
                0x08001b88       0x94 obj\debug\board\tim.o
                0x08001b88                TIM6_Config
 .text.TIM7_Config
                0x08001c1c       0x94 obj\debug\board\tim.o
                0x08001c1c                TIM7_Config
 .text.NVIC_EnableIRQ
                0x08001cb0       0x38 obj\debug\board\usart.o
 .text.init_USART2_1
                0x08001ce8      0x118 obj\debug\board\usart.o
                0x08001ce8                init_USART2_1
 .text.init_USART6_1
                0x08001e00      0x118 obj\debug\board\usart.o
                0x08001e00                init_USART6_1
 .text.packetCheck
                0x08001f18       0x5c obj\debug\board\usart.o
                0x08001f18                packetCheck
 .text.DMA1_Stream5_IRQHandler
                0x08001f74       0x18 obj\debug\board\usart.o
                0x08001f74                DMA1_Stream5_IRQHandler
 .text.configUsart1TXDMA
                0x08001f8c      0x148 obj\debug\board\usart.o
                0x08001f8c                configUsart1TXDMA
 .text.configUsart1RXDMA
                0x080020d4      0x114 obj\debug\board\usart.o
                0x080020d4                configUsart1RXDMA
 .text.DMA1_Stream3_IRQHandler
                0x080021e8      0x324 obj\debug\board\usart.o
                0x080021e8                DMA1_Stream3_IRQHandler
 .text.DMA2_Stream2_IRQHandler
                0x0800250c      0x11c obj\debug\board\usart.o
                0x0800250c                DMA2_Stream2_IRQHandler
 .text.USART1_IRQHandler
                0x08002628      0x140 obj\debug\board\usart.o
                0x08002628                USART1_IRQHandler
 .text.usbd_cdc_Init
                0x08002768       0x94 obj\debug\library\cdc\src\usbd_cdc_core.o
                0x08002768                usbd_cdc_Init
 .text.usbd_cdc_DeInit
                0x080027fc       0x44 obj\debug\library\cdc\src\usbd_cdc_core.o
                0x080027fc                usbd_cdc_DeInit
 .text.usbd_cdc_Setup
                0x08002840      0x130 obj\debug\library\cdc\src\usbd_cdc_core.o
                0x08002840                usbd_cdc_Setup
 .text.usbd_cdc_EP0_RxReady
                0x08002970       0x60 obj\debug\library\cdc\src\usbd_cdc_core.o
                0x08002970                usbd_cdc_EP0_RxReady
 .text.usbd_cdc_DataIn
                0x080029d0      0x140 obj\debug\library\cdc\src\usbd_cdc_core.o
                0x080029d0                usbd_cdc_DataIn
 .text.usbd_cdc_DataOut
                0x08002b10       0x64 obj\debug\library\cdc\src\usbd_cdc_core.o
                0x08002b10                usbd_cdc_DataOut
 .text.usbd_cdc_SOF
                0x08002b74       0x50 obj\debug\library\cdc\src\usbd_cdc_core.o
                0x08002b74                usbd_cdc_SOF
 .text.Handle_USBAsynchXfer
                0x08002bc4      0x19c obj\debug\library\cdc\src\usbd_cdc_core.o
 .text.USBD_cdc_GetCfgDesc
                0x08002d60       0x28 obj\debug\library\cdc\src\usbd_cdc_core.o
 .text.USB_OTG_EnableCommonInt
                0x08002d88       0x44 obj\debug\library\core\src\usb_core.o
 .text.USB_OTG_CoreReset
                0x08002dcc       0xa8 obj\debug\library\core\src\usb_core.o
 .text.USB_OTG_WritePacket
                0x08002e74       0x88 obj\debug\library\core\src\usb_core.o
                0x08002e74                USB_OTG_WritePacket
 .text.USB_OTG_ReadPacket
                0x08002efc       0x68 obj\debug\library\core\src\usb_core.o
                0x08002efc                USB_OTG_ReadPacket
 .text.USB_OTG_SelectCore
                0x08002f64      0x1b4 obj\debug\library\core\src\usb_core.o
                0x08002f64                USB_OTG_SelectCore
 .text.USB_OTG_CoreInit
                0x08003118      0x148 obj\debug\library\core\src\usb_core.o
                0x08003118                USB_OTG_CoreInit
 .text.USB_OTG_EnableGlobalInt
                0x08003260       0x3c obj\debug\library\core\src\usb_core.o
                0x08003260                USB_OTG_EnableGlobalInt
 .text.USB_OTG_DisableGlobalInt
                0x0800329c       0x40 obj\debug\library\core\src\usb_core.o
                0x0800329c                USB_OTG_DisableGlobalInt
 .text.USB_OTG_FlushTxFifo
                0x080032dc       0x80 obj\debug\library\core\src\usb_core.o
                0x080032dc                USB_OTG_FlushTxFifo
 .text.USB_OTG_FlushRxFifo
                0x0800335c       0x6c obj\debug\library\core\src\usb_core.o
                0x0800335c                USB_OTG_FlushRxFifo
 .text.USB_OTG_SetCurrentMode
                0x080033c8       0x64 obj\debug\library\core\src\usb_core.o
                0x080033c8                USB_OTG_SetCurrentMode
 .text.USB_OTG_GetMode
                0x0800342c       0x20 obj\debug\library\core\src\usb_core.o
                0x0800342c                USB_OTG_GetMode
 .text.USB_OTG_IsDeviceMode
                0x0800344c       0x24 obj\debug\library\core\src\usb_core.o
                0x0800344c                USB_OTG_IsDeviceMode
 .text.USB_OTG_ReadCoreItr
                0x08003470       0x30 obj\debug\library\core\src\usb_core.o
                0x08003470                USB_OTG_ReadCoreItr
 .text.USB_OTG_InitDevSpeed
                0x080034a0       0x38 obj\debug\library\core\src\usb_core.o
                0x080034a0                USB_OTG_InitDevSpeed
 .text.USB_OTG_CoreInitDev
                0x080034d8      0x2d8 obj\debug\library\core\src\usb_core.o
                0x080034d8                USB_OTG_CoreInitDev
 .text.USB_OTG_EnableDevInt
                0x080037b0       0xb4 obj\debug\library\core\src\usb_core.o
                0x080037b0                USB_OTG_EnableDevInt
 .text.USB_OTG_GetDeviceSpeed
                0x08003864       0x68 obj\debug\library\core\src\usb_core.o
                0x08003864                USB_OTG_GetDeviceSpeed
 .text.USB_OTG_EP0Activate
                0x080038cc       0xa0 obj\debug\library\core\src\usb_core.o
                0x080038cc                USB_OTG_EP0Activate
 .text.USB_OTG_EPActivate
                0x0800396c       0xf8 obj\debug\library\core\src\usb_core.o
                0x0800396c                USB_OTG_EPActivate
 .text.USB_OTG_EPDeactivate
                0x08003a64       0xa4 obj\debug\library\core\src\usb_core.o
                0x08003a64                USB_OTG_EPDeactivate
 .text.USB_OTG_EPStartXfer
                0x08003b08      0x2dc obj\debug\library\core\src\usb_core.o
                0x08003b08                USB_OTG_EPStartXfer
 .text.USB_OTG_EP0StartXfer
                0x08003de4      0x1ec obj\debug\library\core\src\usb_core.o
                0x08003de4                USB_OTG_EP0StartXfer
 .text.USB_OTG_EPSetStall
                0x08003fd0       0x94 obj\debug\library\core\src\usb_core.o
                0x08003fd0                USB_OTG_EPSetStall
 .text.USB_OTG_EPClearStall
                0x08004064       0x84 obj\debug\library\core\src\usb_core.o
                0x08004064                USB_OTG_EPClearStall
 .text.USB_OTG_ReadDevAllOutEp_itr
                0x080040e8       0x30 obj\debug\library\core\src\usb_core.o
                0x080040e8                USB_OTG_ReadDevAllOutEp_itr
 .text.USB_OTG_ReadDevOutEP_itr
                0x08004118       0x3c obj\debug\library\core\src\usb_core.o
                0x08004118                USB_OTG_ReadDevOutEP_itr
 .text.USB_OTG_ReadDevAllInEPItr
                0x08004154       0x34 obj\debug\library\core\src\usb_core.o
                0x08004154                USB_OTG_ReadDevAllInEPItr
 .text.USB_OTG_EP0_OutStart
                0x08004188       0x74 obj\debug\library\core\src\usb_core.o
                0x08004188                USB_OTG_EP0_OutStart
 .text.DCD_Init
                0x080041fc      0x134 obj\debug\library\core\src\usb_dcd.o
                0x080041fc                DCD_Init
 .text.DCD_EP_Open
                0x08004330       0xb4 obj\debug\library\core\src\usb_dcd.o
                0x08004330                DCD_EP_Open
 .text.DCD_EP_Close
                0x080043e4       0x88 obj\debug\library\core\src\usb_dcd.o
                0x080043e4                DCD_EP_Close
 .text.DCD_EP_PrepareRx
                0x0800446c       0x90 obj\debug\library\core\src\usb_dcd.o
                0x0800446c                DCD_EP_PrepareRx
 .text.DCD_EP_Tx
                0x080044fc       0x88 obj\debug\library\core\src\usb_dcd.o
                0x080044fc                DCD_EP_Tx
 .text.DCD_EP_Stall
                0x08004584       0x8c obj\debug\library\core\src\usb_dcd.o
                0x08004584                DCD_EP_Stall
 .text.DCD_EP_ClrStall
                0x08004610       0x8c obj\debug\library\core\src\usb_dcd.o
                0x08004610                DCD_EP_ClrStall
 .text.DCD_EP_SetAddress
                0x0800469c       0x3c obj\debug\library\core\src\usb_dcd.o
                0x0800469c                DCD_EP_SetAddress
 .text.USBD_OTG_ISR_Handler
                0x080046d8      0x198 obj\debug\library\core\src\usb_dcd_int.o
                0x080046d8                USBD_OTG_ISR_Handler
 .text.DCD_SessionRequest_ISR
                0x08004870       0x3c obj\debug\library\core\src\usb_dcd_int.o
 .text.DCD_OTG_ISR
                0x080048ac       0x44 obj\debug\library\core\src\usb_dcd_int.o
 .text.DCD_HandleResume_ISR
                0x080048f0       0x8c obj\debug\library\core\src\usb_dcd_int.o
 .text.DCD_HandleUSBSuspend_ISR
                0x0800497c       0xd0 obj\debug\library\core\src\usb_dcd_int.o
 .text.DCD_HandleInEP_ISR
                0x08004a4c      0x1b0 obj\debug\library\core\src\usb_dcd_int.o
 .text.DCD_HandleOutEP_ISR
                0x08004bfc      0x184 obj\debug\library\core\src\usb_dcd_int.o
 .text.DCD_HandleSof_ISR
                0x08004d80       0x3c obj\debug\library\core\src\usb_dcd_int.o
 .text.DCD_HandleRxStatusQueueLevel_ISR
                0x08004dbc      0x118 obj\debug\library\core\src\usb_dcd_int.o
 .text.DCD_WriteEmptyTxFifo
                0x08004ed4      0x130 obj\debug\library\core\src\usb_dcd_int.o
 .text.DCD_HandleUsbReset_ISR
                0x08005004      0x158 obj\debug\library\core\src\usb_dcd_int.o
 .text.DCD_HandleEnumDone_ISR
                0x0800515c      0x22c obj\debug\library\core\src\usb_dcd_int.o
 .text.DCD_IsoINIncomplete_ISR
                0x08005388       0x3c obj\debug\library\core\src\usb_dcd_int.o
 .text.DCD_IsoOUTIncomplete_ISR
                0x080053c4       0x3c obj\debug\library\core\src\usb_dcd_int.o
 .text.DCD_ReadDevInEP
                0x08005400       0x58 obj\debug\library\core\src\usb_dcd_int.o
 .text.USBD_Init
                0x08005458       0x58 obj\debug\library\core\src\usbd_core.o
                0x08005458                USBD_Init
 .text.USBD_DeInit
                0x080054b0       0x18 obj\debug\library\core\src\usbd_core.o
                0x080054b0                USBD_DeInit
 .text.USBD_SetupStage
                0x080054c8       0x70 obj\debug\library\core\src\usbd_core.o
 .text.USBD_DataOutStage
                0x08005538       0xd4 obj\debug\library\core\src\usbd_core.o
 .text.USBD_DataInStage
                0x0800560c      0x150 obj\debug\library\core\src\usbd_core.o
 .text.USBD_RunTestMode
                0x0800575c       0x28 obj\debug\library\core\src\usbd_core.o
 .text.USBD_Reset
                0x08005784       0x54 obj\debug\library\core\src\usbd_core.o
 .text.USBD_Resume
                0x080057d8       0x38 obj\debug\library\core\src\usbd_core.o
 .text.USBD_Suspend
                0x08005810       0x38 obj\debug\library\core\src\usbd_core.o
 .text.USBD_SOF
                0x08005848       0x30 obj\debug\library\core\src\usbd_core.o
 .text.USBD_SetCfg
                0x08005878       0x34 obj\debug\library\core\src\usbd_core.o
                0x08005878                USBD_SetCfg
 .text.USBD_ClrCfg
                0x080058ac       0x2c obj\debug\library\core\src\usbd_core.o
                0x080058ac                USBD_ClrCfg
 .text.USBD_IsoINIncomplete
                0x080058d8       0x24 obj\debug\library\core\src\usbd_core.o
 .text.USBD_IsoOUTIncomplete
                0x080058fc       0x24 obj\debug\library\core\src\usbd_core.o
 .text.USBD_DevConnected
                0x08005920       0x2c obj\debug\library\core\src\usbd_core.o
 .text.USBD_DevDisconnected
                0x0800594c       0x3c obj\debug\library\core\src\usbd_core.o
 .text.USBD_CtlSendData
                0x08005988       0x48 obj\debug\library\core\src\usbd_ioreq.o
                0x08005988                USBD_CtlSendData
 .text.USBD_CtlContinueSendData
                0x080059d0       0x30 obj\debug\library\core\src\usbd_ioreq.o
                0x080059d0                USBD_CtlContinueSendData
 .text.USBD_CtlPrepareRx
                0x08005a00       0x48 obj\debug\library\core\src\usbd_ioreq.o
                0x08005a00                USBD_CtlPrepareRx
 .text.USBD_CtlContinueRx
                0x08005a48       0x30 obj\debug\library\core\src\usbd_ioreq.o
                0x08005a48                USBD_CtlContinueRx
 .text.USBD_CtlSendStatus
                0x08005a78       0x3c obj\debug\library\core\src\usbd_ioreq.o
                0x08005a78                USBD_CtlSendStatus
 .text.USBD_CtlReceiveStatus
                0x08005ab4       0x3c obj\debug\library\core\src\usbd_ioreq.o
                0x08005ab4                USBD_CtlReceiveStatus
 .text.USBD_StdDevReq
                0x08005af0       0xa4 obj\debug\library\core\src\usbd_req.o
                0x08005af0                USBD_StdDevReq
 .text.USBD_StdItfReq
                0x08005b94       0x6c obj\debug\library\core\src\usbd_req.o
                0x08005b94                USBD_StdItfReq
 .text.USBD_StdEPReq
                0x08005c00      0x200 obj\debug\library\core\src\usbd_req.o
                0x08005c00                USBD_StdEPReq
 .text.USBD_GetDescriptor
                0x08005e00      0x1b0 obj\debug\library\core\src\usbd_req.o
 .text.USBD_SetAddress
                0x08005fb0       0x80 obj\debug\library\core\src\usbd_req.o
 .text.USBD_SetConfig
                0x08006030      0x134 obj\debug\library\core\src\usbd_req.o
 .text.USBD_GetConfig
                0x08006164       0x68 obj\debug\library\core\src\usbd_req.o
 .text.USBD_GetStatus
                0x080061cc       0x70 obj\debug\library\core\src\usbd_req.o
 .text.USBD_SetFeature
                0x0800623c       0xfc obj\debug\library\core\src\usbd_req.o
 .text.USBD_ClrFeature
                0x08006338       0x58 obj\debug\library\core\src\usbd_req.o
 .text.USBD_ParseSetupRequest
                0x08006390       0x94 obj\debug\library\core\src\usbd_req.o
                0x08006390                USBD_ParseSetupRequest
 .text.USBD_CtlError
                0x08006424       0x2c obj\debug\library\core\src\usbd_req.o
                0x08006424                USBD_CtlError
 .text.USBD_GetString
                0x08006450       0x9c obj\debug\library\core\src\usbd_req.o
                0x08006450                USBD_GetString
 .text.USBD_GetLen
                0x080064ec       0x38 obj\debug\library\core\src\usbd_req.o
 .text.pushByte
                0x08006524      0x1b0 obj\debug\robot\communication.o
                0x08006524                pushByte
 .text.sendAnswer
                0x080066d4      0x1b4 obj\debug\robot\communication.o
                0x080066d4                sendAnswer
 .text.USART3_IRQHandler
                0x08006888       0x80 obj\debug\robot\dynamixel_control.o
                0x08006888                USART3_IRQHandler
 .text.execCommand
                0x08006908       0xe4 obj\debug\robot\robot.o
                0x08006908                execCommand
 .text.NMI_Handler
                0x080069ec        0xc obj\debug\usb app\stm32fxxx_it.o
                0x080069ec                NMI_Handler
 .text.HardFault_Handler
                0x080069f8        0x8 obj\debug\usb app\stm32fxxx_it.o
                0x080069f8                HardFault_Handler
 .text.MemManage_Handler
                0x08006a00        0x8 obj\debug\usb app\stm32fxxx_it.o
                0x08006a00                MemManage_Handler
 .text.BusFault_Handler
                0x08006a08        0x8 obj\debug\usb app\stm32fxxx_it.o
                0x08006a08                BusFault_Handler
 .text.UsageFault_Handler
                0x08006a10        0x8 obj\debug\usb app\stm32fxxx_it.o
                0x08006a10                UsageFault_Handler
 .text.SVC_Handler
                0x08006a18        0xc obj\debug\usb app\stm32fxxx_it.o
                0x08006a18                SVC_Handler
 .text.DebugMon_Handler
                0x08006a24        0xc obj\debug\usb app\stm32fxxx_it.o
                0x08006a24                DebugMon_Handler
 .text.PendSV_Handler
                0x08006a30        0xc obj\debug\usb app\stm32fxxx_it.o
                0x08006a30                PendSV_Handler
 .text.SysTick_Handler
                0x08006a3c        0xc obj\debug\usb app\stm32fxxx_it.o
                0x08006a3c                SysTick_Handler
 .text.OTG_FS_IRQHandler
                0x08006a48       0x14 obj\debug\usb app\stm32fxxx_it.o
                0x08006a48                OTG_FS_IRQHandler
 .text.USB_OTG_BSP_Init
                0x08006a5c      0x110 obj\debug\usb app\usb_bsp.o
                0x08006a5c                USB_OTG_BSP_Init
 .text.USB_OTG_BSP_EnableInterrupt
                0x08006b6c       0x3c obj\debug\usb app\usb_bsp.o
                0x08006b6c                USB_OTG_BSP_EnableInterrupt
 .text.USB_OTG_BSP_uDelay
                0x08006ba8       0x58 obj\debug\usb app\usb_bsp.o
                0x08006ba8                USB_OTG_BSP_uDelay
 .text.USB_OTG_BSP_mDelay
                0x08006c00       0x20 obj\debug\usb app\usb_bsp.o
                0x08006c00                USB_OTG_BSP_mDelay
 .text.VCP_Init
                0x08006c20       0x18 obj\debug\usb app\usbd_cdc_vcp.o
 .text.VCP_DeInit
                0x08006c38       0x10 obj\debug\usb app\usbd_cdc_vcp.o
 .text.VCP_Ctrl
                0x08006c48      0x1bc obj\debug\usb app\usbd_cdc_vcp.o
 .text.VCP_DataTx
                0x08006e04       0x10 obj\debug\usb app\usbd_cdc_vcp.o
 .text.VCP_DataRx
                0x08006e14       0x40 obj\debug\usb app\usbd_cdc_vcp.o
 .text.VCP_COMConfig
                0x08006e54      0x150 obj\debug\usb app\usbd_cdc_vcp.o
 .text.USBD_USR_DeviceDescriptor
                0x08006fa4       0x28 obj\debug\usb app\usbd_desc.o
                0x08006fa4                USBD_USR_DeviceDescriptor
 .text.USBD_USR_LangIDStrDescriptor
                0x08006fcc       0x28 obj\debug\usb app\usbd_desc.o
                0x08006fcc                USBD_USR_LangIDStrDescriptor
 .text.USBD_USR_ProductStrDescriptor
                0x08006ff4       0x54 obj\debug\usb app\usbd_desc.o
                0x08006ff4                USBD_USR_ProductStrDescriptor
 .text.USBD_USR_ManufacturerStrDescriptor
                0x08007048       0x34 obj\debug\usb app\usbd_desc.o
                0x08007048                USBD_USR_ManufacturerStrDescriptor
 .text.USBD_USR_SerialStrDescriptor
                0x0800707c       0x2c obj\debug\usb app\usbd_desc.o
                0x0800707c                USBD_USR_SerialStrDescriptor
 .text.USBD_USR_ConfigStrDescriptor
                0x080070a8       0x54 obj\debug\usb app\usbd_desc.o
                0x080070a8                USBD_USR_ConfigStrDescriptor
 .text.USBD_USR_InterfaceStrDescriptor
                0x080070fc       0x54 obj\debug\usb app\usbd_desc.o
                0x080070fc                USBD_USR_InterfaceStrDescriptor
 .text.Get_SerialNum
                0x08007150       0x60 obj\debug\usb app\usbd_desc.o
 .text.IntToUnicode
                0x080071b0       0x94 obj\debug\usb app\usbd_desc.o
 .text.USBD_USR_Init
                0x08007244        0xc obj\debug\usb app\usbd_usr.o
                0x08007244                USBD_USR_Init
 .text.USBD_USR_DeviceReset
                0x08007250       0x14 obj\debug\usb app\usbd_usr.o
                0x08007250                USBD_USR_DeviceReset
 .text.USBD_USR_DeviceConfigured
                0x08007264        0xc obj\debug\usb app\usbd_usr.o
                0x08007264                USBD_USR_DeviceConfigured
 .text.USBD_USR_DeviceSuspended
                0x08007270        0xc obj\debug\usb app\usbd_usr.o
                0x08007270                USBD_USR_DeviceSuspended
 .text.USBD_USR_DeviceResumed
                0x0800727c        0xc obj\debug\usb app\usbd_usr.o
                0x0800727c                USBD_USR_DeviceResumed
 .text.USBD_USR_DeviceConnected
                0x08007288        0xc obj\debug\usb app\usbd_usr.o
                0x08007288                USBD_USR_DeviceConnected
 .text.USBD_USR_DeviceDisconnected
                0x08007294        0xc obj\debug\usb app\usbd_usr.o
                0x08007294                USBD_USR_DeviceDisconnected
 .text.NVIC_PriorityGroupConfig
                0x080072a0       0x28 obj\debug\spl\src\misc.o
                0x080072a0                NVIC_PriorityGroupConfig
 .text.NVIC_Init
                0x080072c8       0xe4 obj\debug\spl\src\misc.o
                0x080072c8                NVIC_Init
 .text.ADC_DeInit
                0x080073ac       0x20 obj\debug\spl\src\stm32f4xx_adc.o
                0x080073ac                ADC_DeInit
 .text.ADC_Init
                0x080073cc       0xb8 obj\debug\spl\src\stm32f4xx_adc.o
                0x080073cc                ADC_Init
 .text.ADC_CommonInit
                0x08007484       0x5c obj\debug\spl\src\stm32f4xx_adc.o
                0x08007484                ADC_CommonInit
 .text.ADC_Cmd  0x080074e0       0x38 obj\debug\spl\src\stm32f4xx_adc.o
                0x080074e0                ADC_Cmd
 .text.ADC_RegularChannelConfig
                0x08007518      0x1bc obj\debug\spl\src\stm32f4xx_adc.o
                0x08007518                ADC_RegularChannelConfig
 .text.ADC_SoftwareStartConv
                0x080076d4       0x20 obj\debug\spl\src\stm32f4xx_adc.o
                0x080076d4                ADC_SoftwareStartConv
 .text.ADC_DMACmd
                0x080076f4       0x38 obj\debug\spl\src\stm32f4xx_adc.o
                0x080076f4                ADC_DMACmd
 .text.ADC_DMARequestAfterLastTransferCmd
                0x0800772c       0x38 obj\debug\spl\src\stm32f4xx_adc.o
                0x0800772c                ADC_DMARequestAfterLastTransferCmd
 .text.DMA_DeInit
                0x08007764      0x244 obj\debug\spl\src\stm32f4xx_dma.o
                0x08007764                DMA_DeInit
 .text.DMA_Init
                0x080079a8       0xb0 obj\debug\spl\src\stm32f4xx_dma.o
                0x080079a8                DMA_Init
 .text.DMA_Cmd  0x08007a58       0x38 obj\debug\spl\src\stm32f4xx_dma.o
                0x08007a58                DMA_Cmd
 .text.DMA_GetITStatus
                0x08007a90       0xc0 obj\debug\spl\src\stm32f4xx_dma.o
                0x08007a90                DMA_GetITStatus
 .text.DMA_ClearITPendingBit
                0x08007b50       0x60 obj\debug\spl\src\stm32f4xx_dma.o
                0x08007b50                DMA_ClearITPendingBit
 .text.GPIO_Init
                0x08007bb0      0x144 obj\debug\spl\src\stm32f4xx_gpio.o
                0x08007bb0                GPIO_Init
 .text.GPIO_PinAFConfig
                0x08007cf4       0xa8 obj\debug\spl\src\stm32f4xx_gpio.o
                0x08007cf4                GPIO_PinAFConfig
 .text.RCC_GetClocksFreq
                0x08007d9c      0x1cc obj\debug\spl\src\stm32f4xx_rcc.o
                0x08007d9c                RCC_GetClocksFreq
 .text.RCC_AHB1PeriphClockCmd
                0x08007f68       0x54 obj\debug\spl\src\stm32f4xx_rcc.o
                0x08007f68                RCC_AHB1PeriphClockCmd
 .text.RCC_AHB2PeriphClockCmd
                0x08007fbc       0x54 obj\debug\spl\src\stm32f4xx_rcc.o
                0x08007fbc                RCC_AHB2PeriphClockCmd
 .text.RCC_APB1PeriphClockCmd
                0x08008010       0x54 obj\debug\spl\src\stm32f4xx_rcc.o
                0x08008010                RCC_APB1PeriphClockCmd
 .text.RCC_APB2PeriphClockCmd
                0x08008064       0x54 obj\debug\spl\src\stm32f4xx_rcc.o
                0x08008064                RCC_APB2PeriphClockCmd
 .text.RCC_APB2PeriphResetCmd
                0x080080b8       0x54 obj\debug\spl\src\stm32f4xx_rcc.o
                0x080080b8                RCC_APB2PeriphResetCmd
 .text.TIM_TimeBaseInit
                0x0800810c       0xf4 obj\debug\spl\src\stm32f4xx_tim.o
                0x0800810c                TIM_TimeBaseInit
 .text.TIM_SetCounter
                0x08008200       0x1c obj\debug\spl\src\stm32f4xx_tim.o
                0x08008200                TIM_SetCounter
 .text.TIM_SetAutoreload
                0x0800821c       0x1c obj\debug\spl\src\stm32f4xx_tim.o
                0x0800821c                TIM_SetAutoreload
 .text.TIM_GetCounter
                0x08008238       0x18 obj\debug\spl\src\stm32f4xx_tim.o
                0x08008238                TIM_GetCounter
 .text.TIM_Cmd  0x08008250       0x40 obj\debug\spl\src\stm32f4xx_tim.o
                0x08008250                TIM_Cmd
 .text.TIM_ICInit
                0x08008290       0xa8 obj\debug\spl\src\stm32f4xx_tim.o
                0x08008290                TIM_ICInit
 .text.TIM_SetIC1Prescaler
                0x08008338       0x38 obj\debug\spl\src\stm32f4xx_tim.o
                0x08008338                TIM_SetIC1Prescaler
 .text.TIM_SetIC2Prescaler
                0x08008370       0x3c obj\debug\spl\src\stm32f4xx_tim.o
                0x08008370                TIM_SetIC2Prescaler
 .text.TIM_SetIC3Prescaler
                0x080083ac       0x38 obj\debug\spl\src\stm32f4xx_tim.o
                0x080083ac                TIM_SetIC3Prescaler
 .text.TIM_SetIC4Prescaler
                0x080083e4       0x3c obj\debug\spl\src\stm32f4xx_tim.o
                0x080083e4                TIM_SetIC4Prescaler
 .text.TIM_ITConfig
                0x08008420       0x48 obj\debug\spl\src\stm32f4xx_tim.o
                0x08008420                TIM_ITConfig
 .text.TIM_GetITStatus
                0x08008468       0x60 obj\debug\spl\src\stm32f4xx_tim.o
                0x08008468                TIM_GetITStatus
 .text.TIM_ClearITPendingBit
                0x080084c8       0x24 obj\debug\spl\src\stm32f4xx_tim.o
                0x080084c8                TIM_ClearITPendingBit
 .text.TIM_SelectInputTrigger
                0x080084ec       0x38 obj\debug\spl\src\stm32f4xx_tim.o
                0x080084ec                TIM_SelectInputTrigger
 .text.TIM_SelectSlaveMode
                0x08008524       0x38 obj\debug\spl\src\stm32f4xx_tim.o
                0x08008524                TIM_SelectSlaveMode
 .text.TIM_EncoderInterfaceConfig
                0x0800855c       0x94 obj\debug\spl\src\stm32f4xx_tim.o
                0x0800855c                TIM_EncoderInterfaceConfig
 .text.TIM_SelectHallSensor
                0x080085f0       0x40 obj\debug\spl\src\stm32f4xx_tim.o
                0x080085f0                TIM_SelectHallSensor
 .text.TI1_Config
                0x08008630       0x80 obj\debug\spl\src\stm32f4xx_tim.o
 .text.TI2_Config
                0x080086b0       0x9c obj\debug\spl\src\stm32f4xx_tim.o
 .text.TI3_Config
                0x0800874c       0x8c obj\debug\spl\src\stm32f4xx_tim.o
 .text.TI4_Config
                0x080087d8       0xa4 obj\debug\spl\src\stm32f4xx_tim.o
 .text.USART_Init
                0x0800887c      0x1ac obj\debug\spl\src\stm32f4xx_usart.o
                0x0800887c                USART_Init
 .text.USART_Cmd
                0x08008a28       0x40 obj\debug\spl\src\stm32f4xx_usart.o
                0x08008a28                USART_Cmd
 .text.USART_SendData
                0x08008a68       0x28 obj\debug\spl\src\stm32f4xx_usart.o
                0x08008a68                USART_SendData
 .text.USART_ReceiveData
                0x08008a90       0x24 obj\debug\spl\src\stm32f4xx_usart.o
                0x08008a90                USART_ReceiveData
 .text.USART_ITConfig
                0x08008ab4       0xa4 obj\debug\spl\src\stm32f4xx_usart.o
                0x08008ab4                USART_ITConfig
 .text.USART_GetITStatus
                0x08008b58       0xc4 obj\debug\spl\src\stm32f4xx_usart.o
                0x08008b58                USART_GetITStatus
 .text.USART_ClearITPendingBit
                0x08008c1c       0x44 obj\debug\spl\src\stm32f4xx_usart.o
                0x08008c1c                USART_ClearITPendingBit
 .text.RCC_Configuration
                0x08008c60      0x140 obj\debug\src\main.o
                0x08008c60                RCC_Configuration
 .text.GPIO_Configuration
                0x08008da0       0x30 obj\debug\src\main.o
                0x08008da0                GPIO_Configuration
 .text.NVIC_Configuration
                0x08008dd0       0x30 obj\debug\src\main.o
                0x08008dd0                NVIC_Configuration
 .text.main     0x08008e00       0xb4 obj\debug\src\main.o
                0x08008e00                main
 .text          0x08008eb4      0x108 obj\debug\src\startup_stm32f4xx.o
                0x08008eb4                Reset_Handler
                0x08008f0c                Default_Handler
                0x08008f0e                WWDG_IRQHandler
                0x08008f10                PVD_IRQHandler
                0x08008f12                TAMP_STAMP_IRQHandler
                0x08008f14                RTC_WKUP_IRQHandler
                0x08008f16                FLASH_IRQHandler
                0x08008f18                RCC_IRQHandler
                0x08008f1a                EXTI0_IRQHandler
                0x08008f1c                EXTI1_IRQHandler
                0x08008f1e                EXTI2_IRQHandler
                0x08008f20                EXTI3_IRQHandler
                0x08008f22                EXTI4_IRQHandler
                0x08008f24                DMA1_Stream0_IRQHandler
                0x08008f26                DMA1_Stream1_IRQHandler
                0x08008f28                DMA1_Stream2_IRQHandler
                0x08008f2c                DMA1_Stream4_IRQHandler
                0x08008f30                DMA1_Stream6_IRQHandler
                0x08008f32                ADC_IRQHandler
                0x08008f34                CAN1_TX_IRQHandler
                0x08008f36                CAN1_RX0_IRQHandler
                0x08008f38                CAN1_RX1_IRQHandler
                0x08008f3a                CAN1_SCE_IRQHandler
                0x08008f3c                EXTI9_5_IRQHandler
                0x08008f3e                TIM1_BRK_TIM9_IRQHandler
                0x08008f40                TIM1_UP_TIM10_IRQHandler
                0x08008f42                TIM1_TRG_COM_TIM11_IRQHandler
                0x08008f44                TIM1_CC_IRQHandler
                0x08008f48                TIM3_IRQHandler
                0x08008f4a                TIM4_IRQHandler
                0x08008f4c                I2C1_EV_IRQHandler
                0x08008f4e                I2C1_ER_IRQHandler
                0x08008f50                I2C2_EV_IRQHandler
                0x08008f52                I2C2_ER_IRQHandler
                0x08008f54                SPI1_IRQHandler
                0x08008f56                SPI2_IRQHandler
                0x08008f5e                EXTI15_10_IRQHandler
                0x08008f60                RTC_Alarm_IRQHandler
                0x08008f62                OTG_FS_WKUP_IRQHandler
                0x08008f64                TIM8_BRK_TIM12_IRQHandler
                0x08008f66                TIM8_UP_TIM13_IRQHandler
                0x08008f68                TIM8_TRG_COM_TIM14_IRQHandler
                0x08008f6a                TIM8_CC_IRQHandler
                0x08008f6c                DMA1_Stream7_IRQHandler
                0x08008f6e                FSMC_IRQHandler
                0x08008f70                SDIO_IRQHandler
                0x08008f72                TIM5_IRQHandler
                0x08008f74                SPI3_IRQHandler
                0x08008f76                UART4_IRQHandler
                0x08008f78                UART5_IRQHandler
                0x08008f80                DMA2_Stream1_IRQHandler
                0x08008f84                DMA2_Stream3_IRQHandler
                0x08008f86                DMA2_Stream4_IRQHandler
                0x08008f88                ETH_IRQHandler
                0x08008f8a                ETH_WKUP_IRQHandler
                0x08008f8c                CAN2_TX_IRQHandler
                0x08008f8e                CAN2_RX0_IRQHandler
                0x08008f90                CAN2_RX1_IRQHandler
                0x08008f92                CAN2_SCE_IRQHandler
                0x08008f96                DMA2_Stream5_IRQHandler
                0x08008f98                DMA2_Stream6_IRQHandler
                0x08008f9a                DMA2_Stream7_IRQHandler
                0x08008f9e                I2C3_EV_IRQHandler
                0x08008fa0                I2C3_ER_IRQHandler
                0x08008fa2                OTG_HS_EP1_OUT_IRQHandler
                0x08008fa4                OTG_HS_EP1_IN_IRQHandler
                0x08008fa6                OTG_HS_WKUP_IRQHandler
                0x08008fa8                OTG_HS_IRQHandler
                0x08008faa                DCMI_IRQHandler
                0x08008fac                CRYP_IRQHandler
                0x08008fae                HASH_RNG_IRQHandler
                0x08008fb0                FPU_IRQHandler
 .text.SystemInit
                0x08008fbc       0xb0 obj\debug\src\system_stm32f4xx.o
                0x08008fbc                SystemInit
 .text.SetSysClock
                0x0800906c      0x188 obj\debug\src\system_stm32f4xx.o
 .text.findslot
                0x080091f4       0x34 c:/program files (x86)/emblocks/2.30/share/em_armgcc/bin/../lib/gcc/arm-none-eabi/4.7.3/../../../../arm-none-eabi/lib/armv7e-m/fpu\librdimon.a(rdimon-syscalls.o)
 .text.error    0x08009228       0x1c c:/program files (x86)/emblocks/2.30/share/em_armgcc/bin/../lib/gcc/arm-none-eabi/4.7.3/../../../../arm-none-eabi/lib/armv7e-m/fpu\librdimon.a(rdimon-syscalls.o)
 .text.checkerror
                0x08009244        0xa c:/program files (x86)/emblocks/2.30/share/em_armgcc/bin/../lib/gcc/arm-none-eabi/4.7.3/../../../../arm-none-eabi/lib/armv7e-m/fpu\librdimon.a(rdimon-syscalls.o)
 *fill*         0x0800924e        0x2 
 .text.initialise_monitor_handles
                0x08009250       0xa4 c:/program files (x86)/emblocks/2.30/share/em_armgcc/bin/../lib/gcc/arm-none-eabi/4.7.3/../../../../arm-none-eabi/lib/armv7e-m/fpu\librdimon.a(rdimon-syscalls.o)
                0x08009250                initialise_monitor_handles
 .text._swiread
                0x080092f4       0x20 c:/program files (x86)/emblocks/2.30/share/em_armgcc/bin/../lib/gcc/arm-none-eabi/4.7.3/../../../../arm-none-eabi/lib/armv7e-m/fpu\librdimon.a(rdimon-syscalls.o)
                0x080092f4                _swiread
 .text._read    0x08009314       0x34 c:/program files (x86)/emblocks/2.30/share/em_armgcc/bin/../lib/gcc/arm-none-eabi/4.7.3/../../../../arm-none-eabi/lib/armv7e-m/fpu\librdimon.a(rdimon-syscalls.o)
                0x08009314                _read
 .text._swilseek
                0x08009348       0x7c c:/program files (x86)/emblocks/2.30/share/em_armgcc/bin/../lib/gcc/arm-none-eabi/4.7.3/../../../../arm-none-eabi/lib/armv7e-m/fpu\librdimon.a(rdimon-syscalls.o)
                0x08009348                _swilseek
 .text._lseek   0x080093c4        0x4 c:/program files (x86)/emblocks/2.30/share/em_armgcc/bin/../lib/gcc/arm-none-eabi/4.7.3/../../../../arm-none-eabi/lib/armv7e-m/fpu\librdimon.a(rdimon-syscalls.o)
                0x080093c4                _lseek
 .text._swiwrite
                0x080093c8       0x20 c:/program files (x86)/emblocks/2.30/share/em_armgcc/bin/../lib/gcc/arm-none-eabi/4.7.3/../../../../arm-none-eabi/lib/armv7e-m/fpu\librdimon.a(rdimon-syscalls.o)
                0x080093c8                _swiwrite
 .text._write   0x080093e8       0x42 c:/program files (x86)/emblocks/2.30/share/em_armgcc/bin/../lib/gcc/arm-none-eabi/4.7.3/../../../../arm-none-eabi/lib/armv7e-m/fpu\librdimon.a(rdimon-syscalls.o)
                0x080093e8                _write
 .text._swiclose
                0x0800942a       0x1a c:/program files (x86)/emblocks/2.30/share/em_armgcc/bin/../lib/gcc/arm-none-eabi/4.7.3/../../../../arm-none-eabi/lib/armv7e-m/fpu\librdimon.a(rdimon-syscalls.o)
                0x0800942a                _swiclose
 .text._close   0x08009444       0x48 c:/program files (x86)/emblocks/2.30/share/em_armgcc/bin/../lib/gcc/arm-none-eabi/4.7.3/../../../../arm-none-eabi/lib/armv7e-m/fpu\librdimon.a(rdimon-syscalls.o)
                0x08009444                _close
 .text._sbrk    0x0800948c       0x34 c:/program files (x86)/emblocks/2.30/share/em_armgcc/bin/../lib/gcc/arm-none-eabi/4.7.3/../../../../arm-none-eabi/lib/armv7e-m/fpu\librdimon.a(rdimon-syscalls.o)
                0x0800948c                _sbrk
 .text._swistat
                0x080094c0       0x42 c:/program files (x86)/emblocks/2.30/share/em_armgcc/bin/../lib/gcc/arm-none-eabi/4.7.3/../../../../arm-none-eabi/lib/armv7e-m/fpu\librdimon.a(rdimon-syscalls.o)
                0x080094c0                _swistat
 .text._fstat   0x08009502       0x1c c:/program files (x86)/emblocks/2.30/share/em_armgcc/bin/../lib/gcc/arm-none-eabi/4.7.3/../../../../arm-none-eabi/lib/armv7e-m/fpu\librdimon.a(rdimon-syscalls.o)
                0x08009502                _fstat
 .text._isatty  0x0800951e       0x38 c:/program files (x86)/emblocks/2.30/share/em_armgcc/bin/../lib/gcc/arm-none-eabi/4.7.3/../../../../arm-none-eabi/lib/armv7e-m/fpu\librdimon.a(rdimon-syscalls.o)
                0x0800951e                _isatty
 *fill*         0x08009556        0x2 
 .text          0x08009558      0x370 c:/program files (x86)/emblocks/2.30/share/em_armgcc/bin/../lib/gcc/arm-none-eabi/4.7.3/armv7e-m/fpu\libgcc.a(_arm_addsubdf3.o)
                0x08009558                __aeabi_drsub
                0x08009560                __aeabi_dsub
                0x08009560                __subdf3
                0x08009564                __aeabi_dadd
                0x08009564                __adddf3
                0x080097dc                __floatunsidf
                0x080097dc                __aeabi_ui2d
                0x080097fc                __floatsidf
                0x080097fc                __aeabi_i2d
                0x08009820                __aeabi_f2d
                0x08009820                __extendsfdf2
                0x0800985c                __floatundidf
                0x0800985c                __aeabi_ul2d
                0x0800986c                __floatdidf
                0x0800986c                __aeabi_l2d
 .text          0x080098c8      0x424 c:/program files (x86)/emblocks/2.30/share/em_armgcc/bin/../lib/gcc/arm-none-eabi/4.7.3/armv7e-m/fpu\libgcc.a(_arm_muldivdf3.o)
                0x080098c8                __aeabi_dmul
                0x080098c8                __muldf3
                0x08009b1c                __divdf3
                0x08009b1c                __aeabi_ddiv
 .text          0x08009cec      0x110 c:/program files (x86)/emblocks/2.30/share/em_armgcc/bin/../lib/gcc/arm-none-eabi/4.7.3/armv7e-m/fpu\libgcc.a(_arm_cmpdf2.o)
                0x08009cec                __gtdf2
                0x08009cec                __gedf2
                0x08009cf4                __ltdf2
                0x08009cf4                __ledf2
                0x08009cfc                __nedf2
                0x08009cfc                __eqdf2
                0x08009cfc                __cmpdf2
                0x08009d78                __aeabi_cdrcmple
                0x08009d88                __aeabi_cdcmpeq
                0x08009d88                __aeabi_cdcmple
                0x08009d98                __aeabi_dcmpeq
                0x08009dac                __aeabi_dcmplt
                0x08009dc0                __aeabi_dcmple
                0x08009dd4                __aeabi_dcmpge
                0x08009de8                __aeabi_dcmpgt
 .text          0x08009dfc       0xa0 c:/program files (x86)/emblocks/2.30/share/em_armgcc/bin/../lib/gcc/arm-none-eabi/4.7.3/armv7e-m/fpu\libgcc.a(_arm_truncdfsf2.o)
                0x08009dfc                __truncdfsf2
                0x08009dfc                __aeabi_d2f
 .text.__errno  0x08009e9c        0xc c:/program files (x86)/emblocks/2.30/share/em_armgcc/bin/../lib/gcc/arm-none-eabi/4.7.3/../../../../arm-none-eabi/lib/armv7e-m/fpu\libc_f.a(lib_a-errno.o)
                0x08009e9c                __errno
 .text.exit     0x08009ea8       0x20 c:/program files (x86)/emblocks/2.30/share/em_armgcc/bin/../lib/gcc/arm-none-eabi/4.7.3/../../../../arm-none-eabi/lib/armv7e-m/fpu\libc_f.a(lib_a-exit.o)
                0x08009ea8                exit
 .text._cleanup_r
                0x08009ec8        0xc c:/program files (x86)/emblocks/2.30/share/em_armgcc/bin/../lib/gcc/arm-none-eabi/4.7.3/../../../../arm-none-eabi/lib/armv7e-m/fpu\libc_f.a(lib_a-findfp.o)
                0x08009ec8                _cleanup_r
 .text.__sinit  0x08009ed4       0xf4 c:/program files (x86)/emblocks/2.30/share/em_armgcc/bin/../lib/gcc/arm-none-eabi/4.7.3/../../../../arm-none-eabi/lib/armv7e-m/fpu\libc_f.a(lib_a-findfp.o)
                0x08009ed4                __sinit
 .text.__sfp_lock_acquire
                0x08009fc8        0x4 c:/program files (x86)/emblocks/2.30/share/em_armgcc/bin/../lib/gcc/arm-none-eabi/4.7.3/../../../../arm-none-eabi/lib/armv7e-m/fpu\libc_f.a(lib_a-findfp.o)
                0x08009fc8                __sfp_lock_acquire
 .text.__sfp_lock_release
                0x08009fcc        0x4 c:/program files (x86)/emblocks/2.30/share/em_armgcc/bin/../lib/gcc/arm-none-eabi/4.7.3/../../../../arm-none-eabi/lib/armv7e-m/fpu\libc_f.a(lib_a-findfp.o)
                0x08009fcc                __sfp_lock_release
 .text._fwalk   0x08009fd0       0x48 c:/program files (x86)/emblocks/2.30/share/em_armgcc/bin/../lib/gcc/arm-none-eabi/4.7.3/../../../../arm-none-eabi/lib/armv7e-m/fpu\libc_f.a(lib_a-fwalk.o)
                0x08009fd0                _fwalk
 .text.__libc_init_array
                0x0800a018       0x50 c:/program files (x86)/emblocks/2.30/share/em_armgcc/bin/../lib/gcc/arm-none-eabi/4.7.3/../../../../arm-none-eabi/lib/armv7e-m/fpu\libc_f.a(lib_a-init.o)
                0x0800a018                __libc_init_array
 .text._malloc_r
                0x0800a068      0x584 c:/program files (x86)/emblocks/2.30/share/em_armgcc/bin/../lib/gcc/arm-none-eabi/4.7.3/../../../../arm-none-eabi/lib/armv7e-m/fpu\libc_f.a(lib_a-mallocr.o)
                0x0800a068                _malloc_r
 .text          0x0800a5ec      0x134 c:/program files (x86)/emblocks/2.30/share/em_armgcc/bin/../lib/gcc/arm-none-eabi/4.7.3/../../../../arm-none-eabi/lib/armv7e-m/fpu\libc_f.a(lib_a-memcpy.o)
                0x0800a5ec                memcpy
 .text.memset   0x0800a720       0x98 c:/program files (x86)/emblocks/2.30/share/em_armgcc/bin/../lib/gcc/arm-none-eabi/4.7.3/../../../../arm-none-eabi/lib/armv7e-m/fpu\libc_f.a(lib_a-memset.o)
                0x0800a720                memset
 .text.__malloc_lock
                0x0800a7b8        0x4 c:/program files (x86)/emblocks/2.30/share/em_armgcc/bin/../lib/gcc/arm-none-eabi/4.7.3/../../../../arm-none-eabi/lib/armv7e-m/fpu\libc_f.a(lib_a-mlock.o)
                0x0800a7b8                __malloc_lock
 .text.__malloc_unlock
                0x0800a7bc        0x4 c:/program files (x86)/emblocks/2.30/share/em_armgcc/bin/../lib/gcc/arm-none-eabi/4.7.3/../../../../arm-none-eabi/lib/armv7e-m/fpu\libc_f.a(lib_a-mlock.o)
                0x0800a7bc                __malloc_unlock
 .text.putchar  0x0800a7c0       0x14 c:/program files (x86)/emblocks/2.30/share/em_armgcc/bin/../lib/gcc/arm-none-eabi/4.7.3/../../../../arm-none-eabi/lib/armv7e-m/fpu\libc_f.a(lib_a-putchar.o)
                0x0800a7c0                putchar
 .text._sbrk_r  0x0800a7d4       0x24 c:/program files (x86)/emblocks/2.30/share/em_armgcc/bin/../lib/gcc/arm-none-eabi/4.7.3/../../../../arm-none-eabi/lib/armv7e-m/fpu\libc_f.a(lib_a-sbrkr.o)
                0x0800a7d4                _sbrk_r
 .text.__sread  0x0800a7f8       0x24 c:/program files (x86)/emblocks/2.30/share/em_armgcc/bin/../lib/gcc/arm-none-eabi/4.7.3/../../../../arm-none-eabi/lib/armv7e-m/fpu\libc_f.a(lib_a-stdio.o)
                0x0800a7f8                __sread
 .text.__swrite
                0x0800a81c       0x44 c:/program files (x86)/emblocks/2.30/share/em_armgcc/bin/../lib/gcc/arm-none-eabi/4.7.3/../../../../arm-none-eabi/lib/armv7e-m/fpu\libc_f.a(lib_a-stdio.o)
                0x0800a81c                __swrite
 .text.__sseek  0x0800a860       0x2c c:/program files (x86)/emblocks/2.30/share/em_armgcc/bin/../lib/gcc/arm-none-eabi/4.7.3/../../../../arm-none-eabi/lib/armv7e-m/fpu\libc_f.a(lib_a-stdio.o)
                0x0800a860                __sseek
 .text.__sclose
                0x0800a88c        0x8 c:/program files (x86)/emblocks/2.30/share/em_armgcc/bin/../lib/gcc/arm-none-eabi/4.7.3/../../../../arm-none-eabi/lib/armv7e-m/fpu\libc_f.a(lib_a-stdio.o)
                0x0800a88c                __sclose
 .text.strlen   0x0800a894       0x60 c:/program files (x86)/emblocks/2.30/share/em_armgcc/bin/../lib/gcc/arm-none-eabi/4.7.3/../../../../arm-none-eabi/lib/armv7e-m/fpu\libc_f.a(lib_a-strlen.o)
                0x0800a894                strlen
 .text._write_r
                0x0800a8f4       0x28 c:/program files (x86)/emblocks/2.30/share/em_armgcc/bin/../lib/gcc/arm-none-eabi/4.7.3/../../../../arm-none-eabi/lib/armv7e-m/fpu\libc_f.a(lib_a-writer.o)
                0x0800a8f4                _write_r
 .text.startup.register_fini
                0x0800a91c       0x14 c:/program files (x86)/emblocks/2.30/share/em_armgcc/bin/../lib/gcc/arm-none-eabi/4.7.3/../../../../arm-none-eabi/lib/armv7e-m/fpu\libc_f.a(lib_a-__call_atexit.o)
 .text.__call_exitprocs
                0x0800a930      0x164 c:/program files (x86)/emblocks/2.30/share/em_armgcc/bin/../lib/gcc/arm-none-eabi/4.7.3/../../../../arm-none-eabi/lib/armv7e-m/fpu\libc_f.a(lib_a-__call_atexit.o)
                0x0800a930                __call_exitprocs
 .text.atexit   0x0800aa94        0xc c:/program files (x86)/emblocks/2.30/share/em_armgcc/bin/../lib/gcc/arm-none-eabi/4.7.3/../../../../arm-none-eabi/lib/armv7e-m/fpu\libc_f.a(lib_a-atexit.o)
                0x0800aa94                atexit
 .text._close_r
                0x0800aaa0       0x24 c:/program files (x86)/emblocks/2.30/share/em_armgcc/bin/../lib/gcc/arm-none-eabi/4.7.3/../../../../arm-none-eabi/lib/armv7e-m/fpu\libc_f.a(lib_a-closer.o)
                0x0800aaa0                _close_r
 .text._fclose_r
                0x0800aac4       0x88 c:/program files (x86)/emblocks/2.30/share/em_armgcc/bin/../lib/gcc/arm-none-eabi/4.7.3/../../../../arm-none-eabi/lib/armv7e-m/fpu\libc_f.a(lib_a-fclose.o)
                0x0800aac4                _fclose_r
 .text.fclose   0x0800ab4c       0x10 c:/program files (x86)/emblocks/2.30/share/em_armgcc/bin/../lib/gcc/arm-none-eabi/4.7.3/../../../../arm-none-eabi/lib/armv7e-m/fpu\libc_f.a(lib_a-fclose.o)
                0x0800ab4c                fclose
 .text.__sflush_r
                0x0800ab5c      0x15c c:/program files (x86)/emblocks/2.30/share/em_armgcc/bin/../lib/gcc/arm-none-eabi/4.7.3/../../../../arm-none-eabi/lib/armv7e-m/fpu\libc_f.a(lib_a-fflush.o)
                0x0800ab5c                __sflush_r
 .text._fflush_r
                0x0800acb8       0x2c c:/program files (x86)/emblocks/2.30/share/em_armgcc/bin/../lib/gcc/arm-none-eabi/4.7.3/../../../../arm-none-eabi/lib/armv7e-m/fpu\libc_f.a(lib_a-fflush.o)
                0x0800acb8                _fflush_r
 .text.__libc_fini_array
                0x0800ace4       0x2c c:/program files (x86)/emblocks/2.30/share/em_armgcc/bin/../lib/gcc/arm-none-eabi/4.7.3/../../../../arm-none-eabi/lib/armv7e-m/fpu\libc_f.a(lib_a-fini.o)
                0x0800ace4                __libc_fini_array
 .text._malloc_trim_r
                0x0800ad10       0x98 c:/program files (x86)/emblocks/2.30/share/em_armgcc/bin/../lib/gcc/arm-none-eabi/4.7.3/../../../../arm-none-eabi/lib/armv7e-m/fpu\libc_f.a(lib_a-freer.o)
                0x0800ad10                _malloc_trim_r
 .text._free_r  0x0800ada8      0x190 c:/program files (x86)/emblocks/2.30/share/em_armgcc/bin/../lib/gcc/arm-none-eabi/4.7.3/../../../../arm-none-eabi/lib/armv7e-m/fpu\libc_f.a(lib_a-freer.o)
                0x0800ada8                _free_r
 .text._lseek_r
                0x0800af38       0x28 c:/program files (x86)/emblocks/2.30/share/em_armgcc/bin/../lib/gcc/arm-none-eabi/4.7.3/../../../../arm-none-eabi/lib/armv7e-m/fpu\libc_f.a(lib_a-lseekr.o)
                0x0800af38                _lseek_r
 .text._putc_r  0x0800af60       0x60 c:/program files (x86)/emblocks/2.30/share/em_armgcc/bin/../lib/gcc/arm-none-eabi/4.7.3/../../../../arm-none-eabi/lib/armv7e-m/fpu\libc_f.a(lib_a-putc.o)
                0x0800af60                _putc_r
 .text._read_r  0x0800afc0       0x28 c:/program files (x86)/emblocks/2.30/share/em_armgcc/bin/../lib/gcc/arm-none-eabi/4.7.3/../../../../arm-none-eabi/lib/armv7e-m/fpu\libc_f.a(lib_a-readr.o)
                0x0800afc0                _read_r
 .text.__swbuf_r
                0x0800afe8       0xb0 c:/program files (x86)/emblocks/2.30/share/em_armgcc/bin/../lib/gcc/arm-none-eabi/4.7.3/../../../../arm-none-eabi/lib/armv7e-m/fpu\libc_f.a(lib_a-wbuf.o)
                0x0800afe8                __swbuf_r
 .text.__swsetup_r
                0x0800b098       0xdc c:/program files (x86)/emblocks/2.30/share/em_armgcc/bin/../lib/gcc/arm-none-eabi/4.7.3/../../../../arm-none-eabi/lib/armv7e-m/fpu\libc_f.a(lib_a-wsetup.o)
                0x0800b098                __swsetup_r
 .text.__register_exitproc
                0x0800b174       0xb0 c:/program files (x86)/emblocks/2.30/share/em_armgcc/bin/../lib/gcc/arm-none-eabi/4.7.3/../../../../arm-none-eabi/lib/armv7e-m/fpu\libc_f.a(lib_a-__atexit.o)
                0x0800b174                __register_exitproc
 .text.__smakebuf_r
                0x0800b224       0xf0 c:/program files (x86)/emblocks/2.30/share/em_armgcc/bin/../lib/gcc/arm-none-eabi/4.7.3/../../../../arm-none-eabi/lib/armv7e-m/fpu\libc_f.a(lib_a-makebuf.o)
                0x0800b224                __smakebuf_r
 .text._fstat_r
                0x0800b314       0x28 c:/program files (x86)/emblocks/2.30/share/em_armgcc/bin/../lib/gcc/arm-none-eabi/4.7.3/../../../../arm-none-eabi/lib/armv7e-m/fpu\libc_f.a(lib_a-fstatr.o)
                0x0800b314                _fstat_r
 .text._isatty_r
                0x0800b33c       0x24 c:/program files (x86)/emblocks/2.30/share/em_armgcc/bin/../lib/gcc/arm-none-eabi/4.7.3/../../../../arm-none-eabi/lib/armv7e-m/fpu\libc_f.a(lib_a-isattyr.o)
                0x0800b33c                _isatty_r
 .text._exit    0x0800b360        0x4 c:/program files (x86)/emblocks/2.30/share/em_armgcc/bin/../lib/gcc/arm-none-eabi/4.7.3/../../../../arm-none-eabi/lib/armv7e-m/fpu\libnosys_f.a(_exit.o)
                0x0800b360                _exit
 *(.init)
 .init          0x0800b364        0x4 c:/program files (x86)/emblocks/2.30/share/em_armgcc/bin/../lib/gcc/arm-none-eabi/4.7.3/armv7e-m/fpu/crti.o
                0x0800b364                _init
 .init          0x0800b368        0x8 c:/program files (x86)/emblocks/2.30/share/em_armgcc/bin/../lib/gcc/arm-none-eabi/4.7.3/armv7e-m/fpu/crtn.o
 *(.fini)
 .fini          0x0800b370        0x4 c:/program files (x86)/emblocks/2.30/share/em_armgcc/bin/../lib/gcc/arm-none-eabi/4.7.3/armv7e-m/fpu/crti.o
                0x0800b370                _fini
 .fini          0x0800b374        0x8 c:/program files (x86)/emblocks/2.30/share/em_armgcc/bin/../lib/gcc/arm-none-eabi/4.7.3/armv7e-m/fpu/crtn.o
 *crtbegin.o(.ctors)
 *crtbegin?.o(.ctors)
 *(EXCLUDE_FILE(*crtend.o *crtend?.o) .ctors)
 *(SORT(.ctors.*))
 *(.ctors)
 *crtbegin.o(.dtors)
 *crtbegin?.o(.dtors)
 *(EXCLUDE_FILE(*crtend.o *crtend?.o) .dtors)
 *(SORT(.dtors.*))
 *(.dtors)
 *(.rodata*)
 .rodata        0x0800b37c       0x14 obj\debug\robot\robot.o
 .rodata        0x0800b390       0x78 obj\debug\usb app\usbd_desc.o
 .rodata.str1.1
                0x0800b408        0x4 c:/program files (x86)/emblocks/2.30/share/em_armgcc/bin/../lib/gcc/arm-none-eabi/4.7.3/../../../../arm-none-eabi/lib/armv7e-m/fpu\librdimon.a(rdimon-syscalls.o)
 .rodata.str1.4
                0x0800b40c        0x4 c:/program files (x86)/emblocks/2.30/share/em_armgcc/bin/../lib/gcc/arm-none-eabi/4.7.3/../../../../arm-none-eabi/lib/armv7e-m/fpu\libc_f.a(lib_a-impure.o)
 .rodata._global_impure_ptr
                0x0800b410        0x4 c:/program files (x86)/emblocks/2.30/share/em_armgcc/bin/../lib/gcc/arm-none-eabi/4.7.3/../../../../arm-none-eabi/lib/armv7e-m/fpu\libc_f.a(lib_a-impure.o)
                0x0800b410                _global_impure_ptr
 *(.eh_frame*)
 .eh_frame      0x0800b414        0x0 c:/program files (x86)/emblocks/2.30/share/em_armgcc/bin/../lib/gcc/arm-none-eabi/4.7.3/armv7e-m/fpu/crtbegin.o
 .eh_frame      0x0800b414        0x4 c:/program files (x86)/emblocks/2.30/share/em_armgcc/bin/../lib/gcc/arm-none-eabi/4.7.3/armv7e-m/fpu/crtend.o

.glue_7         0x0800b418        0x0
 .glue_7        0x00000000        0x0 linker stubs

.glue_7t        0x0800b418        0x0
 .glue_7t       0x00000000        0x0 linker stubs

.vfp11_veneer   0x0800b418        0x0
 .vfp11_veneer  0x00000000        0x0 linker stubs

.v4_bx          0x0800b418        0x0
 .v4_bx         0x00000000        0x0 linker stubs

.iplt           0x0800b418        0x0
 .iplt          0x00000000        0x0 c:/program files (x86)/emblocks/2.30/share/em_armgcc/bin/../lib/gcc/arm-none-eabi/4.7.3/armv7e-m/fpu/crtbegin.o

.ARM.extab
 *(.ARM.extab* .gnu.linkonce.armextab.*)
                0x0800b418                __exidx_start = .

.ARM.exidx      0x0800b418        0x8
 *(.ARM.exidx* .gnu.linkonce.armexidx.*)
 .ARM.exidx     0x0800b418        0x8 c:/program files (x86)/emblocks/2.30/share/em_armgcc/bin/../lib/gcc/arm-none-eabi/4.7.3/../../../../arm-none-eabi/lib/armv7e-m/fpu/rdimon-crt0.o
                0x0800b420                __exidx_end = .
                0x0800b420                __etext = .

.rel.dyn        0x0800b420        0x0
 .rel.iplt      0x00000000        0x0 c:/program files (x86)/emblocks/2.30/share/em_armgcc/bin/../lib/gcc/arm-none-eabi/4.7.3/armv7e-m/fpu/crtbegin.o

.data           0x20000000      0xb50 load address 0x0800b420
                0x20000000                __data_start__ = .
 *(vtable)
 *(.data*)
 .data          0x20000000      0x110 c:/program files (x86)/emblocks/2.30/share/em_armgcc/bin/../lib/gcc/arm-none-eabi/4.7.3/../../../../arm-none-eabi/lib/armv7e-m/fpu/rdimon-crt0.o
                0x20000008                __stack_base__
 .data.telega   0x20000110       0x54 obj\debug\board\pid.o
                0x20000110                telega
 .data.V_left   0x20000164        0x4 obj\debug\board\interapt.o
                0x20000164                V_left
 .data.V_right  0x20000168        0x4 obj\debug\board\interapt.o
                0x20000168                V_right
 .data.counter  0x2000016c        0x4 obj\debug\board\interapt.o
                0x2000016c                counter
 .data.counter1
                0x20000170        0x4 obj\debug\board\interapt.o
                0x20000170                counter1
 .data.s        0x20000174        0x4 obj\debug\board\interapt.o
                0x20000174                s
 .data.sp       0x20000178        0x4 obj\debug\board\interapt.o
                0x20000178                sp
 .data.dmaData  0x2000017c       0x24 obj\debug\board\usart.o
                0x2000017c                dmaData
 .data.encData  0x200001a0       0x1c obj\debug\board\usart.o
                0x200001a0                encData
 .data.usbd_cdc_CfgDesc
                0x200001bc       0x44 obj\debug\library\cdc\src\usbd_cdc_core.o
                0x200001bc                usbd_cdc_CfgDesc
 .data.cdcCmd   0x20000200        0x4 obj\debug\library\cdc\src\usbd_cdc_core.o
 .data.USBD_CDC_cb
                0x20000204       0x2c obj\debug\library\cdc\src\usbd_cdc_core.o
                0x20000204                USBD_CDC_cb
 .data.USBD_DCD_INT_cb
                0x20000230       0x2c obj\debug\library\core\src\usbd_core.o
                0x20000230                USBD_DCD_INT_cb
 .data.USBD_DCD_INT_fops
                0x2000025c        0x4 obj\debug\library\core\src\usbd_core.o
                0x2000025c                USBD_DCD_INT_fops
 .data.inCommand
                0x20000260        0x8 obj\debug\robot\communication.o
                0x20000260                inCommand
 .data.receiveBufferEnd
                0x20000268        0x4 obj\debug\robot\dynamixel_control.o
                0x20000268                receiveBufferEnd
 .data.linecoding
                0x2000026c        0x8 obj\debug\usb app\usbd_cdc_vcp.o
                0x2000026c                linecoding
 .data.VCP_fops
                0x20000274       0x14 obj\debug\usb app\usbd_cdc_vcp.o
                0x20000274                VCP_fops
 .data.USR_desc
                0x20000288       0x1c obj\debug\usb app\usbd_desc.o
                0x20000288                USR_desc
 .data.USBD_DeviceDesc
                0x200002a4       0x14 obj\debug\usb app\usbd_desc.o
                0x200002a4                USBD_DeviceDesc
 .data.USBD_LangIDDesc
                0x200002b8        0x4 obj\debug\usb app\usbd_desc.o
                0x200002b8                USBD_LangIDDesc
 .data.USBD_StringSerial
                0x200002bc       0x1c obj\debug\usb app\usbd_desc.o
                0x200002bc                USBD_StringSerial
 .data.USR_cb   0x200002d8       0x1c obj\debug\usb app\usbd_usr.o
                0x200002d8                USR_cb
 .data.APBAHBPrescTable
                0x200002f4       0x10 obj\debug\spl\src\stm32f4xx_rcc.o
 *fill*         0x20000304        0x4 
 .data.impure_data
                0x20000308      0x428 c:/program files (x86)/emblocks/2.30/share/em_armgcc/bin/../lib/gcc/arm-none-eabi/4.7.3/../../../../arm-none-eabi/lib/armv7e-m/fpu\libc_f.a(lib_a-impure.o)
 .data._impure_ptr
                0x20000730        0x4 c:/program files (x86)/emblocks/2.30/share/em_armgcc/bin/../lib/gcc/arm-none-eabi/4.7.3/../../../../arm-none-eabi/lib/armv7e-m/fpu\libc_f.a(lib_a-impure.o)
                0x20000730                _impure_ptr
 .data.__malloc_av_
                0x20000734      0x408 c:/program files (x86)/emblocks/2.30/share/em_armgcc/bin/../lib/gcc/arm-none-eabi/4.7.3/../../../../arm-none-eabi/lib/armv7e-m/fpu\libc_f.a(lib_a-mallocr.o)
                0x20000734                __malloc_av_
 .data.__malloc_trim_threshold
                0x20000b3c        0x4 c:/program files (x86)/emblocks/2.30/share/em_armgcc/bin/../lib/gcc/arm-none-eabi/4.7.3/../../../../arm-none-eabi/lib/armv7e-m/fpu\libc_f.a(lib_a-mallocr.o)
                0x20000b3c                __malloc_trim_threshold
 .data.__malloc_sbrk_base
                0x20000b40        0x4 c:/program files (x86)/emblocks/2.30/share/em_armgcc/bin/../lib/gcc/arm-none-eabi/4.7.3/../../../../arm-none-eabi/lib/armv7e-m/fpu\libc_f.a(lib_a-mallocr.o)
                0x20000b40                __malloc_sbrk_base
                0x20000b44                . = ALIGN (0x4)
                0x20000b44                PROVIDE (__preinit_array_start, .)
 *(.preinit_array)
                0x20000b44                PROVIDE (__preinit_array_end, .)
                0x20000b44                . = ALIGN (0x4)
                0x20000b44                PROVIDE (__init_array_start, .)
 *(SORT(.init_array.*))
 .init_array.00000
                0x20000b44        0x4 c:/program files (x86)/emblocks/2.30/share/em_armgcc/bin/../lib/gcc/arm-none-eabi/4.7.3/../../../../arm-none-eabi/lib/armv7e-m/fpu\libc_f.a(lib_a-__call_atexit.o)
 *(.init_array)
 .init_array    0x20000b48        0x4 c:/program files (x86)/emblocks/2.30/share/em_armgcc/bin/../lib/gcc/arm-none-eabi/4.7.3/armv7e-m/fpu/crtbegin.o
                0x20000b4c                PROVIDE (__init_array_end, .)
                0x20000b4c                . = ALIGN (0x4)
                0x20000b4c                PROVIDE (__fini_array_start, .)
 *(SORT(.fini_array.*))
 *(.fini_array)
 .fini_array    0x20000b4c        0x4 c:/program files (x86)/emblocks/2.30/share/em_armgcc/bin/../lib/gcc/arm-none-eabi/4.7.3/armv7e-m/fpu/crtbegin.o
                0x20000b50                PROVIDE (__fini_array_end, .)
                0x20000b50                . = ALIGN (0x4)
                0x20000b50                __data_end__ = .

.jcr            0x20000b50        0x0 load address 0x0800bf70
 .jcr           0x20000b50        0x0 c:/program files (x86)/emblocks/2.30/share/em_armgcc/bin/../lib/gcc/arm-none-eabi/4.7.3/armv7e-m/fpu/crtbegin.o

.igot.plt       0x20000b50        0x0 load address 0x0800bf70
 .igot.plt      0x00000000        0x0 c:/program files (x86)/emblocks/2.30/share/em_armgcc/bin/../lib/gcc/arm-none-eabi/4.7.3/armv7e-m/fpu/crtbegin.o

.bss            0x20000b50     0x133c load address 0x0800bf70
                0x20000b50                __bss_start__ = .
 *(.bss*)
 .bss           0x20000b50       0x1c c:/program files (x86)/emblocks/2.30/share/em_armgcc/bin/../lib/gcc/arm-none-eabi/4.7.3/armv7e-m/fpu/crtbegin.o
 .bss.oldLeftEncoder
                0x20000b6c        0x2 obj\debug\board\encoders.o
 .bss.oldRightEncoder
                0x20000b6e        0x2 obj\debug\board\encoders.o
 .bss.leftEncoder
                0x20000b70        0x2 obj\debug\board\encoders.o
 .bss.rightEncoder
                0x20000b72        0x2 obj\debug\board\encoders.o
 .bss.usbd_cdc_AltSet
                0x20000b74        0x4 obj\debug\library\cdc\src\usbd_cdc_core.o
 .bss.APP_Rx_ptr_in
                0x20000b78        0x4 obj\debug\library\cdc\src\usbd_cdc_core.o
                0x20000b78                APP_Rx_ptr_in
 .bss.APP_Rx_ptr_out
                0x20000b7c        0x4 obj\debug\library\cdc\src\usbd_cdc_core.o
                0x20000b7c                APP_Rx_ptr_out
 .bss.APP_Rx_length
                0x20000b80        0x4 obj\debug\library\cdc\src\usbd_cdc_core.o
                0x20000b80                APP_Rx_length
 .bss.USB_Tx_State
                0x20000b84        0x1 obj\debug\library\cdc\src\usbd_cdc_core.o
                0x20000b84                USB_Tx_State
 *fill*         0x20000b85        0x3 
 .bss.cdcLen    0x20000b88        0x4 obj\debug\library\cdc\src\usbd_cdc_core.o
 .bss.FrameCount.8664
                0x20000b8c        0x4 obj\debug\library\cdc\src\usbd_cdc_core.o
 .bss.USBD_ep_status
                0x20000b90        0x4 obj\debug\library\core\src\usbd_req.o
                0x20000b90                USBD_ep_status
 .bss.USBD_default_cfg
                0x20000b94        0x4 obj\debug\library\core\src\usbd_req.o
                0x20000b94                USBD_default_cfg
 .bss.USBD_cfg_status
                0x20000b98        0x4 obj\debug\library\core\src\usbd_req.o
                0x20000b98                USBD_cfg_status
 .bss.cfgidx.8673
                0x20000b9c        0x1 obj\debug\library\core\src\usbd_req.o
 *fill*         0x20000b9d        0x3 
 .bss.contrr    0x20000ba0        0x4 obj\debug\robot\robot.o
                0x20000ba0                contrr
 .bss.robotCoord
                0x20000ba4        0xc obj\debug\robot\robot.o
                0x20000ba4                robotCoord
 .bss.robotSpeed
                0x20000bb0        0xc obj\debug\robot\robot.o
                0x20000bb0                robotSpeed
 .bss.taskrot   0x20000bbc        0x4 obj\debug\src\main.o
                0x20000bbc                taskrot
 .bss.taskmove  0x20000bc0        0x4 obj\debug\src\main.o
                0x20000bc0                taskmove
 .bss.monitor_stdout
                0x20000bc4        0x4 c:/program files (x86)/emblocks/2.30/share/em_armgcc/bin/../lib/gcc/arm-none-eabi/4.7.3/../../../../arm-none-eabi/lib/armv7e-m/fpu\librdimon.a(rdimon-syscalls.o)
 .bss.monitor_stdin
                0x20000bc8        0x4 c:/program files (x86)/emblocks/2.30/share/em_armgcc/bin/../lib/gcc/arm-none-eabi/4.7.3/../../../../arm-none-eabi/lib/armv7e-m/fpu\librdimon.a(rdimon-syscalls.o)
 .bss.monitor_stderr
                0x20000bcc        0x4 c:/program files (x86)/emblocks/2.30/share/em_armgcc/bin/../lib/gcc/arm-none-eabi/4.7.3/../../../../arm-none-eabi/lib/armv7e-m/fpu\librdimon.a(rdimon-syscalls.o)
 .bss.heap_end.5775
                0x20000bd0        0x4 c:/program files (x86)/emblocks/2.30/share/em_armgcc/bin/../lib/gcc/arm-none-eabi/4.7.3/../../../../arm-none-eabi/lib/armv7e-m/fpu\librdimon.a(rdimon-syscalls.o)
 .bss.openfiles
                0x20000bd4       0xa0 c:/program files (x86)/emblocks/2.30/share/em_armgcc/bin/../lib/gcc/arm-none-eabi/4.7.3/../../../../arm-none-eabi/lib/armv7e-m/fpu\librdimon.a(rdimon-syscalls.o)
 .bss.__malloc_max_total_mem
                0x20000c74        0x4 c:/program files (x86)/emblocks/2.30/share/em_armgcc/bin/../lib/gcc/arm-none-eabi/4.7.3/../../../../arm-none-eabi/lib/armv7e-m/fpu\libc_f.a(lib_a-mallocr.o)
                0x20000c74                __malloc_max_total_mem
 .bss.__malloc_max_sbrked_mem
                0x20000c78        0x4 c:/program files (x86)/emblocks/2.30/share/em_armgcc/bin/../lib/gcc/arm-none-eabi/4.7.3/../../../../arm-none-eabi/lib/armv7e-m/fpu\libc_f.a(lib_a-mallocr.o)
                0x20000c78                __malloc_max_sbrked_mem
 .bss.__malloc_top_pad
                0x20000c7c        0x4 c:/program files (x86)/emblocks/2.30/share/em_armgcc/bin/../lib/gcc/arm-none-eabi/4.7.3/../../../../arm-none-eabi/lib/armv7e-m/fpu\libc_f.a(lib_a-mallocr.o)
                0x20000c7c                __malloc_top_pad
 .bss.__malloc_current_mallinfo
                0x20000c80       0x28 c:/program files (x86)/emblocks/2.30/share/em_armgcc/bin/../lib/gcc/arm-none-eabi/4.7.3/../../../../arm-none-eabi/lib/armv7e-m/fpu\libc_f.a(lib_a-mallocr.o)
                0x20000c80                __malloc_current_mallinfo
 *(COMMON)
 COMMON         0x20000ca8        0x4 obj\debug\board\dma.o
                0x20000ca8                ADCConvertedValues
 COMMON         0x20000cac       0x90 obj\debug\board\pid.o
                0x20000cac                motorSpeed
                0x20000cb4                wheelsPidStruct
                0x20000d34                regulatorOut
 COMMON         0x20000d3c       0x1e obj\debug\board\encoders.o
                0x20000d3c                rotCount
                0x20000d40                fwdTotal
                0x20000d44                fwdCount
                0x20000d48                rotTotal
                0x20000d4c                leftCount
                0x20000d50                rightTotal
                0x20000d54                leftTotal
                0x20000d58                rightCount
 *fill*         0x20000d5a        0x2 
 COMMON         0x20000d5c      0x150 obj\debug\board\usart.o
                0x20000d5c                param
                0x20000d7a                dataIndex
                0x20000d7c                outData
                0x20000d9c                inData
                0x20000ddc                usart1Data
                0x20000de4                Buffer
 COMMON         0x20000eac      0x88c obj\debug\library\cdc\src\usbd_cdc_core.o
                0x20000eac                usbd_cdc_OtherCfgDesc
                0x20000ef0                USB_Rx_Buffer
                0x20000f30                CmdBuff
                0x20000f38                APP_Rx_Buffer
 COMMON         0x20001738        0x4 obj\debug\library\core\src\usbd_core.o
                0x20001738                SET_TEST_MODE
 COMMON         0x2000173c       0x40 obj\debug\robot\dynamixel_control.o
                0x2000173c                response
                0x2000175c                receiveBuffer
 COMMON         0x2000177c       0x10 obj\debug\usb app\usbd_cdc_vcp.o
                0x2000177c                USART_InitStructure
 COMMON         0x2000178c       0xff obj\debug\usb app\usbd_desc.o
                0x2000178c                USBD_StrDesc
 *fill*         0x2000188b        0x1 
 COMMON         0x2000188c      0x5fc obj\debug\src\main.o
                0x2000188c                mode
                0x20001890                multiplier
                0x20001894                USB_OTG_dev
 COMMON         0x20001e88        0x4 c:/program files (x86)/emblocks/2.30/share/em_armgcc/bin/../lib/gcc/arm-none-eabi/4.7.3/../../../../arm-none-eabi/lib/armv7e-m/fpu\libc_f.a(lib_a-reent.o)
                0x20001e88                errno
                0x20001e8c                __bss_end__ = .

.heap           0x20001e90        0x0
                0x20001e90                __end__ = .
                0x20001e90                end = __end__
 *(.heap*)
 .heap          0x20001e90        0x0 obj\debug\src\startup_stm32f4xx.o
                0x20001e90                __HeapLimit = .

.stack_dummy    0x20001e90      0x100
 *(.stack)
 .stack         0x20001e90      0x100 obj\debug\src\startup_stm32f4xx.o
                0x20020000                __StackTop = (ORIGIN (RAM) + 0x20000)
                0x2001ff00                __StackLimit = (__StackTop - SIZEOF (.stack_dummy))
                0x20020000                PROVIDE (__stack, __StackTop)
                0x00000001                ASSERT ((__StackLimit >= __HeapLimit), region RAM overflowed with stack)
LOAD obj\debug\board\adc.o
LOAD obj\debug\board\board.o
LOAD obj\debug\board\dma.o
LOAD obj\debug\board\interrupts.o
LOAD obj\debug\board\pid.o
LOAD obj\debug\board\encoders.o
LOAD obj\debug\board\hall.o
LOAD obj\debug\board\interapt.o
LOAD obj\debug\board\kinematics.o
LOAD obj\debug\board\tim.o
LOAD obj\debug\board\usart.o
LOAD obj\debug\library\cdc\src\usbd_cdc_core.o
LOAD obj\debug\library\core\src\usb_core.o
LOAD obj\debug\library\core\src\usb_dcd.o
LOAD obj\debug\library\core\src\usb_dcd_int.o
LOAD obj\debug\library\core\src\usbd_core.o
LOAD obj\debug\library\core\src\usbd_ioreq.o
LOAD obj\debug\library\core\src\usbd_req.o
LOAD obj\debug\robot\communication.o
LOAD obj\debug\robot\dynamixel_control.o
LOAD obj\debug\robot\kinematics.o
LOAD obj\debug\robot\manipulators.o
LOAD obj\debug\robot\path.o
LOAD obj\debug\robot\regulator.o
LOAD obj\debug\robot\matrix.o
LOAD obj\debug\robot\robot.o
LOAD obj\debug\usb app\stm32fxxx_it.o
LOAD obj\debug\usb app\usb_bsp.o
LOAD obj\debug\usb app\usbd_cdc_vcp.o
LOAD obj\debug\usb app\usbd_desc.o
LOAD obj\debug\usb app\usbd_usr.o
LOAD obj\debug\spl\src\misc.o
LOAD obj\debug\spl\src\stm32f4xx_adc.o
LOAD obj\debug\spl\src\stm32f4xx_can.o
LOAD obj\debug\spl\src\stm32f4xx_cec.o
LOAD obj\debug\spl\src\stm32f4xx_crc.o
LOAD obj\debug\spl\src\stm32f4xx_cryp.o
LOAD obj\debug\spl\src\stm32f4xx_cryp_aes.o
LOAD obj\debug\spl\src\stm32f4xx_cryp_des.o
LOAD obj\debug\spl\src\stm32f4xx_cryp_tdes.o
LOAD obj\debug\spl\src\stm32f4xx_dac.o
LOAD obj\debug\spl\src\stm32f4xx_dbgmcu.o
LOAD obj\debug\spl\src\stm32f4xx_dcmi.o
LOAD obj\debug\spl\src\stm32f4xx_dma.o
LOAD obj\debug\spl\src\stm32f4xx_dma2d.o
LOAD obj\debug\spl\src\stm32f4xx_dsi.o
LOAD obj\debug\spl\src\stm32f4xx_exti.o
LOAD obj\debug\spl\src\stm32f4xx_gpio.o
LOAD obj\debug\spl\src\stm32f4xx_hash.o
LOAD obj\debug\spl\src\stm32f4xx_hash_md5.o
LOAD obj\debug\spl\src\stm32f4xx_hash_sha1.o
LOAD obj\debug\spl\src\stm32f4xx_i2c.o
LOAD obj\debug\spl\src\stm32f4xx_iwdg.o
LOAD obj\debug\spl\src\stm32f4xx_lptim.o
LOAD obj\debug\spl\src\stm32f4xx_ltdc.o
LOAD obj\debug\spl\src\stm32f4xx_pwr.o
LOAD obj\debug\spl\src\stm32f4xx_qspi.o
LOAD obj\debug\spl\src\stm32f4xx_rcc.o
LOAD obj\debug\spl\src\stm32f4xx_rng.o
LOAD obj\debug\spl\src\stm32f4xx_rtc.o
LOAD obj\debug\spl\src\stm32f4xx_sai.o
LOAD obj\debug\spl\src\stm32f4xx_sdio.o
LOAD obj\debug\spl\src\stm32f4xx_spdifrx.o
LOAD obj\debug\spl\src\stm32f4xx_spi.o
LOAD obj\debug\spl\src\stm32f4xx_syscfg.o
LOAD obj\debug\spl\src\stm32f4xx_tim.o
LOAD obj\debug\spl\src\stm32f4xx_usart.o
LOAD obj\debug\spl\src\stm32f4xx_wwdg.o
LOAD obj\debug\src\main.o
LOAD obj\debug\src\startup_stm32f4xx.o
LOAD obj\debug\src\system_stm32f4xx.o
LOAD c:/program files (x86)/emblocks/2.30/share/em_armgcc/bin/../lib/gcc/arm-none-eabi/4.7.3/../../../../arm-none-eabi/lib/armv7e-m/fpu\librdimon.a
START GROUP
LOAD c:/program files (x86)/emblocks/2.30/share/em_armgcc/bin/../lib/gcc/arm-none-eabi/4.7.3/armv7e-m/fpu\libgcc.a
LOAD c:/program files (x86)/emblocks/2.30/share/em_armgcc/bin/../lib/gcc/arm-none-eabi/4.7.3/../../../../arm-none-eabi/lib/armv7e-m/fpu\libc_f.a
LOAD c:/program files (x86)/emblocks/2.30/share/em_armgcc/bin/../lib/gcc/arm-none-eabi/4.7.3/../../../../arm-none-eabi/lib/armv7e-m/fpu\libg_f.a
LOAD c:/program files (x86)/emblocks/2.30/share/em_armgcc/bin/../lib/gcc/arm-none-eabi/4.7.3/../../../../arm-none-eabi/lib/armv7e-m/fpu\libm_f.a
LOAD c:/program files (x86)/emblocks/2.30/share/em_armgcc/bin/../lib/gcc/arm-none-eabi/4.7.3/../../../../arm-none-eabi/lib/armv7e-m/fpu\libnosys_f.a
END GROUP
LOAD c:/program files (x86)/emblocks/2.30/share/em_armgcc/bin/../lib/gcc/arm-none-eabi/4.7.3/armv7e-m/fpu/crtend.o
LOAD c:/program files (x86)/emblocks/2.30/share/em_armgcc/bin/../lib/gcc/arm-none-eabi/4.7.3/armv7e-m/fpu/crtn.o
OUTPUT(bin\Debug\Robot V2.elf elf32-littlearm)

.ARM.attributes
                0x00000000       0x30
 .ARM.attributes
                0x00000000       0x22 c:/program files (x86)/emblocks/2.30/share/em_armgcc/bin/../lib/gcc/arm-none-eabi/4.7.3/armv7e-m/fpu/crti.o
 .ARM.attributes
                0x00000022       0x34 c:/program files (x86)/emblocks/2.30/share/em_armgcc/bin/../lib/gcc/arm-none-eabi/4.7.3/armv7e-m/fpu/crtbegin.o
 .ARM.attributes
                0x00000056       0x20 c:/program files (x86)/emblocks/2.30/share/em_armgcc/bin/../lib/gcc/arm-none-eabi/4.7.3/../../../../arm-none-eabi/lib/armv7e-m/fpu/rdimon-crt0.o
 .ARM.attributes
                0x00000076       0x39 obj\debug\board\adc.o
 .ARM.attributes
                0x000000af       0x39 obj\debug\board\dma.o
 .ARM.attributes
                0x000000e8       0x39 obj\debug\board\pid.o
 .ARM.attributes
                0x00000121       0x39 obj\debug\board\encoders.o
 .ARM.attributes
                0x0000015a       0x39 obj\debug\board\hall.o
 .ARM.attributes
                0x00000193       0x39 obj\debug\board\interapt.o
 .ARM.attributes
                0x000001cc       0x39 obj\debug\board\tim.o
 .ARM.attributes
                0x00000205       0x39 obj\debug\board\usart.o
 .ARM.attributes
                0x0000023e       0x39 obj\debug\library\cdc\src\usbd_cdc_core.o
 .ARM.attributes
                0x00000277       0x39 obj\debug\library\core\src\usb_core.o
 .ARM.attributes
                0x000002b0       0x39 obj\debug\library\core\src\usb_dcd.o
 .ARM.attributes
                0x000002e9       0x39 obj\debug\library\core\src\usb_dcd_int.o
 .ARM.attributes
                0x00000322       0x39 obj\debug\library\core\src\usbd_core.o
 .ARM.attributes
                0x0000035b       0x39 obj\debug\library\core\src\usbd_ioreq.o
 .ARM.attributes
                0x00000394       0x39 obj\debug\library\core\src\usbd_req.o
 .ARM.attributes
                0x000003cd       0x39 obj\debug\robot\communication.o
 .ARM.attributes
                0x00000406       0x39 obj\debug\robot\dynamixel_control.o
 .ARM.attributes
                0x0000043f       0x39 obj\debug\robot\robot.o
 .ARM.attributes
                0x00000478       0x39 obj\debug\usb app\stm32fxxx_it.o
 .ARM.attributes
                0x000004b1       0x39 obj\debug\usb app\usb_bsp.o
 .ARM.attributes
                0x000004ea       0x39 obj\debug\usb app\usbd_cdc_vcp.o
 .ARM.attributes
                0x00000523       0x39 obj\debug\usb app\usbd_desc.o
 .ARM.attributes
                0x0000055c       0x39 obj\debug\usb app\usbd_usr.o
 .ARM.attributes
                0x00000595       0x39 obj\debug\spl\src\misc.o
 .ARM.attributes
                0x000005ce       0x39 obj\debug\spl\src\stm32f4xx_adc.o
 .ARM.attributes
                0x00000607       0x39 obj\debug\spl\src\stm32f4xx_dma.o
 .ARM.attributes
                0x00000640       0x39 obj\debug\spl\src\stm32f4xx_gpio.o
 .ARM.attributes
                0x00000679       0x39 obj\debug\spl\src\stm32f4xx_rcc.o
 .ARM.attributes
                0x000006b2       0x39 obj\debug\spl\src\stm32f4xx_tim.o
 .ARM.attributes
                0x000006eb       0x39 obj\debug\spl\src\stm32f4xx_usart.o
 .ARM.attributes
                0x00000724       0x39 obj\debug\src\main.o
 .ARM.attributes
                0x0000075d       0x1f obj\debug\src\startup_stm32f4xx.o
 .ARM.attributes
                0x0000077c       0x39 obj\debug\src\system_stm32f4xx.o
 .ARM.attributes
                0x000007b5       0x34 c:/program files (x86)/emblocks/2.30/share/em_armgcc/bin/../lib/gcc/arm-none-eabi/4.7.3/../../../../arm-none-eabi/lib/armv7e-m/fpu\librdimon.a(rdimon-syscalls.o)
 .ARM.attributes
                0x000007e9       0x22 c:/program files (x86)/emblocks/2.30/share/em_armgcc/bin/../lib/gcc/arm-none-eabi/4.7.3/armv7e-m/fpu\libgcc.a(_arm_addsubdf3.o)
 .ARM.attributes
                0x0000080b       0x22 c:/program files (x86)/emblocks/2.30/share/em_armgcc/bin/../lib/gcc/arm-none-eabi/4.7.3/armv7e-m/fpu\libgcc.a(_arm_muldivdf3.o)
 .ARM.attributes
                0x0000082d       0x22 c:/program files (x86)/emblocks/2.30/share/em_armgcc/bin/../lib/gcc/arm-none-eabi/4.7.3/armv7e-m/fpu\libgcc.a(_arm_cmpdf2.o)
 .ARM.attributes
                0x0000084f       0x22 c:/program files (x86)/emblocks/2.30/share/em_armgcc/bin/../lib/gcc/arm-none-eabi/4.7.3/armv7e-m/fpu\libgcc.a(_arm_truncdfsf2.o)
 .ARM.attributes
                0x00000871       0x30 c:/program files (x86)/emblocks/2.30/share/em_armgcc/bin/../lib/gcc/arm-none-eabi/4.7.3/../../../../arm-none-eabi/lib/armv7e-m/fpu\libc_f.a(lib_a-errno.o)
 .ARM.attributes
                0x000008a1       0x30 c:/program files (x86)/emblocks/2.30/share/em_armgcc/bin/../lib/gcc/arm-none-eabi/4.7.3/../../../../arm-none-eabi/lib/armv7e-m/fpu\libc_f.a(lib_a-exit.o)
 .ARM.attributes
                0x000008d1       0x30 c:/program files (x86)/emblocks/2.30/share/em_armgcc/bin/../lib/gcc/arm-none-eabi/4.7.3/../../../../arm-none-eabi/lib/armv7e-m/fpu\libc_f.a(lib_a-findfp.o)
 .ARM.attributes
                0x00000901       0x30 c:/program files (x86)/emblocks/2.30/share/em_armgcc/bin/../lib/gcc/arm-none-eabi/4.7.3/../../../../arm-none-eabi/lib/armv7e-m/fpu\libc_f.a(lib_a-fwalk.o)
 .ARM.attributes
                0x00000931       0x30 c:/program files (x86)/emblocks/2.30/share/em_armgcc/bin/../lib/gcc/arm-none-eabi/4.7.3/../../../../arm-none-eabi/lib/armv7e-m/fpu\libc_f.a(lib_a-impure.o)
 .ARM.attributes
                0x00000961       0x30 c:/program files (x86)/emblocks/2.30/share/em_armgcc/bin/../lib/gcc/arm-none-eabi/4.7.3/../../../../arm-none-eabi/lib/armv7e-m/fpu\libc_f.a(lib_a-init.o)
 .ARM.attributes
                0x00000991       0x30 c:/program files (x86)/emblocks/2.30/share/em_armgcc/bin/../lib/gcc/arm-none-eabi/4.7.3/../../../../arm-none-eabi/lib/armv7e-m/fpu\libc_f.a(lib_a-mallocr.o)
 .ARM.attributes
                0x000009c1       0x20 c:/program files (x86)/emblocks/2.30/share/em_armgcc/bin/../lib/gcc/arm-none-eabi/4.7.3/../../../../arm-none-eabi/lib/armv7e-m/fpu\libc_f.a(lib_a-memcpy.o)
 .ARM.attributes
                0x000009e1       0x30 c:/program files (x86)/emblocks/2.30/share/em_armgcc/bin/../lib/gcc/arm-none-eabi/4.7.3/../../../../arm-none-eabi/lib/armv7e-m/fpu\libc_f.a(lib_a-memset.o)
 .ARM.attributes
                0x00000a11       0x30 c:/program files (x86)/emblocks/2.30/share/em_armgcc/bin/../lib/gcc/arm-none-eabi/4.7.3/../../../../arm-none-eabi/lib/armv7e-m/fpu\libc_f.a(lib_a-mlock.o)
 .ARM.attributes
                0x00000a41       0x30 c:/program files (x86)/emblocks/2.30/share/em_armgcc/bin/../lib/gcc/arm-none-eabi/4.7.3/../../../../arm-none-eabi/lib/armv7e-m/fpu\libc_f.a(lib_a-putchar.o)
 .ARM.attributes
                0x00000a71       0x30 c:/program files (x86)/emblocks/2.30/share/em_armgcc/bin/../lib/gcc/arm-none-eabi/4.7.3/../../../../arm-none-eabi/lib/armv7e-m/fpu\libc_f.a(lib_a-sbrkr.o)
 .ARM.attributes
                0x00000aa1       0x30 c:/program files (x86)/emblocks/2.30/share/em_armgcc/bin/../lib/gcc/arm-none-eabi/4.7.3/../../../../arm-none-eabi/lib/armv7e-m/fpu\libc_f.a(lib_a-stdio.o)
 .ARM.attributes
                0x00000ad1       0x30 c:/program files (x86)/emblocks/2.30/share/em_armgcc/bin/../lib/gcc/arm-none-eabi/4.7.3/../../../../arm-none-eabi/lib/armv7e-m/fpu\libc_f.a(lib_a-strlen.o)
 .ARM.attributes
                0x00000b01       0x30 c:/program files (x86)/emblocks/2.30/share/em_armgcc/bin/../lib/gcc/arm-none-eabi/4.7.3/../../../../arm-none-eabi/lib/armv7e-m/fpu\libc_f.a(lib_a-writer.o)
 .ARM.attributes
                0x00000b31       0x30 c:/program files (x86)/emblocks/2.30/share/em_armgcc/bin/../lib/gcc/arm-none-eabi/4.7.3/../../../../arm-none-eabi/lib/armv7e-m/fpu\libc_f.a(lib_a-__call_atexit.o)
 .ARM.attributes
                0x00000b61       0x30 c:/program files (x86)/emblocks/2.30/share/em_armgcc/bin/../lib/gcc/arm-none-eabi/4.7.3/../../../../arm-none-eabi/lib/armv7e-m/fpu\libc_f.a(lib_a-atexit.o)
 .ARM.attributes
                0x00000b91       0x30 c:/program files (x86)/emblocks/2.30/share/em_armgcc/bin/../lib/gcc/arm-none-eabi/4.7.3/../../../../arm-none-eabi/lib/armv7e-m/fpu\libc_f.a(lib_a-closer.o)
 .ARM.attributes
                0x00000bc1       0x30 c:/program files (x86)/emblocks/2.30/share/em_armgcc/bin/../lib/gcc/arm-none-eabi/4.7.3/../../../../arm-none-eabi/lib/armv7e-m/fpu\libc_f.a(lib_a-fclose.o)
 .ARM.attributes
                0x00000bf1       0x30 c:/program files (x86)/emblocks/2.30/share/em_armgcc/bin/../lib/gcc/arm-none-eabi/4.7.3/../../../../arm-none-eabi/lib/armv7e-m/fpu\libc_f.a(lib_a-fflush.o)
 .ARM.attributes
                0x00000c21       0x30 c:/program files (x86)/emblocks/2.30/share/em_armgcc/bin/../lib/gcc/arm-none-eabi/4.7.3/../../../../arm-none-eabi/lib/armv7e-m/fpu\libc_f.a(lib_a-fini.o)
 .ARM.attributes
                0x00000c51       0x30 c:/program files (x86)/emblocks/2.30/share/em_armgcc/bin/../lib/gcc/arm-none-eabi/4.7.3/../../../../arm-none-eabi/lib/armv7e-m/fpu\libc_f.a(lib_a-freer.o)
 .ARM.attributes
                0x00000c81       0x30 c:/program files (x86)/emblocks/2.30/share/em_armgcc/bin/../lib/gcc/arm-none-eabi/4.7.3/../../../../arm-none-eabi/lib/armv7e-m/fpu\libc_f.a(lib_a-lseekr.o)
 .ARM.attributes
                0x00000cb1       0x30 c:/program files (x86)/emblocks/2.30/share/em_armgcc/bin/../lib/gcc/arm-none-eabi/4.7.3/../../../../arm-none-eabi/lib/armv7e-m/fpu\libc_f.a(lib_a-putc.o)
 .ARM.attributes
                0x00000ce1       0x30 c:/program files (x86)/emblocks/2.30/share/em_armgcc/bin/../lib/gcc/arm-none-eabi/4.7.3/../../../../arm-none-eabi/lib/armv7e-m/fpu\libc_f.a(lib_a-readr.o)
 .ARM.attributes
                0x00000d11       0x30 c:/program files (x86)/emblocks/2.30/share/em_armgcc/bin/../lib/gcc/arm-none-eabi/4.7.3/../../../../arm-none-eabi/lib/armv7e-m/fpu\libc_f.a(lib_a-reent.o)
 .ARM.attributes
                0x00000d41       0x30 c:/program files (x86)/emblocks/2.30/share/em_armgcc/bin/../lib/gcc/arm-none-eabi/4.7.3/../../../../arm-none-eabi/lib/armv7e-m/fpu\libc_f.a(lib_a-wbuf.o)
 .ARM.attributes
                0x00000d71       0x30 c:/program files (x86)/emblocks/2.30/share/em_armgcc/bin/../lib/gcc/arm-none-eabi/4.7.3/../../../../arm-none-eabi/lib/armv7e-m/fpu\libc_f.a(lib_a-wsetup.o)
 .ARM.attributes
                0x00000da1       0x30 c:/program files (x86)/emblocks/2.30/share/em_armgcc/bin/../lib/gcc/arm-none-eabi/4.7.3/../../../../arm-none-eabi/lib/armv7e-m/fpu\libc_f.a(lib_a-__atexit.o)
 .ARM.attributes
                0x00000dd1       0x30 c:/program files (x86)/emblocks/2.30/share/em_armgcc/bin/../lib/gcc/arm-none-eabi/4.7.3/../../../../arm-none-eabi/lib/armv7e-m/fpu\libc_f.a(lib_a-makebuf.o)
 .ARM.attributes
                0x00000e01       0x30 c:/program files (x86)/emblocks/2.30/share/em_armgcc/bin/../lib/gcc/arm-none-eabi/4.7.3/../../../../arm-none-eabi/lib/armv7e-m/fpu\libc_f.a(lib_a-fstatr.o)
 .ARM.attributes
                0x00000e31       0x30 c:/program files (x86)/emblocks/2.30/share/em_armgcc/bin/../lib/gcc/arm-none-eabi/4.7.3/../../../../arm-none-eabi/lib/armv7e-m/fpu\libc_f.a(lib_a-isattyr.o)
 .ARM.attributes
                0x00000e61       0x30 c:/program files (x86)/emblocks/2.30/share/em_armgcc/bin/../lib/gcc/arm-none-eabi/4.7.3/../../../../arm-none-eabi/lib/armv7e-m/fpu\libnosys_f.a(_exit.o)
 .ARM.attributes
                0x00000e91       0x34 c:/program files (x86)/emblocks/2.30/share/em_armgcc/bin/../lib/gcc/arm-none-eabi/4.7.3/armv7e-m/fpu/crtend.o
 .ARM.attributes
                0x00000ec5       0x22 c:/program files (x86)/emblocks/2.30/share/em_armgcc/bin/../lib/gcc/arm-none-eabi/4.7.3/armv7e-m/fpu/crtn.o

.comment        0x00000000       0x38
 .comment       0x00000000       0x38 obj\debug\board\adc.o
                                 0x39 (size before relaxing)
 .comment       0x00000000       0x39 obj\debug\board\dma.o
 .comment       0x00000000       0x39 obj\debug\board\pid.o
 .comment       0x00000000       0x39 obj\debug\board\encoders.o
 .comment       0x00000000       0x39 obj\debug\board\hall.o
 .comment       0x00000000       0x39 obj\debug\board\interapt.o
 .comment       0x00000000       0x39 obj\debug\board\tim.o
 .comment       0x00000000       0x39 obj\debug\board\usart.o
 .comment       0x00000000       0x39 obj\debug\library\cdc\src\usbd_cdc_core.o
 .comment       0x00000000       0x39 obj\debug\library\core\src\usb_core.o
 .comment       0x00000000       0x39 obj\debug\library\core\src\usb_dcd.o
 .comment       0x00000000       0x39 obj\debug\library\core\src\usb_dcd_int.o
 .comment       0x00000000       0x39 obj\debug\library\core\src\usbd_core.o
 .comment       0x00000000       0x39 obj\debug\library\core\src\usbd_ioreq.o
 .comment       0x00000000       0x39 obj\debug\library\core\src\usbd_req.o
 .comment       0x00000000       0x39 obj\debug\robot\communication.o
 .comment       0x00000000       0x39 obj\debug\robot\dynamixel_control.o
 .comment       0x00000000       0x39 obj\debug\robot\robot.o
 .comment       0x00000000       0x39 obj\debug\usb app\stm32fxxx_it.o
 .comment       0x00000000       0x39 obj\debug\usb app\usb_bsp.o
 .comment       0x00000000       0x39 obj\debug\usb app\usbd_cdc_vcp.o
 .comment       0x00000000       0x39 obj\debug\usb app\usbd_desc.o
 .comment       0x00000000       0x39 obj\debug\usb app\usbd_usr.o
 .comment       0x00000000       0x39 obj\debug\spl\src\misc.o
 .comment       0x00000000       0x39 obj\debug\spl\src\stm32f4xx_adc.o
 .comment       0x00000000       0x39 obj\debug\spl\src\stm32f4xx_dma.o
 .comment       0x00000000       0x39 obj\debug\spl\src\stm32f4xx_gpio.o
 .comment       0x00000000       0x39 obj\debug\spl\src\stm32f4xx_rcc.o
 .comment       0x00000000       0x39 obj\debug\spl\src\stm32f4xx_tim.o
 .comment       0x00000000       0x39 obj\debug\spl\src\stm32f4xx_usart.o
 .comment       0x00000000       0x39 obj\debug\src\main.o
 .comment       0x00000000       0x39 obj\debug\src\system_stm32f4xx.o

.debug_info     0x00000000    0x196f1
 .debug_info    0x00000000      0x367 obj\debug\board\adc.o
 .debug_info    0x00000367      0x3fb obj\debug\board\dma.o
 .debug_info    0x00000762      0x3b3 obj\debug\board\pid.o
 .debug_info    0x00000b15      0x758 obj\debug\board\encoders.o
 .debug_info    0x0000126d      0x889 obj\debug\board\hall.o
 .debug_info    0x00001af6      0x985 obj\debug\board\interapt.o
 .debug_info    0x0000247b      0x6ba obj\debug\board\tim.o
 .debug_info    0x00002b35      0xf60 obj\debug\board\usart.o
 .debug_info    0x00003a95     0x1077 obj\debug\library\cdc\src\usbd_cdc_core.o
 .debug_info    0x00004b0c     0x27a9 obj\debug\library\core\src\usb_core.o
 .debug_info    0x000072b5     0x11df obj\debug\library\core\src\usb_dcd.o
 .debug_info    0x00008494     0x224f obj\debug\library\core\src\usb_dcd_int.o
 .debug_info    0x0000a6e3     0x11e8 obj\debug\library\core\src\usbd_core.o
 .debug_info    0x0000b8cb      0xe37 obj\debug\library\core\src\usbd_ioreq.o
 .debug_info    0x0000c702     0x1150 obj\debug\library\core\src\usbd_req.o
 .debug_info    0x0000d852      0x345 obj\debug\robot\communication.o
 .debug_info    0x0000db97     0x105c obj\debug\robot\dynamixel_control.o
 .debug_info    0x0000ebf3      0x981 obj\debug\robot\robot.o
 .debug_info    0x0000f574      0xce7 obj\debug\usb app\stm32fxxx_it.o
 .debug_info    0x0001025b     0x1142 obj\debug\usb app\usb_bsp.o
 .debug_info    0x0001139d      0x437 obj\debug\usb app\usbd_cdc_vcp.o
 .debug_info    0x000117d4      0x488 obj\debug\usb app\usbd_desc.o
 .debug_info    0x00011c5c      0x20d obj\debug\usb app\usbd_usr.o
 .debug_info    0x00011e69      0x5bb obj\debug\spl\src\misc.o
 .debug_info    0x00012424      0xd48 obj\debug\spl\src\stm32f4xx_adc.o
 .debug_info    0x0001316c      0x7d8 obj\debug\spl\src\stm32f4xx_dma.o
 .debug_info    0x00013944      0x677 obj\debug\spl\src\stm32f4xx_gpio.o
 .debug_info    0x00013fbb      0xfab obj\debug\spl\src\stm32f4xx_rcc.o
 .debug_info    0x00014f66     0x1eb1 obj\debug\spl\src\stm32f4xx_tim.o
 .debug_info    0x00016e17      0xa99 obj\debug\spl\src\stm32f4xx_usart.o
 .debug_info    0x000178b0     0x1750 obj\debug\src\main.o
 .debug_info    0x00019000       0x79 obj\debug\src\startup_stm32f4xx.o
 .debug_info    0x00019079      0x678 obj\debug\src\system_stm32f4xx.o

.debug_abbrev   0x00000000     0x3501
 .debug_abbrev  0x00000000       0xe7 obj\debug\board\adc.o
 .debug_abbrev  0x000000e7      0x10a obj\debug\board\dma.o
 .debug_abbrev  0x000001f1      0x10c obj\debug\board\pid.o
 .debug_abbrev  0x000002fd      0x17f obj\debug\board\encoders.o
 .debug_abbrev  0x0000047c      0x115 obj\debug\board\hall.o
 .debug_abbrev  0x00000591      0x1ad obj\debug\board\interapt.o
 .debug_abbrev  0x0000073e       0xf6 obj\debug\board\tim.o
 .debug_abbrev  0x00000834      0x253 obj\debug\board\usart.o
 .debug_abbrev  0x00000a87      0x1e2 obj\debug\library\cdc\src\usbd_cdc_core.o
 .debug_abbrev  0x00000c69      0x2c1 obj\debug\library\core\src\usb_core.o
 .debug_abbrev  0x00000f2a      0x233 obj\debug\library\core\src\usb_dcd.o
 .debug_abbrev  0x0000115d      0x242 obj\debug\library\core\src\usb_dcd_int.o